Archive member included to satisfy reference by file (symbol)

app/libapp.a(main.c.obj)      (--whole-archive)
zephyr/libzephyr.a(heap.c.obj)
                              (--whole-archive)
zephyr/libzephyr.a(cbprintf_packaged.c.obj)
                              (--whole-archive)
zephyr/libzephyr.a(printk.c.obj)
                              (--whole-archive)
zephyr/libzephyr.a(sem.c.obj)
                              (--whole-archive)
zephyr/libzephyr.a(thread_entry.c.obj)
                              (--whole-archive)
zephyr/libzephyr.a(cbprintf_complete.c.obj)
                              (--whole-archive)
zephyr/libzephyr.a(assert.c.obj)
                              (--whole-archive)
zephyr/libzephyr.a(dec.c.obj)
                              (--whole-archive)
zephyr/libzephyr.a(hex.c.obj)
                              (--whole-archive)
zephyr/libzephyr.a(rb.c.obj)  (--whole-archive)
zephyr/libzephyr.a(timeutil.c.obj)
                              (--whole-archive)
zephyr/libzephyr.a(bitarray.c.obj)
                              (--whole-archive)
zephyr/libzephyr.a(onoff.c.obj)
                              (--whole-archive)
zephyr/libzephyr.a(notify.c.obj)
                              (--whole-archive)
zephyr/libzephyr.a(configs.c.obj)
                              (--whole-archive)
zephyr/libzephyr.a(mem_attr.c.obj)
                              (--whole-archive)
zephyr/libzephyr.a(tracing_none.c.obj)
                              (--whole-archive)
zephyr/libzephyr.a(banner.c.obj)
                              (--whole-archive)
zephyr/libzephyr.a(flash_map_partition_manager.c.obj)
                              (--whole-archive)
zephyr/libzephyr.a(hts221_reg.c.obj)
                              (--whole-archive)
zephyr/libzephyr.a(lsm9ds1_reg.c.obj)
                              (--whole-archive)
zephyr/libzephyr.a(nrf_cc3xx_platform_abort_zephyr.c.obj)
                              (--whole-archive)
zephyr/libzephyr.a(nrf_cc3xx_platform_mutex_zephyr.c.obj)
                              (--whole-archive)
zephyr/arch/common/libarch__common.a(sw_isr_common.c.obj)
                              (--whole-archive)
zephyr/arch/arch/arm/core/libarch__arm__core.a(fatal.c.obj)
                              (--whole-archive)
zephyr/arch/arch/arm/core/libarch__arm__core.a(nmi.c.obj)
                              (--whole-archive)
zephyr/arch/arch/arm/core/libarch__arm__core.a(nmi_on_reset.S.obj)
                              (--whole-archive)
zephyr/arch/arch/arm/core/libarch__arm__core.a(tls.c.obj)
                              (--whole-archive)
zephyr/arch/arch/arm/core/cortex_m/libarch__arm__core__cortex_m.a(exc_exit.c.obj)
                              (--whole-archive)
zephyr/arch/arch/arm/core/cortex_m/libarch__arm__core__cortex_m.a(fault.c.obj)
                              (--whole-archive)
zephyr/arch/arch/arm/core/cortex_m/libarch__arm__core__cortex_m.a(fault_s.S.obj)
                              (--whole-archive)
zephyr/arch/arch/arm/core/cortex_m/libarch__arm__core__cortex_m.a(fpu.c.obj)
                              (--whole-archive)
zephyr/arch/arch/arm/core/cortex_m/libarch__arm__core__cortex_m.a(reset.S.obj)
                              (--whole-archive)
zephyr/arch/arch/arm/core/cortex_m/libarch__arm__core__cortex_m.a(scb.c.obj)
                              (--whole-archive)
zephyr/arch/arch/arm/core/cortex_m/libarch__arm__core__cortex_m.a(thread_abort.c.obj)
                              (--whole-archive)
zephyr/arch/arch/arm/core/cortex_m/libarch__arm__core__cortex_m.a(vector_table.S.obj)
                              (--whole-archive)
zephyr/arch/arch/arm/core/cortex_m/libarch__arm__core__cortex_m.a(swap.c.obj)
                              (--whole-archive)
zephyr/arch/arch/arm/core/cortex_m/libarch__arm__core__cortex_m.a(swap_helper.S.obj)
                              (--whole-archive)
zephyr/arch/arch/arm/core/cortex_m/libarch__arm__core__cortex_m.a(irq_manage.c.obj)
                              (--whole-archive)
zephyr/arch/arch/arm/core/cortex_m/libarch__arm__core__cortex_m.a(prep_c.c.obj)
                              (--whole-archive)
zephyr/arch/arch/arm/core/cortex_m/libarch__arm__core__cortex_m.a(thread.c.obj)
                              (--whole-archive)
zephyr/arch/arch/arm/core/cortex_m/libarch__arm__core__cortex_m.a(cpu_idle.c.obj)
                              (--whole-archive)
zephyr/arch/arch/arm/core/cortex_m/libarch__arm__core__cortex_m.a(irq_init.c.obj)
                              (--whole-archive)
zephyr/arch/arch/arm/core/cortex_m/libarch__arm__core__cortex_m.a(isr_wrapper.c.obj)
                              (--whole-archive)
zephyr/arch/arch/arm/core/cortex_m/libarch__arm__core__cortex_m.a(__aeabi_read_tp.S.obj)
                              (--whole-archive)
zephyr/arch/arch/arm/core/mpu/libarch__arm__core__mpu.a(arm_core_mpu.c.obj)
                              (--whole-archive)
zephyr/arch/arch/arm/core/mpu/libarch__arm__core__mpu.a(arm_mpu.c.obj)
[...]
Memory Configuration

Name             Origin             Length             Attributes
FLASH            0x0000000000000000 0x0000000000100000 xr
RAM              0x0000000020000000 0x0000000000040000 xw
IDT_LIST         0x00000000ffff7fff 0x0000000000008000 xw
*default*        0x0000000000000000 0xffffffffffffffff

Linker script and memory map

                0x00000000000058a4                vfprintf = __l_vfprintf
                0x0000000000000000                vfscanf = __l_vfscanf
LOAD zephyr/CMakeFiles/zephyr_pre0.dir/misc/empty_file.c.obj
LOAD zephyr/CMakeFiles/offsets.dir/./arch/arm/core/offsets/offsets.c.obj
LOAD app/libapp.a
LOAD zephyr/libzephyr.a
LOAD zephyr/arch/common/libarch__common.a
LOAD zephyr/arch/arch/arm/core/libarch__arm__core.a
LOAD zephyr/arch/arch/arm/core/cortex_m/libarch__arm__core__cortex_m.a
LOAD zephyr/arch/arch/arm/core/mpu/libarch__arm__core__mpu.a
LOAD zephyr/lib/libc/picolibc/liblib__libc__picolibc.a
LOAD zephyr/lib/libc/common/liblib__libc__common.a
LOAD zephyr/soc/soc/nrf52840/libsoc__nordic.a
LOAD zephyr/boards/arduino/nano_33_ble/libboards__arduino__nano_33_ble.a
LOAD zephyr/drivers/clock_control/libdrivers__clock_control.a
LOAD zephyr/drivers/console/libdrivers__console.a
LOAD zephyr/drivers/gpio/libdrivers__gpio.a
LOAD zephyr/drivers/i2c/libdrivers__i2c.a
LOAD zephyr/drivers/pinctrl/libdrivers__pinctrl.a
LOAD zephyr/drivers/regulator/libdrivers__regulator.a
LOAD zephyr/drivers/sensor/nordic/temp/libdrivers__sensor__nordic__temp.a
LOAD zephyr/drivers/sensor/st/stmemsc/libdrivers__sensor__st__stmemsc.a
LOAD zephyr/drivers/sensor/st/hts221/libdrivers__sensor__st__hts221.a
LOAD zephyr/drivers/sensor/st/lps22hb/libdrivers__sensor__st__lps22hb.a
LOAD zephyr/drivers/sensor/st/lsm9ds1/libdrivers__sensor__st__lsm9ds1.a
LOAD zephyr/drivers/sensor/apds9960/libdrivers__sensor__apds9960.a
LOAD zephyr/drivers/serial/libdrivers__serial.a
LOAD zephyr/drivers/timer/libdrivers__timer.a
LOAD modules/nrf/drivers/hw_cc3xx/lib..__nrf__drivers__hw_cc3xx.a
LOAD modules/hal_nordic/nrfx/libmodules__hal_nordic__nrfx.a
LOAD modules/segger/libmodules__segger.a
LOAD zephyr/kernel/libkernel.a
LOAD zephyr/arch/common/libisr_tables.a
LOAD C:/Users/timrb/workspace/nrfxlib/crypto/nrf_cc310_platform/lib/cortex-m4/soft-float/no-interrupts/libnrf_cc310_platform_0.9.19.a
LOAD c:\ncs\toolchains\b620d30767\opt\zephyr-sdk\arm-zephyr-eabi\bin\../lib/gcc/../../picolibc/arm-zephyr-eabi/lib/thumb/v7e-m/nofp\libc.a
LOAD c:/ncs/toolchains/b620d30767/opt/zephyr-sdk/arm-zephyr-eabi/bin/../lib/gcc/arm-zephyr-eabi/12.2.0/thumb/v7e-m/nofp\libgcc.a
                0x0000000000000020                _region_min_align = 0x20

.rel.plt        0x0000000000000000        0x0
 *(SORT_BY_ALIGNMENT(.rel.plt))
                [!provide]                        PROVIDE (__rel_iplt_start = .)
 *(SORT_BY_ALIGNMENT(.rel.iplt))
 .rel.iplt      0x0000000000000000        0x0 app/libapp.a(main.c.obj)
                [!provide]                        PROVIDE (__rel_iplt_end = .)

.rela.plt       0x0000000000000000        0x0
 *(SORT_BY_ALIGNMENT(.rela.plt))
                [!provide]                        PROVIDE (__rela_iplt_start = .)
 *(SORT_BY_ALIGNMENT(.rela.iplt))
                [!provide]                        PROVIDE (__rela_iplt_end = .)

.rel.dyn
 *(SORT_BY_ALIGNMENT(.rel.*))

.rela.dyn
 *(SORT_BY_ALIGNMENT(.rela.*))

/DISCARD/
 *(SORT_BY_ALIGNMENT(.plt))

/DISCARD/
 *(SORT_BY_ALIGNMENT(.iplt))
                0x0000000000000000                __rom_region_start = 0x0

rom_start       0x0000000000000000      0x100
                0x0000000000000000                __rom_start_address = .
 FILL mask 0x00
                0x0000000000000000                . = (. + (0x0 - (. - __rom_start_address)))
                0x0000000000000000                . = ALIGN (0x4)
                0x0000000000000000                . = ALIGN (0x80)
                0x0000000000000000                . = ALIGN (0x100)
                0x0000000000000000                _vector_start = .
 *(SORT_BY_ALIGNMENT(.exc_vector_table))
 *(SORT_BY_ALIGNMENT(.exc_vector_table.*))
 .exc_vector_table._vector_table_section
                0x0000000000000000       0x40 zephyr/arch/arch/arm/core/cortex_m/libarch__arm__core__cortex_m.a(vector_table.S.obj)
                0x0000000000000000                _vector_table
 *(SORT_BY_ALIGNMENT(.vectors))
                0x0000000000000100                _vector_end = .
                0x0000000000000040                . = ALIGN (0x4)
 *(SORT_BY_ALIGNMENT(.gnu.linkonce.irq_vector_table*))
 .gnu.linkonce.irq_vector_table
                0x0000000000000040       0xc0 zephyr/arch/common/libisr_tables.a(isr_tables.c.obj)
                0x0000000000000040                _irq_vector_table
                0x0000000000000100                _vector_end = .

text            0x0000000000000100     0x7844
                0x0000000000000100                __text_region_start = .
 *(SORT_BY_ALIGNMENT(.text))
 .text          0x0000000000000100       0xa0 c:/ncs/toolchains/b620d30767/opt/zephyr-sdk/arm-zephyr-eabi/bin/../lib/gcc/arm-zephyr-eabi/12.2.0/thumb/v7e-m/nofp\libgcc.a(_aeabi_ldivmod.o)
                0x0000000000000100                __aeabi_ldivmod
 .text          0x00000000000001a0       0x30 c:/ncs/toolchains/b620d30767/opt/zephyr-sdk/arm-zephyr-eabi/bin/../lib/gcc/arm-zephyr-eabi/12.2.0/thumb/v7e-m/nofp\libgcc.a(_aeabi_uldivmod.o)
                0x00000000000001a0                __aeabi_uldivmod
 .text          0x00000000000001d0        0x4 c:/ncs/toolchains/b620d30767/opt/zephyr-sdk/arm-zephyr-eabi/bin/../lib/gcc/arm-zephyr-eabi/12.2.0/thumb/v7e-m/nofp\libgcc.a(_dvmd_tls.o)
                0x00000000000001d0                __aeabi_idiv0
                0x00000000000001d0                __aeabi_ldiv0
 .text          0x00000000000001d4      0x2a0 c:/ncs/toolchains/b620d30767/opt/zephyr-sdk/arm-zephyr-eabi/bin/../lib/gcc/arm-zephyr-eabi/12.2.0/thumb/v7e-m/nofp\libgcc.a(_udivmoddi4.o)
                0x00000000000001d4                __udivmoddi4
 *(SORT_BY_ALIGNMENT(.text.*))
 *fill*         0x0000000000000474        0x4 
 .text.lsm9ds1_gyro_convert
                0x0000000000000478       0x58 zephyr/drivers/sensor/st/lsm9ds1/libdrivers__sensor__st__lsm9ds1.a(lsm9ds1.c.obj)
 .text.lsm9ds1_attr_set
                0x00000000000004d0      0x1dc zephyr/drivers/sensor/st/lsm9ds1/libdrivers__sensor__st__lsm9ds1.a(lsm9ds1.c.obj)
 *fill*         0x00000000000006ac        0x4 
 .text.lsm9ds1_channel_get
                0x00000000000006b0      0x110 zephyr/drivers/sensor/st/lsm9ds1/libdrivers__sensor__st__lsm9ds1.a(lsm9ds1.c.obj)
 .text.main     0x00000000000007c0       0x50 app/libapp.a(main.c.obj)
                0x00000000000007c0                main
 .text.char_out
                0x0000000000000810        0xc zephyr/libzephyr.a(printk.c.obj)
 .text.__printk_hook_install
                0x000000000000081c        0xc zephyr/libzephyr.a(printk.c.obj)
                0x000000000000081c                __printk_hook_install
 .text.vprintk  0x0000000000000828       0x30 zephyr/libzephyr.a(printk.c.obj)
                0x0000000000000828                vprintk
 .text.z_thread_entry
                0x0000000000000858       0x34 zephyr/libzephyr.a(thread_entry.c.obj)
                0x0000000000000858                z_thread_entry
 .text.process_event
                0x000000000000088c      0x21c zephyr/libzephyr.a(onoff.c.obj)
 .text.mem_attr_get_regions
                0x0000000000000aa8        0xc zephyr/libzephyr.a(mem_attr.c.obj)
                0x0000000000000aa8                mem_attr_get_regions
 .text.boot_banner
                0x0000000000000ab4       0x24 zephyr/libzephyr.a(banner.c.obj)
                0x0000000000000ab4                boot_banner
 .text.nrf_cc3xx_platform_abort_init
                0x0000000000000ad8        0xc zephyr/libzephyr.a(nrf_cc3xx_platform_abort_zephyr.c.obj)
                0x0000000000000ad8                nrf_cc3xx_platform_abort_init
 .text.mutex_free_platform
                0x0000000000000ae4       0x54 zephyr/libzephyr.a(nrf_cc3xx_platform_mutex_zephyr.c.obj)
 .text.mutex_lock_platform
                0x0000000000000b38       0x60 zephyr/libzephyr.a(nrf_cc3xx_platform_mutex_zephyr.c.obj)
 .text.mutex_unlock_platform
                0x0000000000000b98       0x58 zephyr/libzephyr.a(nrf_cc3xx_platform_mutex_zephyr.c.obj)
 .text.mutex_init_platform
                0x0000000000000bf0       0x94 zephyr/libzephyr.a(nrf_cc3xx_platform_mutex_zephyr.c.obj)
 .text.nrf_cc3xx_platform_mutex_init
                0x0000000000000c84       0x2c zephyr/libzephyr.a(nrf_cc3xx_platform_mutex_zephyr.c.obj)
                0x0000000000000c84                nrf_cc3xx_platform_mutex_init
 .text.z_SysNmiOnReset
                0x0000000000000cb0        0x8 zephyr/arch/arch/arm/core/libarch__arm__core.a(nmi_on_reset.S.obj)
                0x0000000000000cb0                z_SysNmiOnReset
 .text.arch_tls_stack_setup
                0x0000000000000cb8       0x40 zephyr/arch/arch/arm/core/libarch__arm__core.a(tls.c.obj)
                0x0000000000000cb8                arch_tls_stack_setup
 .text._HandlerModeExit
                0x0000000000000cf8       0x28 zephyr/arch/arch/arm/core/cortex_m/libarch__arm__core__cortex_m.a(exc_exit.c.obj)
                0x0000000000000cf8                z_arm_int_exit
                0x0000000000000cf8                z_arm_exc_exit
 .text.mem_manage_fault
                0x0000000000000d20       0xa0 zephyr/arch/arch/arm/core/cortex_m/libarch__arm__core__cortex_m.a(fault.c.obj)
 .text.usage_fault.constprop.0
                0x0000000000000dc0       0x54 zephyr/arch/arch/arm/core/cortex_m/libarch__arm__core__cortex_m.a(fault.c.obj)
 .text.bus_fault.constprop.0
                0x0000000000000e14       0x6c zephyr/arch/arch/arm/core/cortex_m/libarch__arm__core__cortex_m.a(fault.c.obj)
 .text.z_arm_fault
                0x0000000000000e80      0x128 zephyr/arch/arch/arm/core/cortex_m/libarch__arm__core__cortex_m.a(fault.c.obj)
                0x0000000000000e80                z_arm_fault
 .text.z_arm_fault_init
                0x0000000000000fa8       0x18 zephyr/arch/arch/arm/core/cortex_m/libarch__arm__core__cortex_m.a(fault.c.obj)
                0x0000000000000fa8                z_arm_fault_init
 .text.__fault  0x0000000000000fc0       0x14 zephyr/arch/arch/arm/core/cortex_m/libarch__arm__core__cortex_m.a(fault_s.S.obj)
                0x0000000000000fc0                z_arm_usage_fault
                0x0000000000000fc0                z_arm_mpu_fault
                0x0000000000000fc0                z_arm_exc_spurious
                0x0000000000000fc0                z_arm_debug_monitor
                0x0000000000000fc0                z_arm_hard_fault
                0x0000000000000fc0                z_arm_bus_fault
 .text._reset_section
                0x0000000000000fd4       0x54 zephyr/arch/arch/arm/core/cortex_m/libarch__arm__core__cortex_m.a(reset.S.obj)
                0x0000000000000fd4                __start
                0x0000000000000fd4                z_arm_reset
 .text.z_arm_clear_arm_mpu_config
                0x0000000000001028       0x24 zephyr/arch/arch/arm/core/cortex_m/libarch__arm__core__cortex_m.a(scb.c.obj)
                0x0000000000001028                z_arm_clear_arm_mpu_config
 .text.z_arm_init_arch_hw_at_boot
                0x000000000000104c       0x64 zephyr/arch/arch/arm/core/cortex_m/libarch__arm__core__cortex_m.a(scb.c.obj)
                0x000000000000104c                z_arm_init_arch_hw_at_boot
 .text.z_impl_k_thread_abort
                0x00000000000010b0       0x2c zephyr/arch/arch/arm/core/cortex_m/libarch__arm__core__cortex_m.a(thread_abort.c.obj)
                0x00000000000010b0                z_impl_k_thread_abort
 .text.arch_swap
                0x00000000000010dc       0x30 zephyr/arch/arch/arm/core/cortex_m/libarch__arm__core__cortex_m.a(swap.c.obj)
                0x00000000000010dc                arch_swap
 .text.z_arm_pendsv_c
                0x000000000000110c       0x48 zephyr/arch/arch/arm/core/cortex_m/libarch__arm__core__cortex_m.a(swap.c.obj)
                0x000000000000110c                z_arm_pendsv_c
 .text.z_arm_pendsv
                0x0000000000001154       0x34 zephyr/arch/arch/arm/core/cortex_m/libarch__arm__core__cortex_m.a(swap_helper.S.obj)
                0x0000000000001154                z_arm_pendsv
 .text.z_arm_svc
                0x0000000000001188       0x20 zephyr/arch/arch/arm/core/cortex_m/libarch__arm__core__cortex_m.a(swap_helper.S.obj)
                0x0000000000001188                z_arm_svc
 .text.arch_irq_enable
                0x00000000000011a8       0x1c zephyr/arch/arch/arm/core/cortex_m/libarch__arm__core__cortex_m.a(irq_manage.c.obj)
                0x00000000000011a8                arch_irq_enable
 .text.arch_irq_is_enabled
                0x00000000000011c4       0x1c zephyr/arch/arch/arm/core/cortex_m/libarch__arm__core__cortex_m.a(irq_manage.c.obj)
                0x00000000000011c4                arch_irq_is_enabled
 .text.z_arm_irq_priority_set
                0x00000000000011e0       0x30 zephyr/arch/arch/arm/core/cortex_m/libarch__arm__core__cortex_m.a(irq_manage.c.obj)
                0x00000000000011e0                z_arm_irq_priority_set
 .text.z_prep_c
                0x0000000000001210       0x38 zephyr/arch/arch/arm/core/cortex_m/libarch__arm__core__cortex_m.a(prep_c.c.obj)
                0x0000000000001210                z_prep_c
 .text.arch_new_thread
                0x0000000000001248       0x38 zephyr/arch/arch/arm/core/cortex_m/libarch__arm__core__cortex_m.a(thread.c.obj)
                0x0000000000001248                arch_new_thread
 .text.z_check_thread_stack_fail
                0x0000000000001280       0x2c zephyr/arch/arch/arm/core/cortex_m/libarch__arm__core__cortex_m.a(thread.c.obj)
                0x0000000000001280                z_check_thread_stack_fail
 .text.arch_switch_to_main_thread
                0x00000000000012ac       0x44 zephyr/arch/arch/arm/core/cortex_m/libarch__arm__core__cortex_m.a(thread.c.obj)
                0x00000000000012ac                arch_switch_to_main_thread
 .text.z_arm_cpu_idle_init
                0x00000000000012f0        0xc zephyr/arch/arch/arm/core/cortex_m/libarch__arm__core__cortex_m.a(cpu_idle.c.obj)
                0x00000000000012f0                z_arm_cpu_idle_init
 .text.z_arm_interrupt_init
                0x00000000000012fc       0x18 zephyr/arch/arch/arm/core/cortex_m/libarch__arm__core__cortex_m.a(irq_init.c.obj)
                0x00000000000012fc                z_arm_interrupt_init
 .text._isr_wrapper
                0x0000000000001314       0x24 zephyr/arch/arch/arm/core/cortex_m/libarch__arm__core__cortex_m.a(isr_wrapper.c.obj)
                0x0000000000001314                _isr_wrapper
 .text.z_arm_configure_static_mpu_regions
                0x0000000000001338       0x18 zephyr/arch/arch/arm/core/mpu/libarch__arm__core__mpu.a(arm_core_mpu.c.obj)
                0x0000000000001338                z_arm_configure_static_mpu_regions
 .text.z_arm_configure_dynamic_mpu_regions
                0x0000000000001350       0x20 zephyr/arch/arch/arm/core/mpu/libarch__arm__core__mpu.a(arm_core_mpu.c.obj)
                0x0000000000001350                z_arm_configure_dynamic_mpu_regions
 .text.region_init
                0x0000000000001370       0x28 zephyr/arch/arch/arm/core/mpu/libarch__arm__core__mpu.a(arm_mpu.c.obj)
 .text.mpu_configure_regions
                0x0000000000001398       0x6c zephyr/arch/arch/arm/core/mpu/libarch__arm__core__mpu.a(arm_mpu.c.obj)
 .text.arm_core_mpu_enable
                0x0000000000001404       0x18 zephyr/arch/arch/arm/core/mpu/libarch__arm__core__mpu.a(arm_mpu.c.obj)
                0x0000000000001404                arm_core_mpu_enable
 .text.arm_core_mpu_disable
                0x000000000000141c       0x14 zephyr/arch/arch/arm/core/mpu/libarch__arm__core__mpu.a(arm_mpu.c.obj)
                0x000000000000141c                arm_core_mpu_disable
 .text.arm_core_mpu_configure_static_mpu_regions
                0x0000000000001430       0x14 zephyr/arch/arch/arm/core/mpu/libarch__arm__core__mpu.a(arm_mpu.c.obj)
                0x0000000000001430                arm_core_mpu_configure_static_mpu_regions
 .text.arm_core_mpu_configure_dynamic_mpu_regions
                0x0000000000001444       0x38 zephyr/arch/arch/arm/core/mpu/libarch__arm__core__mpu.a(arm_mpu.c.obj)
                0x0000000000001444                arm_core_mpu_configure_dynamic_mpu_regions
 .text.z_arm_mpu_init
                0x000000000000147c      0x168 zephyr/arch/arch/arm/core/mpu/libarch__arm__core__mpu.a(arm_mpu.c.obj)
                0x000000000000147c                z_arm_mpu_init
 .text.z_impl_zephyr_fputc
                0x00000000000015e4       0x10 zephyr/lib/libc/picolibc/liblib__libc__picolibc.a(libc-hooks.c.obj)
                0x00000000000015e4                z_impl_zephyr_fputc
 .text.__stdout_hook_install
                0x00000000000015f4       0x18 zephyr/lib/libc/picolibc/liblib__libc__picolibc.a(libc-hooks.c.obj)
                0x00000000000015f4                __stdout_hook_install
 .text.malloc_prepare
                0x000000000000160c       0x24 zephyr/lib/libc/common/liblib__libc__common.a(malloc.c.obj)
 .text.nordicsemi_nrf52_init
                0x0000000000001630       0x10 zephyr/soc/soc/nrf52840/libsoc__nordic.a(soc.c.obj)
 .text.arch_busy_wait
                0x0000000000001640       0x14 zephyr/soc/soc/nrf52840/libsoc__nordic.a(soc.c.obj)
                0x0000000000001640                arch_busy_wait
 .text.board_init
                0x0000000000001654       0x44 zephyr/boards/arduino/nano_33_ble/libboards__arduino__nano_33_ble.a(board.c.obj)
 .text.onoff_stop
                0x0000000000001698       0x30 zephyr/drivers/clock_control/libdrivers__clock_control.a(clock_control_nrf.c.obj)
 .text.onoff_start
                0x00000000000016c8       0x44 zephyr/drivers/clock_control/libdrivers__clock_control.a(clock_control_nrf.c.obj)
 .text.generic_hfclk_stop
                0x000000000000170c       0x34 zephyr/drivers/clock_control/libdrivers__clock_control.a(clock_control_nrf.c.obj)
 .text.clk_init
                0x0000000000001740       0x58 zephyr/drivers/clock_control/libdrivers__clock_control.a(clock_control_nrf.c.obj)
 .text.api_blocking_start
                0x0000000000001798       0x34 zephyr/drivers/clock_control/libdrivers__clock_control.a(clock_control_nrf.c.obj)
 .text.clkstarted_handle.constprop.0
                0x00000000000017cc       0x4c zephyr/drivers/clock_control/libdrivers__clock_control.a(clock_control_nrf.c.obj)
 .text.generic_hfclk_start
                0x0000000000001818       0x78 zephyr/drivers/clock_control/libdrivers__clock_control.a(clock_control_nrf.c.obj)
 .text.clock_event_handler
                0x0000000000001890       0x1c zephyr/drivers/clock_control/libdrivers__clock_control.a(clock_control_nrf.c.obj)
 .text.z_nrf_clock_control_get_onoff
                0x00000000000018ac       0x10 zephyr/drivers/clock_control/libdrivers__clock_control.a(clock_control_nrf.c.obj)
                0x00000000000018ac                z_nrf_clock_control_get_onoff
 .text.z_nrf_clock_control_lf_on
                0x00000000000018bc       0xfc zephyr/drivers/clock_control/libdrivers__clock_control.a(clock_control_nrf.c.obj)
                0x00000000000018bc                z_nrf_clock_control_lf_on
 .text.rtt_console_init
                0x00000000000019b8       0x18 zephyr/drivers/console/libdrivers__console.a(rtt_console.c.obj)
 .text.rtt_console_out
                0x00000000000019d0       0x48 zephyr/drivers/console/libdrivers__console.a(rtt_console.c.obj)
 .text.gpio_nrfx_pin_interrupt_configure
                0x0000000000001a18      0x100 zephyr/drivers/gpio/libdrivers__gpio.a(gpio_nrfx.c.obj)
 .text.gpio_nrfx_init
                0x0000000000001b18       0x48 zephyr/drivers/gpio/libdrivers__gpio.a(gpio_nrfx.c.obj)
 .text.nrfx_gpio_handler
                0x0000000000001b60       0x4c zephyr/drivers/gpio/libdrivers__gpio.a(gpio_nrfx.c.obj)
 .text.gpio_nrfx_pin_configure
                0x0000000000001bac      0x18c zephyr/drivers/gpio/libdrivers__gpio.a(gpio_nrfx.c.obj)
 .text.event_handler
                0x0000000000001d38       0x38 zephyr/drivers/i2c/libdrivers__i2c.a(i2c_nrfx_twim.c.obj)
 .text.i2c_nrfx_twim_transfer
                0x0000000000001d70      0x148 zephyr/drivers/i2c/libdrivers__i2c.a(i2c_nrfx_twim.c.obj)
 .text.i2c_nrfx_twim_recover_bus
                0x0000000000001eb8       0x40 zephyr/drivers/i2c/libdrivers__i2c.a(i2c_nrfx_twim_common.c.obj)
                0x0000000000001eb8                i2c_nrfx_twim_recover_bus
 .text.i2c_nrfx_twim_msg_transfer
                0x0000000000001ef8       0x6c zephyr/drivers/i2c/libdrivers__i2c.a(i2c_nrfx_twim_common.c.obj)
                0x0000000000001ef8                i2c_nrfx_twim_msg_transfer
 .text.i2c_nrfx_twim_common_init
                0x0000000000001f64       0x40 zephyr/drivers/i2c/libdrivers__i2c.a(i2c_nrfx_twim_common.c.obj)
                0x0000000000001f64                i2c_nrfx_twim_common_init
 .text.nrf_gpio_pin_port_decode
                0x0000000000001fa4       0x20 zephyr/drivers/pinctrl/libdrivers__pinctrl.a(pinctrl_nrf.c.obj)
 .text.pinctrl_configure_pins
                0x0000000000001fc4      0x17c zephyr/drivers/pinctrl/libdrivers__pinctrl.a(pinctrl_nrf.c.obj)
                0x0000000000001fc4                pinctrl_configure_pins
 .text.regulator_delay
                0x0000000000002140       0x2c zephyr/drivers/regulator/libdrivers__regulator.a(regulator_common.c.obj)
 .text.hfclk_on_callback
                0x000000000000216c        0xc zephyr/drivers/sensor/nordic/temp/libdrivers__sensor__nordic__temp.a(temp_nrf5.c.obj)
 .text.temp_nrf5_channel_get
                0x0000000000002178       0x2c zephyr/drivers/sensor/nordic/temp/libdrivers__sensor__nordic__temp.a(temp_nrf5.c.obj)
 .text.temp_nrf5_isr
                0x00000000000021a4       0x18 zephyr/drivers/sensor/nordic/temp/libdrivers__sensor__nordic__temp.a(temp_nrf5.c.obj)
 .text.temp_nrf5_sample_fetch
                0x00000000000021bc       0x78 zephyr/drivers/sensor/nordic/temp/libdrivers__sensor__nordic__temp.a(temp_nrf5.c.obj)
 .text.temp_nrf5_init
                0x0000000000002234       0x40 zephyr/drivers/sensor/nordic/temp/libdrivers__sensor__nordic__temp.a(temp_nrf5.c.obj)
 .text.hts221_channel_get
                0x0000000000002274       0x90 zephyr/drivers/sensor/st/hts221/libdrivers__sensor__st__hts221.a(hts221.c.obj)
 .text.hts221_init_interrupt
                0x0000000000002304       0xa4 zephyr/drivers/sensor/st/hts221/libdrivers__sensor__st__hts221.a(hts221_trigger.c.obj)
                0x0000000000002304                hts221_init_interrupt
 .text.lps22hb_channel_get
                0x00000000000023a8       0x54 zephyr/drivers/sensor/st/lps22hb/libdrivers__sensor__st__lps22hb.a(lps22hb.c.obj)
 .text.lsm9ds1_init
                0x00000000000023fc       0xa8 zephyr/drivers/sensor/st/lsm9ds1/libdrivers__sensor__st__lsm9ds1.a(lsm9ds1.c.obj)
 .text.gpio_pin_interrupt_configure_dt.isra.0
                0x00000000000024a4       0x3c zephyr/drivers/sensor/apds9960/libdrivers__sensor__apds9960.a(apds9960.c.obj)
 .text.apds9960_init
                0x00000000000024e0      0x2c0 zephyr/drivers/sensor/apds9960/libdrivers__sensor__apds9960.a(apds9960.c.obj)
 .text.uart_nrfx_poll_in
                0x00000000000027a0       0x24 zephyr/drivers/serial/libdrivers__serial.a(uart_nrfx_uart.c.obj)
 .text.uart_nrfx_err_check
                0x00000000000027c4       0x10 zephyr/drivers/serial/libdrivers__serial.a(uart_nrfx_uart.c.obj)
 .text.uart_nrfx_poll_out
                0x00000000000027d4       0x7c zephyr/drivers/serial/libdrivers__serial.a(uart_nrfx_uart.c.obj)
 .text.uart_nrfx_init
                0x0000000000002850      0x1ac zephyr/drivers/serial/libdrivers__serial.a(uart_nrfx_uart.c.obj)
 .text.compare_int_lock
                0x00000000000029fc       0x48 zephyr/drivers/timer/libdrivers__timer.a(nrf_rtc_timer.c.obj)
 .text.sys_clock_timeout_handler
                0x0000000000002a44       0x48 zephyr/drivers/timer/libdrivers__timer.a(nrf_rtc_timer.c.obj)
 .text.compare_int_unlock
                0x0000000000002a8c       0x5c zephyr/drivers/timer/libdrivers__timer.a(nrf_rtc_timer.c.obj)
 .text.z_nrf_rtc_timer_read
                0x0000000000002ae8       0x44 zephyr/drivers/timer/libdrivers__timer.a(nrf_rtc_timer.c.obj)
                0x0000000000002ae8                z_nrf_rtc_timer_read
 .text.compare_set
                0x0000000000002b2c      0x130 zephyr/drivers/timer/libdrivers__timer.a(nrf_rtc_timer.c.obj)
 .text.sys_clock_driver_init
                0x0000000000002c5c       0x90 zephyr/drivers/timer/libdrivers__timer.a(nrf_rtc_timer.c.obj)
 .text.rtc_nrf_isr
                0x0000000000002cec       0xd4 zephyr/drivers/timer/libdrivers__timer.a(nrf_rtc_timer.c.obj)
                0x0000000000002cec                rtc_nrf_isr
 .text.sys_clock_set_timeout
                0x0000000000002dc0       0x5c zephyr/drivers/timer/libdrivers__timer.a(nrf_rtc_timer.c.obj)
                0x0000000000002dc0                sys_clock_set_timeout
 .text.sys_clock_elapsed
                0x0000000000002e1c       0x14 zephyr/drivers/timer/libdrivers__timer.a(nrf_rtc_timer.c.obj)
                0x0000000000002e1c                sys_clock_elapsed
 .text.nrf52_errata_98
                0x0000000000002e30       0x24 modules/hal_nordic/nrfx/libmodules__hal_nordic__nrfx.a(system_nrf52840.c.obj)
 .text.nvmc_wait
                0x0000000000002e54       0x10 modules/hal_nordic/nrfx/libmodules__hal_nordic__nrfx.a(system_nrf52840.c.obj)
                0x0000000000002e54                nvmc_wait
 .text.SystemInit
                0x0000000000002e64      0x1bc modules/hal_nordic/nrfx/libmodules__hal_nordic__nrfx.a(system_nrf52840.c.obj)
                0x0000000000002e64                SystemInit
 .text.nrfx_flag32_alloc
                0x0000000000003020       0x48 modules/hal_nordic/nrfx/libmodules__hal_nordic__nrfx.a(nrfx_flag32_allocator.c.obj)
                0x0000000000003020                nrfx_flag32_alloc
 .text.nrfx_flag32_free
                0x0000000000003068       0x40 modules/hal_nordic/nrfx/libmodules__hal_nordic__nrfx.a(nrfx_flag32_allocator.c.obj)
                0x0000000000003068                nrfx_flag32_free
 .text.clock_stop
                0x00000000000030a8       0xc4 modules/hal_nordic/nrfx/libmodules__hal_nordic__nrfx.a(nrfx_clock.c.obj)
 .text.nrfx_clock_init
                0x000000000000316c       0x20 modules/hal_nordic/nrfx/libmodules__hal_nordic__nrfx.a(nrfx_clock.c.obj)
                0x000000000000316c                nrfx_clock_init
 .text.nrfx_clock_enable
                0x000000000000318c       0x24 modules/hal_nordic/nrfx/libmodules__hal_nordic__nrfx.a(nrfx_clock.c.obj)
                0x000000000000318c                nrfx_clock_enable
 .text.nrfx_clock_start
                0x00000000000031b0       0xa8 modules/hal_nordic/nrfx/libmodules__hal_nordic__nrfx.a(nrfx_clock.c.obj)
                0x00000000000031b0                nrfx_clock_start
 .text.nrfx_power_clock_irq_handler
                0x0000000000003258       0x68 modules/hal_nordic/nrfx/libmodules__hal_nordic__nrfx.a(nrfx_clock.c.obj)
                0x0000000000003258                nrfx_power_clock_irq_handler
 .text.nrf_gpio_pin_port_decode
                0x00000000000032c0       0x20 modules/hal_nordic/nrfx/libmodules__hal_nordic__nrfx.a(nrfx_gpiote.c.obj)
 .text.get_pin_idx
                0x00000000000032e0       0x14 modules/hal_nordic/nrfx/libmodules__hal_nordic__nrfx.a(nrfx_gpiote.c.obj)
 .text.call_handler.constprop.0
                0x00000000000032f4       0x40 modules/hal_nordic/nrfx/libmodules__hal_nordic__nrfx.a(nrfx_gpiote.c.obj)
 .text.pin_te_get.constprop.0
                0x0000000000003334       0x18 modules/hal_nordic/nrfx/libmodules__hal_nordic__nrfx.a(nrfx_gpiote.c.obj)
 .text.pin_is_output.constprop.0
                0x000000000000334c       0x18 modules/hal_nordic/nrfx/libmodules__hal_nordic__nrfx.a(nrfx_gpiote.c.obj)
 .text.pin_in_use_by_te.constprop.0
                0x0000000000003364       0x18 modules/hal_nordic/nrfx/libmodules__hal_nordic__nrfx.a(nrfx_gpiote.c.obj)
 .text.latch_pending_read_and_check
                0x000000000000337c       0x40 modules/hal_nordic/nrfx/libmodules__hal_nordic__nrfx.a(nrfx_gpiote.c.obj)
 .text.release_handler.isra.0
                0x00000000000033bc       0x58 modules/hal_nordic/nrfx/libmodules__hal_nordic__nrfx.a(nrfx_gpiote.c.obj)
 .text.__nrfy_internal_gpiote_events_process.constprop.0
                0x0000000000003414       0x5c modules/hal_nordic/nrfx/libmodules__hal_nordic__nrfx.a(nrfx_gpiote.c.obj)
 .text.pin_uninit
                0x0000000000003470       0x80 modules/hal_nordic/nrfx/libmodules__hal_nordic__nrfx.a(nrfx_gpiote.c.obj)
 .text.nrfx_gpiote_input_configure
                0x00000000000034f0      0x174 modules/hal_nordic/nrfx/libmodules__hal_nordic__nrfx.a(nrfx_gpiote.c.obj)
                0x00000000000034f0                nrfx_gpiote_input_configure
 .text.nrfx_gpiote_output_configure
                0x0000000000003664       0xfc modules/hal_nordic/nrfx/libmodules__hal_nordic__nrfx.a(nrfx_gpiote.c.obj)
                0x0000000000003664                nrfx_gpiote_output_configure
 .text.nrfx_gpiote_global_callback_set
                0x0000000000003760        0xc modules/hal_nordic/nrfx/libmodules__hal_nordic__nrfx.a(nrfx_gpiote.c.obj)
                0x0000000000003760                nrfx_gpiote_global_callback_set
 .text.nrfx_gpiote_channel_get
                0x000000000000376c       0x34 modules/hal_nordic/nrfx/libmodules__hal_nordic__nrfx.a(nrfx_gpiote.c.obj)
                0x000000000000376c                nrfx_gpiote_channel_get
 .text.nrfx_gpiote_init
                0x00000000000037a0       0x68 modules/hal_nordic/nrfx/libmodules__hal_nordic__nrfx.a(nrfx_gpiote.c.obj)
                0x00000000000037a0                nrfx_gpiote_init
 .text.nrfx_gpiote_init_check
                0x0000000000003808       0x14 modules/hal_nordic/nrfx/libmodules__hal_nordic__nrfx.a(nrfx_gpiote.c.obj)
                0x0000000000003808                nrfx_gpiote_init_check
 .text.nrfx_gpiote_channel_free
                0x000000000000381c        0xc modules/hal_nordic/nrfx/libmodules__hal_nordic__nrfx.a(nrfx_gpiote.c.obj)
                0x000000000000381c                nrfx_gpiote_channel_free
 .text.nrfx_gpiote_channel_alloc
                0x0000000000003828        0xc modules/hal_nordic/nrfx/libmodules__hal_nordic__nrfx.a(nrfx_gpiote.c.obj)
                0x0000000000003828                nrfx_gpiote_channel_alloc
 .text.nrfx_gpiote_trigger_enable
                0x0000000000003834       0xb0 modules/hal_nordic/nrfx/libmodules__hal_nordic__nrfx.a(nrfx_gpiote.c.obj)
                0x0000000000003834                nrfx_gpiote_trigger_enable
 .text.nrfx_gpiote_0_irq_handler
                0x00000000000038e4      0x1bc modules/hal_nordic/nrfx/libmodules__hal_nordic__nrfx.a(nrfx_gpiote.c.obj)
                0x00000000000038e4                nrfx_gpiote_0_irq_handler
 .text.nrf_gpio_cfg.constprop.0
                0x0000000000003aa0       0x48 modules/hal_nordic/nrfx/libmodules__hal_nordic__nrfx.a(nrfx_twim.c.obj)
 .text.twim_configure
                0x0000000000003ae8       0x3c modules/hal_nordic/nrfx/libmodules__hal_nordic__nrfx.a(nrfx_twim.c.obj)
 .text.irq_handler
                0x0000000000003b24      0x16c modules/hal_nordic/nrfx/libmodules__hal_nordic__nrfx.a(nrfx_twim.c.obj)
 .text.nrfx_twim_init
                0x0000000000003c90       0x74 modules/hal_nordic/nrfx/libmodules__hal_nordic__nrfx.a(nrfx_twim.c.obj)
                0x0000000000003c90                nrfx_twim_init
 .text.nrfx_twim_enable
                0x0000000000003d04       0x20 modules/hal_nordic/nrfx/libmodules__hal_nordic__nrfx.a(nrfx_twim.c.obj)
                0x0000000000003d04                nrfx_twim_enable
 .text.nrfx_twim_disable
                0x0000000000003d24       0x68 modules/hal_nordic/nrfx/libmodules__hal_nordic__nrfx.a(nrfx_twim.c.obj)
                0x0000000000003d24                nrfx_twim_disable
 .text.nrfx_twim_xfer
                0x0000000000003d8c      0x350 modules/hal_nordic/nrfx/libmodules__hal_nordic__nrfx.a(nrfx_twim.c.obj)
                0x0000000000003d8c                nrfx_twim_xfer
 .text.nrfx_twim_0_irq_handler
                0x00000000000040dc       0x10 modules/hal_nordic/nrfx/libmodules__hal_nordic__nrfx.a(nrfx_twim.c.obj)
                0x00000000000040dc                nrfx_twim_0_irq_handler
 .text.nrfx_twim_1_irq_handler
                0x00000000000040ec       0x10 modules/hal_nordic/nrfx/libmodules__hal_nordic__nrfx.a(nrfx_twim.c.obj)
                0x00000000000040ec                nrfx_twim_1_irq_handler
 .text.nrf_gpio_pin_port_decode
                0x00000000000040fc       0x20 modules/hal_nordic/nrfx/libmodules__hal_nordic__nrfx.a(nrfx_twi_twim.c.obj)
 .text.nrfx_twi_twim_bus_recover
                0x000000000000411c       0xdc modules/hal_nordic/nrfx/libmodules__hal_nordic__nrfx.a(nrfx_twi_twim.c.obj)
                0x000000000000411c                nrfx_twi_twim_bus_recover
 .text._DoInit  0x00000000000041f8       0x68 modules/segger/libmodules__segger.a(SEGGER_RTT.c.obj)
 .text.SEGGER_RTT_WriteNoLock
                0x0000000000004260       0x58 modules/segger/libmodules__segger.a(SEGGER_RTT.c.obj)
                0x0000000000004260                SEGGER_RTT_WriteNoLock
 .text.SEGGER_RTT_Write
                0x00000000000042b8       0x34 modules/segger/libmodules__segger.a(SEGGER_RTT.c.obj)
                0x00000000000042b8                SEGGER_RTT_Write
 .text.z_fatal_error
                0x00000000000042ec       0x30 zephyr/kernel/libkernel.a(fatal.c.obj)
                0x00000000000042ec                z_fatal_error
 .text.z_sys_init_run_level
                0x000000000000431c       0x2c zephyr/kernel/libkernel.a(init.c.obj)
 .text.bg_thread_main
                0x0000000000004348       0xc4 zephyr/kernel/libkernel.a(init.c.obj)
 .text.z_bss_zero
                0x000000000000440c       0x18 zephyr/kernel/libkernel.a(init.c.obj)
                0x000000000000440c                z_bss_zero
 .text.z_init_cpu
                0x0000000000004424       0x70 zephyr/kernel/libkernel.a(init.c.obj)
                0x0000000000004424                z_init_cpu
 .text.z_cstart
                0x0000000000004494       0xdc zephyr/kernel/libkernel.a(init.c.obj)
                0x0000000000004494                z_cstart
 .text.init_mem_slab_obj_core_list
                0x0000000000004570       0x24 zephyr/kernel/libkernel.a(mem_slab.c.obj)
 .text.k_mem_slab_alloc
                0x0000000000004594       0x5c zephyr/kernel/libkernel.a(mem_slab.c.obj)
                0x0000000000004594                k_mem_slab_alloc
 .text.z_impl_k_mutex_lock
                0x00000000000045f0       0xf0 zephyr/kernel/libkernel.a(mutex.c.obj)
                0x00000000000045f0                z_impl_k_mutex_lock
 .text.z_impl_k_mutex_unlock
                0x00000000000046e0       0x78 zephyr/kernel/libkernel.a(mutex.c.obj)
                0x00000000000046e0                z_impl_k_mutex_unlock
 .text.z_impl_k_sem_give
                0x0000000000004758       0x48 zephyr/kernel/libkernel.a(sem.c.obj)
                0x0000000000004758                z_impl_k_sem_give
 .text.z_impl_k_sem_take
                0x00000000000047a0       0x4c zephyr/kernel/libkernel.a(sem.c.obj)
                0x00000000000047a0                z_impl_k_sem_take
 .text.work_queue_main
                0x00000000000047ec      0x144 zephyr/kernel/libkernel.a(work.c.obj)
 .text.submit_to_queue_locked
                0x0000000000004930       0xb4 zephyr/kernel/libkernel.a(work.c.obj)
 .text.k_work_submit
                0x00000000000049e4        0xc zephyr/kernel/libkernel.a(work.c.obj)
                0x00000000000049e4                k_work_submit
 .text.k_work_queue_start
                0x00000000000049f0       0x7c zephyr/kernel/libkernel.a(work.c.obj)
                0x00000000000049f0                k_work_queue_start
 .text.z_setup_new_thread
                0x0000000000004a6c       0x98 zephyr/kernel/libkernel.a(thread.c.obj)
                0x0000000000004a6c                z_setup_new_thread
 .text.z_impl_k_thread_create
                0x0000000000004b04       0x58 zephyr/kernel/libkernel.a(thread.c.obj)
                0x0000000000004b04                z_impl_k_thread_create
 .text.update_cache
                0x0000000000004b5c       0x3c zephyr/kernel/libkernel.a(sched.c.obj)
 .text.unready_thread
                0x0000000000004b98       0x30 zephyr/kernel/libkernel.a(sched.c.obj)
 .text.ready_thread
                0x0000000000004bc8       0x68 zephyr/kernel/libkernel.a(sched.c.obj)
 .text.z_thread_halt
                0x0000000000004c30       0xdc zephyr/kernel/libkernel.a(sched.c.obj)
 .text.move_thread_to_end_of_prio_q
                0x0000000000004d0c       0x74 zephyr/kernel/libkernel.a(sched.c.obj)
                0x0000000000004d0c                move_thread_to_end_of_prio_q
 .text.z_pend_curr
                0x0000000000004d80       0x58 zephyr/kernel/libkernel.a(sched.c.obj)
                0x0000000000004d80                z_pend_curr
 .text.z_thread_prio_set
                0x0000000000004dd8       0x88 zephyr/kernel/libkernel.a(sched.c.obj)
                0x0000000000004dd8                z_thread_prio_set
 .text.z_reschedule
                0x0000000000004e60       0x24 zephyr/kernel/libkernel.a(sched.c.obj)
                0x0000000000004e60                z_reschedule
 .text.z_sched_start
                0x0000000000004e84       0x3c zephyr/kernel/libkernel.a(sched.c.obj)
                0x0000000000004e84                z_sched_start
 .text.z_reschedule_irqlock
                0x0000000000004ec0       0x28 zephyr/kernel/libkernel.a(sched.c.obj)
                0x0000000000004ec0                z_reschedule_irqlock
 .text.k_sched_lock
                0x0000000000004ee8       0x28 zephyr/kernel/libkernel.a(sched.c.obj)
                0x0000000000004ee8                k_sched_lock
 .text.k_sched_unlock
                0x0000000000004f10       0x40 zephyr/kernel/libkernel.a(sched.c.obj)
                0x0000000000004f10                k_sched_unlock
 .text.z_sched_init
                0x0000000000004f50       0x10 zephyr/kernel/libkernel.a(sched.c.obj)
                0x0000000000004f50                z_sched_init
 .text.z_impl_k_yield
                0x0000000000004f60       0x7c zephyr/kernel/libkernel.a(sched.c.obj)
                0x0000000000004f60                z_impl_k_yield
 .text.z_tick_sleep
                0x0000000000004fdc       0x88 zephyr/kernel/libkernel.a(sched.c.obj)
 .text.z_impl_k_sleep
                0x0000000000005064       0x3c zephyr/kernel/libkernel.a(sched.c.obj)
                0x0000000000005064                z_impl_k_sleep
 .text.z_impl_k_sched_current_thread_query
                0x00000000000050a0        0xc zephyr/kernel/libkernel.a(sched.c.obj)
                0x00000000000050a0                z_impl_k_sched_current_thread_query
 .text.z_sched_wait
                0x00000000000050ac       0x24 zephyr/kernel/libkernel.a(sched.c.obj)
                0x00000000000050ac                z_sched_wait
 .text.slice_timeout
                0x00000000000050d0       0x20 zephyr/kernel/libkernel.a(timeslicing.c.obj)
 .text.thread_is_sliceable
                0x00000000000050f0       0x3c zephyr/kernel/libkernel.a(timeslicing.c.obj)
                0x00000000000050f0                thread_is_sliceable
 .text.z_reset_time_slice
                0x000000000000512c       0x50 zephyr/kernel/libkernel.a(timeslicing.c.obj)
                0x000000000000512c                z_reset_time_slice
 .text.z_time_slice
                0x000000000000517c       0x60 zephyr/kernel/libkernel.a(timeslicing.c.obj)
                0x000000000000517c                z_time_slice
 .text.z_data_copy
                0x00000000000051dc       0x34 zephyr/kernel/libkernel.a(xip.c.obj)
                0x00000000000051dc                z_data_copy
 .text.elapsed  0x0000000000005210       0x14 zephyr/kernel/libkernel.a(timeout.c.obj)
 .text.remove_timeout
                0x0000000000005224       0x38 zephyr/kernel/libkernel.a(timeout.c.obj)
 .text.next_timeout
                0x000000000000525c       0x40 zephyr/kernel/libkernel.a(timeout.c.obj)
 .text.z_add_timeout
                0x000000000000529c       0xf4 zephyr/kernel/libkernel.a(timeout.c.obj)
                0x000000000000529c                z_add_timeout
 .text.sys_clock_announce
                0x0000000000005390       0xd0 zephyr/kernel/libkernel.a(timeout.c.obj)
                0x0000000000005390                sys_clock_announce
 .text.sys_clock_tick_get
                0x0000000000005460       0x30 zephyr/kernel/libkernel.a(timeout.c.obj)
                0x0000000000005460                sys_clock_tick_get
 .text.k_sys_work_q_init
                0x0000000000005490       0x34 zephyr/kernel/libkernel.a(system_work_q.c.obj)
 .text.nrf_cc3xx_platform_init_no_rng
                0x00000000000054c4       0x38 C:/Users/timrb/workspace/nrfxlib/crypto/nrf_cc310_platform/lib/cortex-m4/soft-float/no-interrupts/libnrf_cc310_platform_0.9.19.a(nrf_cc3xx_platform.c.obj)
                0x00000000000054c4                nrf_cc3xx_platform_init_no_rng
 .text.nrf_cc3xx_platform_abort
                0x00000000000054fc       0x24 C:/Users/timrb/workspace/nrfxlib/crypto/nrf_cc310_platform/lib/cortex-m4/soft-float/no-interrupts/libnrf_cc310_platform_0.9.19.a(nrf_cc3xx_platform_abort.c.obj)
 .text.CC_PalAbort
                0x0000000000005520       0x34 C:/Users/timrb/workspace/nrfxlib/crypto/nrf_cc310_platform/lib/cortex-m4/soft-float/no-interrupts/libnrf_cc310_platform_0.9.19.a(nrf_cc3xx_platform_abort.c.obj)
                0x0000000000005520                CC_PalAbort
 .text.nrf_cc3xx_platform_set_abort
                0x0000000000005554       0x10 C:/Users/timrb/workspace/nrfxlib/crypto/nrf_cc310_platform/lib/cortex-m4/soft-float/no-interrupts/libnrf_cc310_platform_0.9.19.a(nrf_cc3xx_platform_abort.c.obj)
                0x0000000000005554                nrf_cc3xx_platform_set_abort
 .text.mutex_free
                0x0000000000005564       0x34 C:/Users/timrb/workspace/nrfxlib/crypto/nrf_cc310_platform/lib/cortex-m4/soft-float/no-interrupts/libnrf_cc310_platform_0.9.19.a(nrf_cc3xx_platform_mutex.c.obj)
 .text.mutex_lock
                0x0000000000005598       0x48 C:/Users/timrb/workspace/nrfxlib/crypto/nrf_cc310_platform/lib/cortex-m4/soft-float/no-interrupts/libnrf_cc310_platform_0.9.19.a(nrf_cc3xx_platform_mutex.c.obj)
 .text.mutex_unlock
                0x00000000000055e0       0x38 C:/Users/timrb/workspace/nrfxlib/crypto/nrf_cc310_platform/lib/cortex-m4/soft-float/no-interrupts/libnrf_cc310_platform_0.9.19.a(nrf_cc3xx_platform_mutex.c.obj)
 .text.mutex_init
                0x0000000000005618       0x20 C:/Users/timrb/workspace/nrfxlib/crypto/nrf_cc310_platform/lib/cortex-m4/soft-float/no-interrupts/libnrf_cc310_platform_0.9.19.a(nrf_cc3xx_platform_mutex.c.obj)
 .text.nrf_cc3xx_platform_set_mutexes
                0x0000000000005638       0x74 C:/Users/timrb/workspace/nrfxlib/crypto/nrf_cc310_platform/lib/cortex-m4/soft-float/no-interrupts/libnrf_cc310_platform_0.9.19.a(nrf_cc3xx_platform_mutex.c.obj)
                0x0000000000005638                nrf_cc3xx_platform_set_mutexes
 .text.CC_LibInitNoRng
                0x00000000000056ac       0x64 C:/Users/timrb/workspace/nrfxlib/crypto/nrf_cc310_platform/lib/cortex-m4/soft-float/no-interrupts/libnrf_cc310_platform_0.9.19.a(cc_lib.c.obj)
                0x00000000000056ac                CC_LibInitNoRng
 .text.CC_HalInit
                0x0000000000005710        0x4 C:/Users/timrb/workspace/nrfxlib/crypto/nrf_cc310_platform/lib/cortex-m4/soft-float/no-interrupts/libnrf_cc310_platform_0.9.19.a(cc_hal.c.obj)
                0x0000000000005710                CC_HalInit
 .text.CC_HalTerminate
                0x0000000000005714        0x4 C:/Users/timrb/workspace/nrfxlib/crypto/nrf_cc310_platform/lib/cortex-m4/soft-float/no-interrupts/libnrf_cc310_platform_0.9.19.a(cc_hal.c.obj)
                0x0000000000005714                CC_HalTerminate
 .text.CC_HalMaskInterrupt
                0x0000000000005718        0xc C:/Users/timrb/workspace/nrfxlib/crypto/nrf_cc310_platform/lib/cortex-m4/soft-float/no-interrupts/libnrf_cc310_platform_0.9.19.a(cc_hal.c.obj)
                0x0000000000005718                CC_HalMaskInterrupt
 .text.CC_PalInit
                0x0000000000005724       0x5c C:/Users/timrb/workspace/nrfxlib/crypto/nrf_cc310_platform/lib/cortex-m4/soft-float/no-interrupts/libnrf_cc310_platform_0.9.19.a(cc_pal.c.obj)
                0x0000000000005724                CC_PalInit
 .text.CC_PalTerminate
                0x0000000000005780       0x34 C:/Users/timrb/workspace/nrfxlib/crypto/nrf_cc310_platform/lib/cortex-m4/soft-float/no-interrupts/libnrf_cc310_platform_0.9.19.a(cc_pal.c.obj)
                0x0000000000005780                CC_PalTerminate
 .text.CC_PalDmaInit
                0x00000000000057b4        0x4 C:/Users/timrb/workspace/nrfxlib/crypto/nrf_cc310_platform/lib/cortex-m4/soft-float/no-interrupts/libnrf_cc310_platform_0.9.19.a(cc_pal_dma.c.obj)
                0x00000000000057b4                CC_PalDmaInit
 .text.CC_PalDmaTerminate
                0x00000000000057b8        0x4 C:/Users/timrb/workspace/nrfxlib/crypto/nrf_cc310_platform/lib/cortex-m4/soft-float/no-interrupts/libnrf_cc310_platform_0.9.19.a(cc_pal_dma.c.obj)
                0x00000000000057b8                CC_PalDmaTerminate
 .text.CC_PalMutexCreate
                0x00000000000057bc       0x14 C:/Users/timrb/workspace/nrfxlib/crypto/nrf_cc310_platform/lib/cortex-m4/soft-float/no-interrupts/libnrf_cc310_platform_0.9.19.a(cc_pal_mutex.c.obj)
                0x00000000000057bc                CC_PalMutexCreate
 .text.CC_PalMutexDestroy
                0x00000000000057d0       0x14 C:/Users/timrb/workspace/nrfxlib/crypto/nrf_cc310_platform/lib/cortex-m4/soft-float/no-interrupts/libnrf_cc310_platform_0.9.19.a(cc_pal_mutex.c.obj)
                0x00000000000057d0                CC_PalMutexDestroy
 .text.CC_PalPowerSaveModeInit
                0x00000000000057e4       0x3c C:/Users/timrb/workspace/nrfxlib/crypto/nrf_cc310_platform/lib/cortex-m4/soft-float/no-interrupts/libnrf_cc310_platform_0.9.19.a(cc_pal_pm.c.obj)
                0x00000000000057e4                CC_PalPowerSaveModeInit
 .text.CC_PalPowerSaveModeSelect
                0x0000000000005820       0x84 C:/Users/timrb/workspace/nrfxlib/crypto/nrf_cc310_platform/lib/cortex-m4/soft-float/no-interrupts/libnrf_cc310_platform_0.9.19.a(cc_pal_pm.c.obj)
                0x0000000000005820                CC_PalPowerSaveModeSelect
 .text.__l_vfprintf
                0x00000000000058a4      0x4b8 c:\ncs\toolchains\b620d30767\opt\zephyr-sdk\arm-zephyr-eabi\bin\../lib/gcc/../../picolibc/arm-zephyr-eabi/lib/thumb/v7e-m/nofp\libc.a(libc_tinystdio_vflprintf.c.o)
                0x00000000000058a4                __l_vfprintf
 .text._OffsetAbsSyms
                0x0000000000005d5c        0x2 zephyr/CMakeFiles/offsets.dir/./arch/arm/core/offsets/offsets.c.obj
                0x0000000000005d5c                _OffsetAbsSyms
 .text.chunk_field
                0x0000000000005d5e       0x16 zephyr/libzephyr.a(heap.c.obj)
 .text.chunk_set
                0x0000000000005d74       0x16 zephyr/libzephyr.a(heap.c.obj)
 .text.chunk_size
                0x0000000000005d8a        0xc zephyr/libzephyr.a(heap.c.obj)
 .text.set_chunk_used
                0x0000000000005d96       0x30 zephyr/libzephyr.a(heap.c.obj)
 .text.set_chunk_size
                0x0000000000005dc6        0x8 zephyr/libzephyr.a(heap.c.obj)
 .text.bucket_idx.isra.0
                0x0000000000005dce       0x1c zephyr/libzephyr.a(heap.c.obj)
 .text.free_list_add
                0x0000000000005dea       0x84 zephyr/libzephyr.a(heap.c.obj)
 .text.sys_heap_init
                0x0000000000005e6e       0xb0 zephyr/libzephyr.a(heap.c.obj)
                0x0000000000005e6e                sys_heap_init
 .text.arch_printk_char_out
                0x0000000000005f1e        0x4 zephyr/libzephyr.a(printk.c.obj)
                0x0000000000005f1e                arch_printk_char_out
 .text.printk   0x0000000000005f22       0x1a zephyr/libzephyr.a(printk.c.obj)
                0x0000000000005f22                printk
 .text.process_recheck
                0x0000000000005f3c       0x38 zephyr/libzephyr.a(onoff.c.obj)
 .text.validate_args
                0x0000000000005f74       0x20 zephyr/libzephyr.a(onoff.c.obj)
 .text.notify_one
                0x0000000000005f94       0x2c zephyr/libzephyr.a(onoff.c.obj)
 .text.transition_complete
                0x0000000000005fc0       0x1a zephyr/libzephyr.a(onoff.c.obj)
 .text.onoff_manager_init
                0x0000000000005fda       0x26 zephyr/libzephyr.a(onoff.c.obj)
                0x0000000000005fda                onoff_manager_init
 .text.onoff_request
                0x0000000000006000       0xae zephyr/libzephyr.a(onoff.c.obj)
                0x0000000000006000                onoff_request
 .text.onoff_release
                0x00000000000060ae       0x48 zephyr/libzephyr.a(onoff.c.obj)
                0x00000000000060ae                onoff_release
 .text.sys_notify_validate
                0x00000000000060f6       0x22 zephyr/libzephyr.a(notify.c.obj)
                0x00000000000060f6                sys_notify_validate
 .text.sys_notify_finalize
                0x0000000000006118       0x1a zephyr/libzephyr.a(notify.c.obj)
                0x0000000000006118                sys_notify_finalize
 .text._ConfigAbsSyms
                0x0000000000006132        0x2 zephyr/libzephyr.a(configs.c.obj)
                0x0000000000006132                _ConfigAbsSyms
 .text.hts221_read_reg
                0x0000000000006134       0x16 zephyr/libzephyr.a(hts221_reg.c.obj)
                0x0000000000006134                hts221_read_reg
 .text.hts221_write_reg
                0x000000000000614a       0x16 zephyr/libzephyr.a(hts221_reg.c.obj)
                0x000000000000614a                hts221_write_reg
 .text.hts221_data_rate_set
                0x0000000000006160       0x2e zephyr/libzephyr.a(hts221_reg.c.obj)
                0x0000000000006160                hts221_data_rate_set
 .text.hts221_block_data_update_set
                0x000000000000618e       0x2e zephyr/libzephyr.a(hts221_reg.c.obj)
                0x000000000000618e                hts221_block_data_update_set
 .text.hts221_device_id_get
                0x00000000000061bc        0xe zephyr/libzephyr.a(hts221_reg.c.obj)
                0x00000000000061bc                hts221_device_id_get
 .text.hts221_power_on_set
                0x00000000000061ca       0x2e zephyr/libzephyr.a(hts221_reg.c.obj)
                0x00000000000061ca                hts221_power_on_set
 .text.hts221_drdy_on_int_set
                0x00000000000061f8       0x2e zephyr/libzephyr.a(hts221_reg.c.obj)
                0x00000000000061f8                hts221_drdy_on_int_set
 .text.lsm9ds1_read_reg
                0x0000000000006226       0x16 zephyr/libzephyr.a(lsm9ds1_reg.c.obj)
                0x0000000000006226                lsm9ds1_read_reg
 .text.lsm9ds1_write_reg
                0x000000000000623c       0x16 zephyr/libzephyr.a(lsm9ds1_reg.c.obj)
                0x000000000000623c                lsm9ds1_write_reg
 .text.lsm9ds1_gy_full_scale_set
                0x0000000000006252       0x2e zephyr/libzephyr.a(lsm9ds1_reg.c.obj)
                0x0000000000006252                lsm9ds1_gy_full_scale_set
 .text.lsm9ds1_imu_data_rate_set
                0x0000000000006280       0x84 zephyr/libzephyr.a(lsm9ds1_reg.c.obj)
                0x0000000000006280                lsm9ds1_imu_data_rate_set
 .text.lsm9ds1_imu_data_rate_get
                0x0000000000006304       0xf8 zephyr/libzephyr.a(lsm9ds1_reg.c.obj)
                0x0000000000006304                lsm9ds1_imu_data_rate_get
 .text.lsm9ds1_xl_full_scale_set
                0x00000000000063fc       0x2e zephyr/libzephyr.a(lsm9ds1_reg.c.obj)
                0x00000000000063fc                lsm9ds1_xl_full_scale_set
 .text.lsm9ds1_angular_rate_raw_get
                0x000000000000642a       0x3c zephyr/libzephyr.a(lsm9ds1_reg.c.obj)
                0x000000000000642a                lsm9ds1_angular_rate_raw_get
 .text.lsm9ds1_acceleration_raw_get
                0x0000000000006466       0x3c zephyr/libzephyr.a(lsm9ds1_reg.c.obj)
                0x0000000000006466                lsm9ds1_acceleration_raw_get
 .text.abort_function
                0x00000000000064a2        0x2 zephyr/libzephyr.a(nrf_cc3xx_platform_abort_zephyr.c.obj)
 .text.z_arm_fatal_error
                0x00000000000064a4        0xc zephyr/arch/arch/arm/core/libarch__arm__core.a(fatal.c.obj)
                0x00000000000064a4                z_arm_fatal_error
 .text.z_do_kernel_oops
                0x00000000000064b0        0x8 zephyr/arch/arch/arm/core/libarch__arm__core.a(fatal.c.obj)
                0x00000000000064b0                z_do_kernel_oops
 .text.z_arm_nmi
                0x00000000000064b8        0xe zephyr/arch/arch/arm/core/libarch__arm__core.a(nmi.c.obj)
                0x00000000000064b8                z_arm_nmi
 .text.z_irq_spurious
                0x00000000000064c6        0x8 zephyr/arch/arch/arm/core/cortex_m/libarch__arm__core__cortex_m.a(irq_manage.c.obj)
                0x00000000000064c6                z_irq_spurious
 .text.arch_irq_unlock_outlined
                0x00000000000064ce        0xe zephyr/arch/arch/arm/core/cortex_m/libarch__arm__core__cortex_m.a(thread.c.obj)
                0x00000000000064ce                arch_irq_unlock_outlined
 .text.arch_cpu_idle
                0x00000000000064dc       0x1a zephyr/arch/arch/arm/core/cortex_m/libarch__arm__core__cortex_m.a(cpu_idle.c.obj)
                0x00000000000064dc                arch_cpu_idle
 .text.arch_cpu_atomic_idle
                0x00000000000064f6       0x1e zephyr/arch/arch/arm/core/cortex_m/libarch__arm__core__cortex_m.a(cpu_idle.c.obj)
                0x00000000000064f6                arch_cpu_atomic_idle
 .text.size_to_mpu_rasr_size
                0x0000000000006514       0x20 zephyr/arch/arch/arm/core/mpu/libarch__arm__core__mpu.a(arm_mpu.c.obj)
 .text.picolibc_put
                0x0000000000006534        0xa zephyr/lib/libc/picolibc/liblib__libc__picolibc.a(libc-hooks.c.obj)
 .text.gpio_pin_configure_dt
                0x000000000000653e       0x3e zephyr/boards/arduino/nano_33_ble/libboards__arduino__nano_33_ble.a(board.c.obj)
 .text.get_status
                0x000000000000657c       0x12 zephyr/drivers/clock_control/libdrivers__clock_control.a(clock_control_nrf.c.obj)
 .text.stop     0x000000000000658e       0x52 zephyr/drivers/clock_control/libdrivers__clock_control.a(clock_control_nrf.c.obj)
 .text.api_stop
                0x00000000000065e0        0x6 zephyr/drivers/clock_control/libdrivers__clock_control.a(clock_control_nrf.c.obj)
 .text.async_start
                0x00000000000065e6       0x5c zephyr/drivers/clock_control/libdrivers__clock_control.a(clock_control_nrf.c.obj)
 .text.api_start
                0x0000000000006642        0xe zephyr/drivers/clock_control/libdrivers__clock_control.a(clock_control_nrf.c.obj)
 .text.onoff_started_callback
                0x0000000000006650       0x12 zephyr/drivers/clock_control/libdrivers__clock_control.a(clock_control_nrf.c.obj)
 .text.lfclk_start
                0x0000000000006662        0x6 zephyr/drivers/clock_control/libdrivers__clock_control.a(clock_control_nrf.c.obj)
 .text.lfclk_stop
                0x0000000000006668        0x6 zephyr/drivers/clock_control/libdrivers__clock_control.a(clock_control_nrf.c.obj)
 .text.blocking_start_callback
                0x000000000000666e        0x6 zephyr/drivers/clock_control/libdrivers__clock_control.a(clock_control_nrf.c.obj)
 .text.gpio_nrfx_port_get_raw
                0x0000000000006674        0xe zephyr/drivers/gpio/libdrivers__gpio.a(gpio_nrfx.c.obj)
 .text.gpio_nrfx_port_set_masked_raw
                0x0000000000006682       0x18 zephyr/drivers/gpio/libdrivers__gpio.a(gpio_nrfx.c.obj)
 .text.gpio_nrfx_port_set_bits_raw
                0x000000000000669a        0xc zephyr/drivers/gpio/libdrivers__gpio.a(gpio_nrfx.c.obj)
 .text.gpio_nrfx_port_clear_bits_raw
                0x00000000000066a6        0xc zephyr/drivers/gpio/libdrivers__gpio.a(gpio_nrfx.c.obj)
 .text.gpio_nrfx_port_toggle_bits
                0x00000000000066b2       0x1a zephyr/drivers/gpio/libdrivers__gpio.a(gpio_nrfx.c.obj)
 .text.gpio_nrfx_manage_callback
                0x00000000000066cc       0x52 zephyr/drivers/gpio/libdrivers__gpio.a(gpio_nrfx.c.obj)
 .text.irq_connect0
                0x000000000000671e        0xa zephyr/drivers/i2c/libdrivers__i2c.a(i2c_nrfx_twim.c.obj)
 .text.irq_connect1
                0x0000000000006728        0xa zephyr/drivers/i2c/libdrivers__i2c.a(i2c_nrfx_twim.c.obj)
 .text.i2c_nrfx_twim_init
                0x0000000000006732       0x26 zephyr/drivers/i2c/libdrivers__i2c.a(i2c_nrfx_twim.c.obj)
 .text.pinctrl_apply_state.isra.0
                0x0000000000006758       0x1e zephyr/drivers/i2c/libdrivers__i2c.a(i2c_nrfx_twim_common.c.obj)
 .text.i2c_nrfx_twim_configure
                0x0000000000006776       0x2e zephyr/drivers/i2c/libdrivers__i2c.a(i2c_nrfx_twim_common.c.obj)
                0x0000000000006776                i2c_nrfx_twim_configure
 .text.twim_nrfx_pm_action
                0x00000000000067a4       0x32 zephyr/drivers/i2c/libdrivers__i2c.a(i2c_nrfx_twim_common.c.obj)
                0x00000000000067a4                twim_nrfx_pm_action
 .text.pinctrl_lookup_state
                0x00000000000067d6       0x26 zephyr/drivers/pinctrl/libdrivers__pinctrl.a(common.c.obj)
                0x00000000000067d6                pinctrl_lookup_state
 .text.regulator_common_data_init
                0x00000000000067fc       0x10 zephyr/drivers/regulator/libdrivers__regulator.a(regulator_common.c.obj)
                0x00000000000067fc                regulator_common_data_init
 .text.regulator_disable
                0x000000000000680c       0x54 zephyr/drivers/regulator/libdrivers__regulator.a(regulator_common.c.obj)
                0x000000000000680c                regulator_disable
 .text.regulator_set_voltage
                0x0000000000006860       0x28 zephyr/drivers/regulator/libdrivers__regulator.a(regulator_common.c.obj)
                0x0000000000006860                regulator_set_voltage
 .text.regulator_set_current_limit
                0x0000000000006888       0x28 zephyr/drivers/regulator/libdrivers__regulator.a(regulator_common.c.obj)
                0x0000000000006888                regulator_set_current_limit
 .text.regulator_set_mode
                0x00000000000068b0       0x3e zephyr/drivers/regulator/libdrivers__regulator.a(regulator_common.c.obj)
                0x00000000000068b0                regulator_set_mode
 .text.regulator_common_init
                0x00000000000068ee       0xf4 zephyr/drivers/regulator/libdrivers__regulator.a(regulator_common.c.obj)
                0x00000000000068ee                regulator_common_init
 .text.gpio_pin_set
                0x00000000000069e2       0x20 zephyr/drivers/regulator/libdrivers__regulator.a(regulator_fixed.c.obj)
 .text.regulator_fixed_enable
                0x0000000000006a02       0x1e zephyr/drivers/regulator/libdrivers__regulator.a(regulator_fixed.c.obj)
 .text.regulator_fixed_count_voltages
                0x0000000000006a20        0xe zephyr/drivers/regulator/libdrivers__regulator.a(regulator_fixed.c.obj)
 .text.regulator_fixed_list_voltage
                0x0000000000006a2e       0x1a zephyr/drivers/regulator/libdrivers__regulator.a(regulator_fixed.c.obj)
 .text.regulator_fixed_init
                0x0000000000006a48       0x56 zephyr/drivers/regulator/libdrivers__regulator.a(regulator_fixed.c.obj)
 .text.regulator_fixed_disable
                0x0000000000006a9e       0x16 zephyr/drivers/regulator/libdrivers__regulator.a(regulator_fixed.c.obj)
 .text.i2c_write_read.constprop.0
                0x0000000000006ab4       0x38 zephyr/drivers/sensor/st/stmemsc/libdrivers__sensor__st__stmemsc.a(stmemsc_i2c.c.obj)
 .text.i2c_burst_write
                0x0000000000006aec       0x3c zephyr/drivers/sensor/st/stmemsc/libdrivers__sensor__st__stmemsc.a(stmemsc_i2c.c.obj)
 .text.stmemsc_i2c_read
                0x0000000000006b28       0x1c zephyr/drivers/sensor/st/stmemsc/libdrivers__sensor__st__stmemsc.a(stmemsc_i2c.c.obj)
                0x0000000000006b28                stmemsc_i2c_read
 .text.stmemsc_i2c_write
                0x0000000000006b44       0x16 zephyr/drivers/sensor/st/stmemsc/libdrivers__sensor__st__stmemsc.a(stmemsc_i2c.c.obj)
                0x0000000000006b44                stmemsc_i2c_write
 .text.stmemsc_mdelay
                0x0000000000006b5a       0x26 zephyr/drivers/sensor/st/stmemsc/libdrivers__sensor__st__stmemsc.a(stmemsc_mdelay.c.obj)
                0x0000000000006b5a                stmemsc_mdelay
 .text.hts221_sample_fetch
                0x0000000000006b80       0x28 zephyr/drivers/sensor/st/hts221/libdrivers__sensor__st__hts221.a(hts221.c.obj)
 .text.hts221_init
                0x0000000000006ba8       0xae zephyr/drivers/sensor/st/hts221/libdrivers__sensor__st__hts221.a(hts221.c.obj)
                0x0000000000006ba8                hts221_init
 .text.setup_drdy.isra.0
                0x0000000000006c56       0x44 zephyr/drivers/sensor/st/hts221/libdrivers__sensor__st__hts221.a(hts221_trigger.c.obj)
 .text.hts221_drdy_callback
                0x0000000000006c9a       0x1c zephyr/drivers/sensor/st/hts221/libdrivers__sensor__st__hts221.a(hts221_trigger.c.obj)
 .text.hts221_work_cb
                0x0000000000006cb6       0x24 zephyr/drivers/sensor/st/hts221/libdrivers__sensor__st__hts221.a(hts221_trigger.c.obj)
 .text.hts221_trigger_set
                0x0000000000006cda       0x6a zephyr/drivers/sensor/st/hts221/libdrivers__sensor__st__hts221.a(hts221_trigger.c.obj)
                0x0000000000006cda                hts221_trigger_set
 .text.i2c_write_read.constprop.0
                0x0000000000006d44       0x38 zephyr/drivers/sensor/st/lps22hb/libdrivers__sensor__st__lps22hb.a(lps22hb.c.obj)
 .text.lps22hb_sample_fetch
                0x0000000000006d7c       0x4c zephyr/drivers/sensor/st/lps22hb/libdrivers__sensor__st__lps22hb.a(lps22hb.c.obj)
 .text.i2c_reg_update_byte.constprop.0
                0x0000000000006dc8       0x6e zephyr/drivers/sensor/st/lps22hb/libdrivers__sensor__st__lps22hb.a(lps22hb.c.obj)
 .text.lps22hb_init
                0x0000000000006e36       0x6c zephyr/drivers/sensor/st/lps22hb/libdrivers__sensor__st__lps22hb.a(lps22hb.c.obj)
 .text.lsm9ds1_gyro_set_odr_raw
                0x0000000000006ea2       0x3c zephyr/drivers/sensor/st/lsm9ds1/libdrivers__sensor__st__lsm9ds1.a(lsm9ds1.c.obj)
 .text.lsm9ds1_accel_set_odr_raw
                0x0000000000006ede       0x3c zephyr/drivers/sensor/st/lsm9ds1/libdrivers__sensor__st__lsm9ds1.a(lsm9ds1.c.obj)
 .text.lsm9ds1_sample_fetch
                0x0000000000006f1a       0x36 zephyr/drivers/sensor/st/lsm9ds1/libdrivers__sensor__st__lsm9ds1.a(lsm9ds1.c.obj)
 .text.i2c_transfer
                0x0000000000006f50       0x1e zephyr/drivers/sensor/apds9960/libdrivers__sensor__apds9960.a(apds9960.c.obj)
 .text.apds9960_channel_get
                0x0000000000006f6e       0x36 zephyr/drivers/sensor/apds9960/libdrivers__sensor__apds9960.a(apds9960.c.obj)
 .text.apds9960_handle_cb
                0x0000000000006fa4       0x1e zephyr/drivers/sensor/apds9960/libdrivers__sensor__apds9960.a(apds9960.c.obj)
 .text.apds9960_gpio_callback
                0x0000000000006fc2        0x6 zephyr/drivers/sensor/apds9960/libdrivers__sensor__apds9960.a(apds9960.c.obj)
 .text.i2c_reg_write_byte_dt
                0x0000000000006fc8       0x28 zephyr/drivers/sensor/apds9960/libdrivers__sensor__apds9960.a(apds9960.c.obj)
 .text.i2c_reg_read_byte_dt
                0x0000000000006ff0       0x34 zephyr/drivers/sensor/apds9960/libdrivers__sensor__apds9960.a(apds9960.c.obj)
 .text.i2c_reg_update_byte_dt
                0x0000000000007024       0x78 zephyr/drivers/sensor/apds9960/libdrivers__sensor__apds9960.a(apds9960.c.obj)
 .text.apds9960_sample_fetch
                0x000000000000709c       0xd0 zephyr/drivers/sensor/apds9960/libdrivers__sensor__apds9960.a(apds9960.c.obj)
 .text.event_clear
                0x000000000000716c       0x18 zephyr/drivers/timer/libdrivers__timer.a(nrf_rtc_timer.c.obj)
 .text.hw_cc3xx_init_internal
                0x0000000000007184        0x4 modules/nrf/drivers/hw_cc3xx/lib..__nrf__drivers__hw_cc3xx.a(hw_cc3xx.c.obj)
 .text.hw_cc3xx_init
                0x0000000000007188       0x12 modules/nrf/drivers/hw_cc3xx/lib..__nrf__drivers__hw_cc3xx.a(hw_cc3xx.c.obj)
 .text.nrfx_isr
                0x000000000000719a        0x2 modules/hal_nordic/nrfx/libmodules__hal_nordic__nrfx.a(nrfx_glue.c.obj)
                0x000000000000719a                nrfx_isr
 .text.nrfx_busy_wait
                0x000000000000719c        0x4 modules/hal_nordic/nrfx/libmodules__hal_nordic__nrfx.a(nrfx_glue.c.obj)
                0x000000000000719c                nrfx_busy_wait
 .text.nrfx_clock_stop
                0x00000000000071a0        0x4 modules/hal_nordic/nrfx/libmodules__hal_nordic__nrfx.a(nrfx_clock.c.obj)
                0x00000000000071a0                nrfx_clock_stop
 .text.nrf_gpio_reconfigure
                0x00000000000071a4       0x92 modules/hal_nordic/nrfx/libmodules__hal_nordic__nrfx.a(nrfx_gpiote.c.obj)
 .text.nrf_gpio_cfg_sense_set
                0x0000000000007236       0x1e modules/hal_nordic/nrfx/libmodules__hal_nordic__nrfx.a(nrfx_gpiote.c.obj)
 .text.pin_trigger_disable
                0x0000000000007254       0x48 modules/hal_nordic/nrfx/libmodules__hal_nordic__nrfx.a(nrfx_gpiote.c.obj)
 .text.nrfx_gpiote_pin_uninit
                0x000000000000729c        0x4 modules/hal_nordic/nrfx/libmodules__hal_nordic__nrfx.a(nrfx_gpiote.c.obj)
                0x000000000000729c                nrfx_gpiote_pin_uninit
 .text.nrfx_gpiote_trigger_disable
                0x00000000000072a0        0x4 modules/hal_nordic/nrfx/libmodules__hal_nordic__nrfx.a(nrfx_gpiote.c.obj)
                0x00000000000072a0                nrfx_gpiote_trigger_disable
 .text.xfer_completeness_check
                0x00000000000072a4       0x62 modules/hal_nordic/nrfx/libmodules__hal_nordic__nrfx.a(nrfx_twim.c.obj)
 .text.pins_configure
                0x0000000000007306       0x24 modules/hal_nordic/nrfx/libmodules__hal_nordic__nrfx.a(nrfx_twim.c.obj)
 .text.__nrfy_internal_twim_event_handle.isra.0
                0x000000000000732a       0x22 modules/hal_nordic/nrfx/libmodules__hal_nordic__nrfx.a(nrfx_twim.c.obj)
 .text.__nrfy_internal_twim_events_process.constprop.0
                0x000000000000734c       0x54 modules/hal_nordic/nrfx/libmodules__hal_nordic__nrfx.a(nrfx_twim.c.obj)
 .text.nrf_gpio_pin_set
                0x00000000000073a0       0x1a modules/hal_nordic/nrfx/libmodules__hal_nordic__nrfx.a(nrfx_twi_twim.c.obj)
 .text._GetAvailWriteSpace
                0x00000000000073ba       0x12 modules/segger/libmodules__segger.a(SEGGER_RTT.c.obj)
 .text._WriteNoCheck
                0x00000000000073cc       0x3a modules/segger/libmodules__segger.a(SEGGER_RTT.c.obj)
 .text._WriteBlocking
                0x0000000000007406       0x5a modules/segger/libmodules__segger.a(SEGGER_RTT.c.obj)
 .text.SEGGER_RTT_Init
                0x0000000000007460        0x4 modules/segger/libmodules__segger.a(SEGGER_RTT.c.obj)
                0x0000000000007460                SEGGER_RTT_Init
 .text.rtt_init
                0x0000000000007464        0xa modules/segger/libmodules__segger.a(SEGGER_RTT_zephyr.c.obj)
 .text.z_impl_k_busy_wait
                0x000000000000746e        0x8 zephyr/kernel/libkernel.a(busy_wait.c.obj)
                0x000000000000746e                z_impl_k_busy_wait
 .text.z_device_state_init
                0x0000000000007476        0x2 zephyr/kernel/libkernel.a(device.c.obj)
                0x0000000000007476                z_device_state_init
 .text.z_impl_device_is_ready
                0x0000000000007478       0x16 zephyr/kernel/libkernel.a(device.c.obj)
                0x0000000000007478                z_impl_device_is_ready
 .text.arch_system_halt
                0x000000000000748e       0x10 zephyr/kernel/libkernel.a(fatal.c.obj)
                0x000000000000748e                arch_system_halt
 .text.k_sys_fatal_error_handler
                0x000000000000749e        0x6 zephyr/kernel/libkernel.a(fatal.c.obj)
                0x000000000000749e                k_sys_fatal_error_handler
 .text.do_device_init
                0x00000000000074a4       0x30 zephyr/kernel/libkernel.a(init.c.obj)
 .text.z_early_memset
                0x00000000000074d4        0x4 zephyr/kernel/libkernel.a(init.c.obj)
                0x00000000000074d4                z_early_memset
 .text.z_early_memcpy
                0x00000000000074d8        0x4 zephyr/kernel/libkernel.a(init.c.obj)
                0x00000000000074d8                z_early_memcpy
 .text.z_init_static
                0x00000000000074dc        0x2 zephyr/kernel/libkernel.a(init_static.c.obj)
                0x00000000000074dc                z_init_static
 .text.create_free_list
                0x00000000000074de       0x34 zephyr/kernel/libkernel.a(mem_slab.c.obj)
 .text.k_mem_slab_init
                0x0000000000007512       0x1c zephyr/kernel/libkernel.a(mem_slab.c.obj)
                0x0000000000007512                k_mem_slab_init
 .text.k_mem_slab_free
                0x000000000000752e       0x4a zephyr/kernel/libkernel.a(mem_slab.c.obj)
                0x000000000000752e                k_mem_slab_free
 .text.idle     0x0000000000007578       0x16 zephyr/kernel/libkernel.a(idle.c.obj)
                0x0000000000007578                idle
 .text.adjust_owner_prio.isra.0
                0x000000000000758e       0x10 zephyr/kernel/libkernel.a(mutex.c.obj)
 .text.z_impl_k_mutex_init
                0x000000000000759e        0xe zephyr/kernel/libkernel.a(mutex.c.obj)
                0x000000000000759e                z_impl_k_mutex_init
 .text.z_impl_k_sem_init
                0x00000000000075ac       0x18 zephyr/kernel/libkernel.a(sem.c.obj)
                0x00000000000075ac                z_impl_k_sem_init
 .text.flag_test_and_clear
                0x00000000000075c4       0x16 zephyr/kernel/libkernel.a(work.c.obj)
 .text.notify_queue_locked.isra.0
                0x00000000000075da        0xe zephyr/kernel/libkernel.a(work.c.obj)
 .text.z_work_submit_to_queue
                0x00000000000075e8       0x26 zephyr/kernel/libkernel.a(work.c.obj)
                0x00000000000075e8                z_work_submit_to_queue
 .text.k_work_submit_to_queue
                0x000000000000760e       0x20 zephyr/kernel/libkernel.a(work.c.obj)
                0x000000000000760e                k_work_submit_to_queue
 .text.k_is_in_isr
                0x000000000000762e        0xc zephyr/kernel/libkernel.a(thread.c.obj)
                0x000000000000762e                k_is_in_isr
 .text.z_impl_k_thread_name_set
                0x000000000000763a        0x6 zephyr/kernel/libkernel.a(thread.c.obj)
                0x000000000000763a                z_impl_k_thread_name_set
 .text.z_impl_k_thread_start
                0x0000000000007640        0x4 zephyr/kernel/libkernel.a(thread.c.obj)
                0x0000000000007640                z_impl_k_thread_start
 .text.sys_dlist_remove
                0x0000000000007644       0x10 zephyr/kernel/libkernel.a(sched.c.obj)
 .text.unpend_thread_no_timeout
                0x0000000000007654       0x14 zephyr/kernel/libkernel.a(sched.c.obj)
 .text.add_to_waitq_locked
                0x0000000000007668       0x50 zephyr/kernel/libkernel.a(sched.c.obj)
 .text.z_ready_thread
                0x00000000000076b8       0x1e zephyr/kernel/libkernel.a(sched.c.obj)
                0x00000000000076b8                z_ready_thread
 .text.z_impl_k_thread_suspend
                0x00000000000076d6       0x34 zephyr/kernel/libkernel.a(sched.c.obj)
                0x00000000000076d6                z_impl_k_thread_suspend
 .text.z_sched_wake_thread
                0x000000000000770a       0x42 zephyr/kernel/libkernel.a(sched.c.obj)
                0x000000000000770a                z_sched_wake_thread
 .text.z_thread_timeout
                0x000000000000774c        0x8 zephyr/kernel/libkernel.a(sched.c.obj)
                0x000000000000774c                z_thread_timeout
 .text.z_unpend_first_thread
                0x0000000000007754       0x36 zephyr/kernel/libkernel.a(sched.c.obj)
                0x0000000000007754                z_unpend_first_thread
 .text.z_thread_abort
                0x000000000000778a       0x44 zephyr/kernel/libkernel.a(sched.c.obj)
                0x000000000000778a                z_thread_abort
 .text.z_sched_wake
                0x00000000000077ce       0x44 zephyr/kernel/libkernel.a(sched.c.obj)
                0x00000000000077ce                z_sched_wake
 .text.z_abort_timeout
                0x0000000000007812       0x2a zephyr/kernel/libkernel.a(timeout.c.obj)
                0x0000000000007812                z_abort_timeout
 .text.sys_clock_tick_get_32
                0x000000000000783c        0x8 zephyr/kernel/libkernel.a(timeout.c.obj)
                0x000000000000783c                sys_clock_tick_get_32
 .text.memcpy   0x0000000000007844       0x1c c:\ncs\toolchains\b620d30767\opt\zephyr-sdk\arm-zephyr-eabi\bin\../lib/gcc/../../picolibc/arm-zephyr-eabi/lib/thumb/v7e-m/nofp\libc.a(memcpy.c.o)
                0x0000000000007844                __aeabi_memcpy
                0x0000000000007844                __aeabi_memcpy4
                0x0000000000007844                __aeabi_memcpy8
                0x0000000000007844                memcpy
 .text.memset   0x0000000000007860       0x10 c:\ncs\toolchains\b620d30767\opt\zephyr-sdk\arm-zephyr-eabi\bin\../lib/gcc/../../picolibc/arm-zephyr-eabi/lib/thumb/v7e-m/nofp\libc.a(memset.c.o)
                0x0000000000007860                memset
 .text.strnlen  0x0000000000007870       0x18 c:\ncs\toolchains\b620d30767\opt\zephyr-sdk\arm-zephyr-eabi\bin\../lib/gcc/../../picolibc/arm-zephyr-eabi/lib/thumb/v7e-m/nofp\libc.a(libc_string_strnlen.c.o)
                0x0000000000007870                strnlen
 .text.__ultoa_invert
                0x0000000000007888       0xae c:\ncs\toolchains\b620d30767\opt\zephyr-sdk\arm-zephyr-eabi\bin\../lib/gcc/../../picolibc/arm-zephyr-eabi/lib/thumb/v7e-m/nofp\libc.a(libc_tinystdio_vflprintf.c.o)
 *(SORT_BY_ALIGNMENT(.TEXT.*))
 *fill*         0x0000000000007936        0x2 
 .TEXT.__aeabi_read_tp
                0x0000000000007938        0xc zephyr/arch/arch/arm/core/cortex_m/libarch__arm__core__cortex_m.a(__aeabi_read_tp.S.obj)
                0x0000000000007938                __aeabi_read_tp
 *(SORT_BY_ALIGNMENT(.gnu.linkonce.t.*))
 *(SORT_BY_ALIGNMENT(.glue_7t))
 .glue_7t       0x0000000000007944        0x0 linker stubs
 *(SORT_BY_ALIGNMENT(.glue_7))
 .glue_7        0x0000000000007944        0x0 linker stubs
 *(SORT_BY_ALIGNMENT(.vfp11_veneer))
 .vfp11_veneer  0x0000000000007944        0x0 linker stubs
 *(SORT_BY_ALIGNMENT(.v4_bx))
 .v4_bx         0x0000000000007944        0x0 linker stubs
                0x0000000000007944                . = ALIGN (0x4)
                0x0000000000007944                __text_region_end = .

.ARM.exidx      0x0000000000007944        0x8
                0x0000000000007944                __exidx_start = .
 *(SORT_BY_ALIGNMENT(.ARM.exidx*) SORT_BY_ALIGNMENT(gnu.linkonce.armexidx.*))
 .ARM.exidx     0x0000000000007944        0x8 c:/ncs/toolchains/b620d30767/opt/zephyr-sdk/arm-zephyr-eabi/bin/../lib/gcc/arm-zephyr-eabi/12.2.0/thumb/v7e-m/nofp\libgcc.a(_udivmoddi4.o)
                0x000000000000794c                __exidx_end = .
                0x000000000000794c                __rodata_region_start = .

initlevel       0x000000000000794c       0xb8
                0x000000000000794c                __init_start = .
                0x000000000000794c                __init_EARLY_start = .
 *(SORT_BY_NAME(SORT_BY_ALIGNMENT(.z_init_EARLY?_*)))
 *(SORT_BY_NAME(SORT_BY_ALIGNMENT(.z_init_EARLY??_*)))
                0x000000000000794c                __init_PRE_KERNEL_1_start = .
 *(SORT_BY_NAME(SORT_BY_ALIGNMENT(.z_init_PRE_KERNEL_1?_*)))
 .z_init_PRE_KERNEL_10_0_
                0x000000000000794c        0x8 zephyr/soc/soc/nrf52840/libsoc__nordic.a(soc.c.obj)
 *(SORT_BY_NAME(SORT_BY_ALIGNMENT(.z_init_PRE_KERNEL_1??_*)))
 .z_init_PRE_KERNEL_130_00070_
                0x0000000000007954        0x8 zephyr/drivers/clock_control/libdrivers__clock_control.a(clock_control_nrf.c.obj)
 .z_init_PRE_KERNEL_130_0_
                0x000000000000795c        0x8 modules/segger/libmodules__segger.a(SEGGER_RTT_zephyr.c.obj)
 .z_init_PRE_KERNEL_130_0_
                0x0000000000007964        0x8 zephyr/kernel/libkernel.a(mem_slab.c.obj)
 .z_init_PRE_KERNEL_140_00008_
                0x000000000000796c        0x8 zephyr/drivers/gpio/libdrivers__gpio.a(gpio_nrfx.c.obj)
 .z_init_PRE_KERNEL_140_00013_
                0x0000000000007974        0x8 zephyr/drivers/gpio/libdrivers__gpio.a(gpio_nrfx.c.obj)
 .z_init_PRE_KERNEL_140_0_
                0x000000000000797c        0x8 zephyr/drivers/console/libdrivers__console.a(rtt_console.c.obj)
 .z_init_PRE_KERNEL_140_0_
                0x0000000000007984        0x8 modules/nrf/drivers/hw_cc3xx/lib..__nrf__drivers__hw_cc3xx.a(hw_cc3xx.c.obj)
 .z_init_PRE_KERNEL_150_00105_
                0x000000000000798c        0x8 zephyr/drivers/serial/libdrivers__serial.a(uart_nrfx_uart.c.obj)
                0x0000000000007994                __init_PRE_KERNEL_2_start = .
 *(SORT_BY_NAME(SORT_BY_ALIGNMENT(.z_init_PRE_KERNEL_2?_*)))
 .z_init_PRE_KERNEL_20_0_
                0x0000000000007994        0x8 zephyr/drivers/timer/libdrivers__timer.a(nrf_rtc_timer.c.obj)
 *(SORT_BY_NAME(SORT_BY_ALIGNMENT(.z_init_PRE_KERNEL_2??_*)))
                0x000000000000799c                __init_POST_KERNEL_start = .
 *(SORT_BY_NAME(SORT_BY_ALIGNMENT(.z_init_POST_KERNEL?_*)))
 *(SORT_BY_NAME(SORT_BY_ALIGNMENT(.z_init_POST_KERNEL??_*)))
 .z_init_POST_KERNEL35_0_
                0x000000000000799c        0x8 zephyr/lib/libc/common/liblib__libc__common.a(malloc.c.obj)
 .z_init_POST_KERNEL40_0_
                0x00000000000079a4        0x8 modules/nrf/drivers/hw_cc3xx/lib..__nrf__drivers__hw_cc3xx.a(hw_cc3xx.c.obj)
 .z_init_POST_KERNEL40_0_
                0x00000000000079ac        0x8 zephyr/kernel/libkernel.a(system_work_q.c.obj)
 .z_init_POST_KERNEL50_00081_
                0x00000000000079b4        0x8 zephyr/drivers/i2c/libdrivers__i2c.a(i2c_nrfx_twim.c.obj)
 .z_init_POST_KERNEL50_00116_
                0x00000000000079bc        0x8 zephyr/drivers/i2c/libdrivers__i2c.a(i2c_nrfx_twim.c.obj)
 .z_init_POST_KERNEL50_0_
                0x00000000000079c4        0x8 zephyr/boards/arduino/nano_33_ble/libboards__arduino__nano_33_ble.a(board.c.obj)
 .z_init_POST_KERNEL75_00009_
                0x00000000000079cc        0x8 zephyr/drivers/regulator/libdrivers__regulator.a(regulator_fixed.c.obj)
 .z_init_POST_KERNEL75_00012_
                0x00000000000079d4        0x8 zephyr/drivers/regulator/libdrivers__regulator.a(regulator_fixed.c.obj)
 .z_init_POST_KERNEL90_00099_
                0x00000000000079dc        0x8 zephyr/drivers/sensor/nordic/temp/libdrivers__sensor__nordic__temp.a(temp_nrf5.c.obj)
 .z_init_POST_KERNEL90_00117_
                0x00000000000079e4        0x8 zephyr/drivers/sensor/apds9960/libdrivers__sensor__apds9960.a(apds9960.c.obj)
 .z_init_POST_KERNEL90_00118_
                0x00000000000079ec        0x8 zephyr/drivers/sensor/st/hts221/libdrivers__sensor__st__hts221.a(hts221.c.obj)
 .z_init_POST_KERNEL90_00119_
                0x00000000000079f4        0x8 zephyr/drivers/sensor/st/lps22hb/libdrivers__sensor__st__lps22hb.a(lps22hb.c.obj)
 .z_init_POST_KERNEL90_00120_
                0x00000000000079fc        0x8 zephyr/drivers/sensor/st/lsm9ds1/libdrivers__sensor__st__lsm9ds1.a(lsm9ds1.c.obj)
                0x0000000000007a04                __init_APPLICATION_start = .
 *(SORT_BY_NAME(SORT_BY_ALIGNMENT(.z_init_APPLICATION?_*)))
 *(SORT_BY_NAME(SORT_BY_ALIGNMENT(.z_init_APPLICATION??_*)))
                0x0000000000007a04                __init_SMP_start = .
 *(SORT_BY_NAME(SORT_BY_ALIGNMENT(.z_init_SMP?_*)))
 *(SORT_BY_NAME(SORT_BY_ALIGNMENT(.z_init_SMP??_*)))
                0x0000000000007a04                __init_end = .
                0x0000000000007a04                __deferred_init_list_start = .
 *(SORT_BY_ALIGNMENT(.z_deferred_init*))
                0x0000000000007a04                __deferred_init_list_end = .

device_area     0x0000000000007a04      0x104
                0x0000000000007a04                _device_list_start = .
 *(SORT_BY_NAME(SORT_BY_ALIGNMENT(._device.static.*_?_*)))
 *(SORT_BY_NAME(SORT_BY_ALIGNMENT(._device.static.*_??_*)))
 ._device.static.1_30_
                0x0000000000007a04       0x14 zephyr/drivers/clock_control/libdrivers__clock_control.a(clock_control_nrf.c.obj)
                0x0000000000007a04                __device_dts_ord_70
 ._device.static.1_40_
                0x0000000000007a18       0x28 zephyr/drivers/gpio/libdrivers__gpio.a(gpio_nrfx.c.obj)
                0x0000000000007a18                __device_dts_ord_13
                0x0000000000007a2c                __device_dts_ord_8
 ._device.static.1_50_
                0x0000000000007a40       0x14 zephyr/drivers/serial/libdrivers__serial.a(uart_nrfx_uart.c.obj)
                0x0000000000007a40                __device_dts_ord_105
 ._device.static.3_50_
                0x0000000000007a54       0x28 zephyr/drivers/i2c/libdrivers__i2c.a(i2c_nrfx_twim.c.obj)
                0x0000000000007a54                __device_dts_ord_116
                0x0000000000007a68                __device_dts_ord_81
 ._device.static.3_75_
                0x0000000000007a7c       0x28 zephyr/drivers/regulator/libdrivers__regulator.a(regulator_fixed.c.obj)
                0x0000000000007a7c                __device_dts_ord_9
                0x0000000000007a90                __device_dts_ord_12
 ._device.static.3_90_
                0x0000000000007aa4       0x14 zephyr/drivers/sensor/nordic/temp/libdrivers__sensor__nordic__temp.a(temp_nrf5.c.obj)
                0x0000000000007aa4                __device_dts_ord_99
 ._device.static.3_90_
                0x0000000000007ab8       0x14 zephyr/drivers/sensor/st/hts221/libdrivers__sensor__st__hts221.a(hts221.c.obj)
                0x0000000000007ab8                __device_dts_ord_118
 ._device.static.3_90_
                0x0000000000007acc       0x14 zephyr/drivers/sensor/st/lps22hb/libdrivers__sensor__st__lps22hb.a(lps22hb.c.obj)
                0x0000000000007acc                __device_dts_ord_119
 ._device.static.3_90_
                0x0000000000007ae0       0x14 zephyr/drivers/sensor/st/lsm9ds1/libdrivers__sensor__st__lsm9ds1.a(lsm9ds1.c.obj)
                0x0000000000007ae0                __device_dts_ord_120
 ._device.static.3_90_
                0x0000000000007af4       0x14 zephyr/drivers/sensor/apds9960/libdrivers__sensor__apds9960.a(apds9960.c.obj)
                0x0000000000007af4                __device_dts_ord_117
                0x0000000000007b08                _device_list_end = .

sw_isr_table    0x0000000000007b08      0x180
                0x0000000000007b08                . = ALIGN (0x4)
 *(SORT_BY_ALIGNMENT(.gnu.linkonce.sw_isr_table*))
 .gnu.linkonce.sw_isr_table
                0x0000000000007b08      0x180 zephyr/arch/common/libisr_tables.a(isr_tables.c.obj)
                0x0000000000007b08                _sw_isr_table

initlevel_error
                0x000000000000794c        0x0
 *(SORT_BY_NAME(SORT_BY_ALIGNMENT(.z_init_[_A-Z0-9]*)))
                0x0000000000000001                ASSERT ((SIZEOF (initlevel_error) == 0x0), Undefined initialization levels used.)

app_shmem_regions
                0x0000000000007c88        0x0
                0x0000000000007c88                __app_shmem_regions_start = .
 *(SORT_BY_NAME(SORT_BY_ALIGNMENT(.app_regions.*)))
                0x0000000000007c88                __app_shmem_regions_end = .

k_p4wq_initparam_area
                0x0000000000007c88        0x0
                0x0000000000007c88                _k_p4wq_initparam_list_start = .
 *(SORT_BY_NAME(SORT_BY_ALIGNMENT(._k_p4wq_initparam.static.*)))
                0x0000000000007c88                _k_p4wq_initparam_list_end = .

_static_thread_data_area
                0x0000000000007c88        0x0
                0x0000000000007c88                __static_thread_data_list_start = .
 *(SORT_BY_NAME(SORT_BY_ALIGNMENT(.__static_thread_data.static.*)))
                0x0000000000007c88                __static_thread_data_list_end = .

device_deps     0x0000000000007c88        0x0
                0x0000000000007c88                __device_deps_start = .
 *(SORT_BY_NAME(SORT_BY_ALIGNMENT(.__device_deps_pass2*)))
                0x0000000000007c88                __device_deps_end = .

ztest           0x0000000000007c88        0x0
                0x0000000000007c88                _ztest_expected_result_entry_list_start = .
 *(SORT_BY_NAME(SORT_BY_ALIGNMENT(._ztest_expected_result_entry.static.*)))
                0x0000000000007c88                _ztest_expected_result_entry_list_end = .
                0x0000000000007c88                _ztest_suite_node_list_start = .
 *(SORT_BY_NAME(SORT_BY_ALIGNMENT(._ztest_suite_node.static.*)))
                0x0000000000007c88                _ztest_suite_node_list_end = .
                0x0000000000007c88                _ztest_unit_test_list_start = .
 *(SORT_BY_NAME(SORT_BY_ALIGNMENT(._ztest_unit_test.static.*)))
                0x0000000000007c88                _ztest_unit_test_list_end = .
                0x0000000000007c88                _ztest_test_rule_list_start = .
 *(SORT_BY_NAME(SORT_BY_ALIGNMENT(._ztest_test_rule.static.*)))
                0x0000000000007c88                _ztest_test_rule_list_end = .

init_array      0x0000000000007c88        0x0
 *(SORT_BY_NAME(SORT_BY_ALIGNMENT(.ctors*)))
 *(SORT_BY_NAME(SORT_BY_ALIGNMENT(.init_array*)))
                0x0000000000000001                ASSERT ((SIZEOF (init_array) == 0x0), GNU-style constructors required but STATIC_INIT_GNU not enabled)

bt_l2cap_fixed_chan_area
                0x0000000000007c88        0x0
                0x0000000000007c88                _bt_l2cap_fixed_chan_list_start = .
 *(SORT_BY_NAME(SORT_BY_ALIGNMENT(._bt_l2cap_fixed_chan.static.*)))
                0x0000000000007c88                _bt_l2cap_fixed_chan_list_end = .

bt_gatt_service_static_area
                0x0000000000007c88        0x0
                0x0000000000007c88                _bt_gatt_service_static_list_start = .
 *(SORT_BY_NAME(SORT_BY_ALIGNMENT(._bt_gatt_service_static.static.*)))
                0x0000000000007c88                _bt_gatt_service_static_list_end = .

log_strings_area
                0x0000000000007c88        0x0
                0x0000000000007c88                _log_strings_list_start = .
 *(SORT_BY_NAME(SORT_BY_ALIGNMENT(._log_strings.static.*)))
                0x0000000000007c88                _log_strings_list_end = .

log_const_area  0x0000000000007c88        0x0
                0x0000000000007c88                _log_const_list_start = .
 *(SORT_BY_NAME(SORT_BY_ALIGNMENT(._log_const.static.*)))
                0x0000000000007c88                _log_const_list_end = .

log_backend_area
                0x0000000000007c88        0x0
                0x0000000000007c88                _log_backend_list_start = .
 *(SORT_BY_NAME(SORT_BY_ALIGNMENT(._log_backend.static.*)))
                0x0000000000007c88                _log_backend_list_end = .

log_link_area   0x0000000000007c88        0x0
                0x0000000000007c88                _log_link_list_start = .
 *(SORT_BY_NAME(SORT_BY_ALIGNMENT(._log_link.static.*)))
                0x0000000000007c88                _log_link_list_end = .

tracing_backend_area
                0x0000000000007c88        0x0
                0x0000000000007c88                _tracing_backend_list_start = .
 *(SORT_BY_NAME(SORT_BY_ALIGNMENT(._tracing_backend.static.*)))
                0x0000000000007c88                _tracing_backend_list_end = .

zephyr_dbg_info
 *(SORT_BY_ALIGNMENT(.dbg_thread_info))

intc_table_area
                0x0000000000007c88        0x0
                0x0000000000007c88                _intc_table_list_start = .
 *(SORT_BY_NAME(SORT_BY_ALIGNMENT(._intc_table.static.*)))
                0x0000000000007c88                _intc_table_list_end = .

symbol_to_keep  0x0000000000007c88        0x0
                0x0000000000007c88                __symbol_to_keep_start = .
 *(SORT_BY_NAME(SORT_BY_ALIGNMENT(.symbol_to_keep*)))
                0x0000000000007c88                __symbol_to_keep_end = .

shell_area      0x0000000000007c88        0x0
                0x0000000000007c88                _shell_list_start = .
 *(SORT_BY_NAME(SORT_BY_ALIGNMENT(._shell.static.*)))
                0x0000000000007c88                _shell_list_end = .

shell_root_cmds_area
                0x0000000000007c88        0x0
                0x0000000000007c88                _shell_root_cmds_list_start = .
 *(SORT_BY_NAME(SORT_BY_ALIGNMENT(._shell_root_cmds.static.*)))
                0x0000000000007c88                _shell_root_cmds_list_end = .

shell_subcmds_area
                0x0000000000007c88        0x0
                0x0000000000007c88                _shell_subcmds_list_start = .
 *(SORT_BY_NAME(SORT_BY_ALIGNMENT(._shell_subcmds.static.*)))
                0x0000000000007c88                _shell_subcmds_list_end = .

shell_dynamic_subcmds_area
                0x0000000000007c88        0x0
                0x0000000000007c88                _shell_dynamic_subcmds_list_start = .
 *(SORT_BY_NAME(SORT_BY_ALIGNMENT(._shell_dynamic_subcmds.static.*)))
                0x0000000000007c88                _shell_dynamic_subcmds_list_end = .

cfb_font_area   0x0000000000007c88        0x0
                0x0000000000007c88                _cfb_font_list_start = .
 *(SORT_BY_NAME(SORT_BY_ALIGNMENT(._cfb_font.static.*)))
                0x0000000000007c88                _cfb_font_list_end = .

tdata           0x0000000000007c88        0x0
 *(SORT_BY_ALIGNMENT(.tdata) SORT_BY_ALIGNMENT(.tdata.*) SORT_BY_ALIGNMENT(.gnu.linkonce.td.*))

tbss            0x0000000000007c88        0x4
 *(SORT_BY_ALIGNMENT(.tbss) SORT_BY_ALIGNMENT(.tbss.*) SORT_BY_ALIGNMENT(.gnu.linkonce.tb.*) SORT_BY_ALIGNMENT(.tcommon))
 .tbss.z_tls_current
                0x0000000000007c88        0x4 zephyr/libzephyr.a(thread_entry.c.obj)
                0x0000000000007c88                z_tls_current
                0x0000000000007c88                PROVIDE (__tdata_start = LOADADDR (tdata))
                0x0000000000000001                PROVIDE (__tdata_align = ALIGNOF (tdata))
                0x0000000000000000                PROVIDE (__tdata_size = (((SIZEOF (tdata) + __tdata_align) - 0x1) & ~ ((__tdata_align - 0x1))))
                [!provide]                        PROVIDE (__tdata_end = (__tdata_start + __tdata_size))
                0x0000000000000004                PROVIDE (__tbss_align = ALIGNOF (tbss))
                [!provide]                        PROVIDE (__tbss_start = ADDR (tbss))
                0x0000000000000004                PROVIDE (__tbss_size = (((SIZEOF (tbss) + __tbss_align) - 0x1) & ~ ((__tbss_align - 0x1))))
                [!provide]                        PROVIDE (__tbss_end = (__tbss_start + __tbss_size))
                [!provide]                        PROVIDE (__tls_start = __tdata_start)
                [!provide]                        PROVIDE (__tls_end = __tbss_end)
                [!provide]                        PROVIDE (__tls_size = (__tbss_end - __tdata_start))

rodata          0x0000000000007c90      0x654
 *(SORT_BY_ALIGNMENT(.rodata))
 .rodata        0x0000000000007c90        0x8 zephyr/kernel/libkernel.a(system_work_q.c.obj)
 *(SORT_BY_ALIGNMENT(.rodata.*))
 *fill*         0x0000000000007c98        0x8 
 .rodata.delay_machine_code.0
                0x0000000000007ca0        0x6 zephyr/soc/soc/nrf52840/libsoc__nordic.a(soc.c.obj)
 *fill*         0x0000000000007ca6        0x2 
 .rodata.mem_attr_region
                0x0000000000007ca8        0x0 zephyr/libzephyr.a(mem_attr.c.obj)
 .rodata.apis   0x0000000000007ca8        0x8 zephyr/libzephyr.a(nrf_cc3xx_platform_abort_zephyr.c.obj)
 .rodata.mutexes
                0x0000000000007cb0       0x14 zephyr/libzephyr.a(nrf_cc3xx_platform_mutex_zephyr.c.obj)
 .rodata.mutex_apis
                0x0000000000007cc4       0x10 zephyr/libzephyr.a(nrf_cc3xx_platform_mutex_zephyr.c.obj)
 .rodata.static_regions
                0x0000000000007cd4        0xc zephyr/arch/arch/arm/core/mpu/libarch__arm__core__mpu.a(arm_core_mpu.c.obj)
 .rodata.mpu_config
                0x0000000000007ce0        0x8 zephyr/arch/arch/arm/core/mpu/libarch__arm__core__mpu.a(arm_mpu_regions.c.obj)
                0x0000000000007ce0                mpu_config
 .rodata.mpu_regions
                0x0000000000007ce8       0x18 zephyr/arch/arch/arm/core/mpu/libarch__arm__core__mpu.a(arm_mpu_regions.c.obj)
 .rodata.user_led.0
                0x0000000000007d00        0x8 zephyr/boards/arduino/nano_33_ble/libboards__arduino__nano_33_ble.a(board.c.obj)
 .rodata.pull_up.1
                0x0000000000007d08        0x8 zephyr/boards/arduino/nano_33_ble/libboards__arduino__nano_33_ble.a(board.c.obj)
 .rodata.transitions.0
                0x0000000000007d10        0xc zephyr/drivers/clock_control/libdrivers__clock_control.a(clock_control_nrf.c.obj)
 .rodata.config
                0x0000000000007d1c       0x10 zephyr/drivers/clock_control/libdrivers__clock_control.a(clock_control_nrf.c.obj)
 .rodata.clock_control_api
                0x0000000000007d2c       0x1c zephyr/drivers/clock_control/libdrivers__clock_control.a(clock_control_nrf.c.obj)
 .rodata.gpio_nrfx_p1_cfg
                0x0000000000007d48       0x18 zephyr/drivers/gpio/libdrivers__gpio.a(gpio_nrfx.c.obj)
 .rodata.gpio_nrfx_p0_cfg