Archive member included to satisfy reference by file (symbol)

app/libapp.a(main.cpp.obj)    (--whole-archive)
zephyr/libzephyr.a(cpp_dtors.c.obj)
                              (--whole-archive)
zephyr/libzephyr.a(heap.c.obj)
                              (--whole-archive)
zephyr/libzephyr.a(cbprintf_packaged.c.obj)
                              (--whole-archive)
zephyr/libzephyr.a(printk.c.obj)
                              (--whole-archive)
zephyr/libzephyr.a(sem.c.obj)
                              (--whole-archive)
zephyr/libzephyr.a(thread_entry.c.obj)
                              (--whole-archive)
zephyr/libzephyr.a(cbprintf_complete.c.obj)
                              (--whole-archive)
zephyr/libzephyr.a(assert.c.obj)
                              (--whole-archive)
zephyr/libzephyr.a(dec.c.obj)
                              (--whole-archive)
zephyr/libzephyr.a(hex.c.obj)
                              (--whole-archive)
zephyr/libzephyr.a(rb.c.obj)  (--whole-archive)
zephyr/libzephyr.a(timeutil.c.obj)
                              (--whole-archive)
zephyr/libzephyr.a(bitarray.c.obj)
                              (--whole-archive)
zephyr/libzephyr.a(onoff.c.obj)
                              (--whole-archive)
zephyr/libzephyr.a(notify.c.obj)
                              (--whole-archive)
zephyr/libzephyr.a(configs.c.obj)
                              (--whole-archive)
zephyr/libzephyr.a(mem_attr.c.obj)
                              (--whole-archive)
zephyr/libzephyr.a(tracing_none.c.obj)
                              (--whole-archive)
zephyr/libzephyr.a(banner.c.obj)
                              (--whole-archive)
zephyr/libzephyr.a(flash_map_partition_manager.c.obj)
                              (--whole-archive)
zephyr/libzephyr.a(hts221_reg.c.obj)
                              (--whole-archive)
zephyr/libzephyr.a(lsm9ds1_reg.c.obj)
                              (--whole-archive)
zephyr/libzephyr.a(nrf_cc3xx_platform_abort_zephyr.c.obj)
                              (--whole-archive)
zephyr/libzephyr.a(nrf_cc3xx_platform_mutex_zephyr.c.obj)
                              (--whole-archive)
zephyr/arch/common/libarch__common.a(sw_isr_common.c.obj)
                              (--whole-archive)
zephyr/arch/arch/arm/core/libarch__arm__core.a(fatal.c.obj)
                              (--whole-archive)
zephyr/arch/arch/arm/core/libarch__arm__core.a(nmi.c.obj)
                              (--whole-archive)
zephyr/arch/arch/arm/core/libarch__arm__core.a(nmi_on_reset.S.obj)
                              (--whole-archive)
zephyr/arch/arch/arm/core/libarch__arm__core.a(__aeabi_atexit.c.obj)
                              (--whole-archive)
zephyr/arch/arch/arm/core/libarch__arm__core.a(tls.c.obj)
                              (--whole-archive)
zephyr/arch/arch/arm/core/cortex_m/libarch__arm__core__cortex_m.a(exc_exit.c.obj)
                              (--whole-archive)
zephyr/arch/arch/arm/core/cortex_m/libarch__arm__core__cortex_m.a(fault.c.obj)
                              (--whole-archive)
zephyr/arch/arch/arm/core/cortex_m/libarch__arm__core__cortex_m.a(fault_s.S.obj)
                              (--whole-archive)
zephyr/arch/arch/arm/core/cortex_m/libarch__arm__core__cortex_m.a(fpu.c.obj)
                              (--whole-archive)
zephyr/arch/arch/arm/core/cortex_m/libarch__arm__core__cortex_m.a(reset.S.obj)
                              (--whole-archive)
zephyr/arch/arch/arm/core/cortex_m/libarch__arm__core__cortex_m.a(scb.c.obj)
                              (--whole-archive)
zephyr/arch/arch/arm/core/cortex_m/libarch__arm__core__cortex_m.a(thread_abort.c.obj)
                              (--whole-archive)
zephyr/arch/arch/arm/core/cortex_m/libarch__arm__core__cortex_m.a(vector_table.S.obj)
                              (--whole-archive)
zephyr/arch/arch/arm/core/cortex_m/libarch__arm__core__cortex_m.a(swap.c.obj)
                              (--whole-archive)
zephyr/arch/arch/arm/core/cortex_m/libarch__arm__core__cortex_m.a(swap_helper.S.obj)
                              (--whole-archive)
zephyr/arch/arch/arm/core/cortex_m/libarch__arm__core__cortex_m.a(irq_manage.c.obj)
                              (--whole-archive)
zephyr/arch/arch/arm/core/cortex_m/libarch__arm__core__cortex_m.a(prep_c.c.obj)
                              (--whole-archive)
zephyr/arch/arch/arm/core/cortex_m/libarch__arm__core__cortex_m.a(thread.c.obj)
                              (--whole-archive)
zephyr/arch/arch/arm/core/cortex_m/libarch__arm__core__cortex_m.a(cpu_idle.c.obj)
                              (--whole-archive)
zephyr/arch/arch/arm/core/cortex_m/libarch__arm__core__cortex_m.a(irq_init.c.obj)
                              (--whole-archive)
zephyr/arch/arch/arm/core/cortex_m/libarch__arm__core__cortex_m.a(isr_wrapper.c.obj)
                              (--whole-archive)
zephyr/arch/arch/arm/core/cortex_m/libarch__arm__core__cortex_m.a(__aeabi_read_tp.S.obj)
                              (--whole-archive)
[...]
Memory Configuration

Name             Origin             Length             Attributes
FLASH            0x0000000000000000 0x0000000000100000 xr
RAM              0x0000000020000000 0x0000000000040000 xw
IDT_LIST         0x00000000ffff7fff 0x0000000000008000 xw
*default*        0x0000000000000000 0xffffffffffffffff

Linker script and memory map

                0x00000000000058ec                vfprintf = __l_vfprintf
                0x0000000000000000                vfscanf = __l_vfscanf
LOAD zephyr/CMakeFiles/zephyr_pre0.dir/misc/empty_file.c.obj
LOAD zephyr/CMakeFiles/offsets.dir/./arch/arm/core/offsets/offsets.c.obj
LOAD app/libapp.a
LOAD zephyr/libzephyr.a
LOAD zephyr/arch/common/libarch__common.a
LOAD zephyr/arch/arch/arm/core/libarch__arm__core.a
LOAD zephyr/arch/arch/arm/core/cortex_m/libarch__arm__core__cortex_m.a
LOAD zephyr/arch/arch/arm/core/mpu/libarch__arm__core__mpu.a
LOAD zephyr/lib/libc/picolibc/liblib__libc__picolibc.a
LOAD zephyr/lib/libc/common/liblib__libc__common.a
LOAD zephyr/soc/soc/nrf52840/libsoc__nordic.a
LOAD zephyr/boards/arduino/nano_33_ble/libboards__arduino__nano_33_ble.a
LOAD zephyr/drivers/clock_control/libdrivers__clock_control.a
LOAD zephyr/drivers/console/libdrivers__console.a
LOAD zephyr/drivers/gpio/libdrivers__gpio.a
LOAD zephyr/drivers/i2c/libdrivers__i2c.a
LOAD zephyr/drivers/pinctrl/libdrivers__pinctrl.a
LOAD zephyr/drivers/regulator/libdrivers__regulator.a
LOAD zephyr/drivers/sensor/nordic/temp/libdrivers__sensor__nordic__temp.a
LOAD zephyr/drivers/sensor/st/stmemsc/libdrivers__sensor__st__stmemsc.a
LOAD zephyr/drivers/sensor/st/hts221/libdrivers__sensor__st__hts221.a
LOAD zephyr/drivers/sensor/st/lps22hb/libdrivers__sensor__st__lps22hb.a
LOAD zephyr/drivers/sensor/st/lsm9ds1/libdrivers__sensor__st__lsm9ds1.a
LOAD zephyr/drivers/sensor/apds9960/libdrivers__sensor__apds9960.a
LOAD zephyr/drivers/serial/libdrivers__serial.a
LOAD zephyr/drivers/timer/libdrivers__timer.a
LOAD modules/nrf/drivers/hw_cc3xx/lib..__nrf__drivers__hw_cc3xx.a
LOAD modules/hal_nordic/nrfx/libmodules__hal_nordic__nrfx.a
LOAD modules/segger/libmodules__segger.a
LOAD zephyr/kernel/libkernel.a
LOAD zephyr/arch/common/libisr_tables.a
LOAD C:/Users/timrb/workspace/nrfxlib/crypto/nrf_cc310_platform/lib/cortex-m4/soft-float/no-interrupts/libnrf_cc310_platform_0.9.19.a
LOAD c:\ncs\toolchains\b620d30767\opt\zephyr-sdk\arm-zephyr-eabi\bin\../lib/gcc/../../picolibc/arm-zephyr-eabi/lib/thumb/v7e-m/nofp\libstdc++.a
LOAD c:\ncs\toolchains\b620d30767\opt\zephyr-sdk\arm-zephyr-eabi\bin\../lib/gcc/../../picolibc/arm-zephyr-eabi/lib/thumb/v7e-m/nofp\libc.a
LOAD c:/ncs/toolchains/b620d30767/opt/zephyr-sdk/arm-zephyr-eabi/bin/../lib/gcc/arm-zephyr-eabi/12.2.0/thumb/v7e-m/nofp\libgcc.a
                0x0000000000000020                _region_min_align = 0x20

.rel.plt        0x0000000000000000        0x0
 *(SORT_BY_ALIGNMENT(.rel.plt))
                [!provide]                        PROVIDE (__rel_iplt_start = .)
 *(SORT_BY_ALIGNMENT(.rel.iplt))
 .rel.iplt      0x0000000000000000        0x0 app/libapp.a(main.cpp.obj)
                [!provide]                        PROVIDE (__rel_iplt_end = .)

.rela.plt       0x0000000000000000        0x0
 *(SORT_BY_ALIGNMENT(.rela.plt))
                [!provide]                        PROVIDE (__rela_iplt_start = .)
 *(SORT_BY_ALIGNMENT(.rela.iplt))
                [!provide]                        PROVIDE (__rela_iplt_end = .)

.rel.dyn
 *(SORT_BY_ALIGNMENT(.rel.*))

.rela.dyn
 *(SORT_BY_ALIGNMENT(.rela.*))

/DISCARD/
 *(SORT_BY_ALIGNMENT(.plt))

/DISCARD/
 *(SORT_BY_ALIGNMENT(.iplt))
                0x0000000000000000                __rom_region_start = 0x0

rom_start       0x0000000000000000      0x100
                0x0000000000000000                __rom_start_address = .
 FILL mask 0x00
                0x0000000000000000                . = (. + (0x0 - (. - __rom_start_address)))
                0x0000000000000000                . = ALIGN (0x4)
                0x0000000000000000                . = ALIGN (0x80)
                0x0000000000000000                . = ALIGN (0x100)
                0x0000000000000000                _vector_start = .
 *(SORT_BY_ALIGNMENT(.exc_vector_table))
 *(SORT_BY_ALIGNMENT(.exc_vector_table.*))
 .exc_vector_table._vector_table_section
                0x0000000000000000       0x40 zephyr/arch/arch/arm/core/cortex_m/libarch__arm__core__cortex_m.a(vector_table.S.obj)
                0x0000000000000000                _vector_table
 *(SORT_BY_ALIGNMENT(.vectors))
                0x0000000000000100                _vector_end = .
                0x0000000000000040                . = ALIGN (0x4)
 *(SORT_BY_ALIGNMENT(.gnu.linkonce.irq_vector_table*))
 .gnu.linkonce.irq_vector_table
                0x0000000000000040       0xc0 zephyr/arch/common/libisr_tables.a(isr_tables.c.obj)
                0x0000000000000040                _irq_vector_table
                0x0000000000000100                _vector_end = .

text            0x0000000000000100     0x7894
                0x0000000000000100                __text_region_start = .
 *(SORT_BY_ALIGNMENT(.text))
 .text          0x0000000000000100       0xa0 c:/ncs/toolchains/b620d30767/opt/zephyr-sdk/arm-zephyr-eabi/bin/../lib/gcc/arm-zephyr-eabi/12.2.0/thumb/v7e-m/nofp\libgcc.a(_aeabi_ldivmod.o)
                0x0000000000000100                __aeabi_ldivmod
 .text          0x00000000000001a0       0x30 c:/ncs/toolchains/b620d30767/opt/zephyr-sdk/arm-zephyr-eabi/bin/../lib/gcc/arm-zephyr-eabi/12.2.0/thumb/v7e-m/nofp\libgcc.a(_aeabi_uldivmod.o)
                0x00000000000001a0                __aeabi_uldivmod
 .text          0x00000000000001d0        0x4 c:/ncs/toolchains/b620d30767/opt/zephyr-sdk/arm-zephyr-eabi/bin/../lib/gcc/arm-zephyr-eabi/12.2.0/thumb/v7e-m/nofp\libgcc.a(_dvmd_tls.o)
                0x00000000000001d0                __aeabi_idiv0
                0x00000000000001d0                __aeabi_ldiv0
 .text          0x00000000000001d4      0x2a0 c:/ncs/toolchains/b620d30767/opt/zephyr-sdk/arm-zephyr-eabi/bin/../lib/gcc/arm-zephyr-eabi/12.2.0/thumb/v7e-m/nofp\libgcc.a(_udivmoddi4.o)
                0x00000000000001d4                __udivmoddi4
 *(SORT_BY_ALIGNMENT(.text.*))
 *fill*         0x0000000000000474        0x4 
 .text.lsm9ds1_gyro_convert
                0x0000000000000478       0x58 zephyr/drivers/sensor/st/lsm9ds1/libdrivers__sensor__st__lsm9ds1.a(lsm9ds1.c.obj)
 .text.lsm9ds1_attr_set
                0x00000000000004d0      0x1dc zephyr/drivers/sensor/st/lsm9ds1/libdrivers__sensor__st__lsm9ds1.a(lsm9ds1.c.obj)
 *fill*         0x00000000000006ac        0x4 
 .text.lsm9ds1_channel_get
                0x00000000000006b0      0x110 zephyr/drivers/sensor/st/lsm9ds1/libdrivers__sensor__st__lsm9ds1.a(lsm9ds1.c.obj)
 .text.main     0x00000000000007c0       0x70 app/libapp.a(main.cpp.obj)
                0x00000000000007c0                main
 .text.char_out
                0x0000000000000830        0xc zephyr/libzephyr.a(printk.c.obj)
 .text.__printk_hook_install
                0x000000000000083c        0xc zephyr/libzephyr.a(printk.c.obj)
                0x000000000000083c                __printk_hook_install
 .text.vprintk  0x0000000000000848       0x30 zephyr/libzephyr.a(printk.c.obj)
                0x0000000000000848                vprintk
 .text.z_thread_entry
                0x0000000000000878       0x34 zephyr/libzephyr.a(thread_entry.c.obj)
                0x0000000000000878                z_thread_entry
 .text.process_event
                0x00000000000008ac      0x21c zephyr/libzephyr.a(onoff.c.obj)
 .text.mem_attr_get_regions
                0x0000000000000ac8        0xc zephyr/libzephyr.a(mem_attr.c.obj)
                0x0000000000000ac8                mem_attr_get_regions
 .text.boot_banner
                0x0000000000000ad4       0x24 zephyr/libzephyr.a(banner.c.obj)
                0x0000000000000ad4                boot_banner
 .text.nrf_cc3xx_platform_abort_init
                0x0000000000000af8        0xc zephyr/libzephyr.a(nrf_cc3xx_platform_abort_zephyr.c.obj)
                0x0000000000000af8                nrf_cc3xx_platform_abort_init
 .text.mutex_free_platform
                0x0000000000000b04       0x54 zephyr/libzephyr.a(nrf_cc3xx_platform_mutex_zephyr.c.obj)
 .text.mutex_lock_platform
                0x0000000000000b58       0x60 zephyr/libzephyr.a(nrf_cc3xx_platform_mutex_zephyr.c.obj)
 .text.mutex_unlock_platform
                0x0000000000000bb8       0x58 zephyr/libzephyr.a(nrf_cc3xx_platform_mutex_zephyr.c.obj)
 .text.mutex_init_platform
                0x0000000000000c10       0x94 zephyr/libzephyr.a(nrf_cc3xx_platform_mutex_zephyr.c.obj)
 .text.nrf_cc3xx_platform_mutex_init
                0x0000000000000ca4       0x2c zephyr/libzephyr.a(nrf_cc3xx_platform_mutex_zephyr.c.obj)
                0x0000000000000ca4                nrf_cc3xx_platform_mutex_init
 .text.z_SysNmiOnReset
                0x0000000000000cd0        0x8 zephyr/arch/arch/arm/core/libarch__arm__core.a(nmi_on_reset.S.obj)
                0x0000000000000cd0                z_SysNmiOnReset
 .text.arch_tls_stack_setup
                0x0000000000000cd8       0x40 zephyr/arch/arch/arm/core/libarch__arm__core.a(tls.c.obj)
                0x0000000000000cd8                arch_tls_stack_setup
 .text._HandlerModeExit
                0x0000000000000d18       0x28 zephyr/arch/arch/arm/core/cortex_m/libarch__arm__core__cortex_m.a(exc_exit.c.obj)
                0x0000000000000d18                z_arm_int_exit
                0x0000000000000d18                z_arm_exc_exit
 .text.mem_manage_fault
                0x0000000000000d40       0xa0 zephyr/arch/arch/arm/core/cortex_m/libarch__arm__core__cortex_m.a(fault.c.obj)
 .text.usage_fault.constprop.0
                0x0000000000000de0       0x54 zephyr/arch/arch/arm/core/cortex_m/libarch__arm__core__cortex_m.a(fault.c.obj)
 .text.bus_fault.constprop.0
                0x0000000000000e34       0x6c zephyr/arch/arch/arm/core/cortex_m/libarch__arm__core__cortex_m.a(fault.c.obj)
 .text.z_arm_fault
                0x0000000000000ea0      0x128 zephyr/arch/arch/arm/core/cortex_m/libarch__arm__core__cortex_m.a(fault.c.obj)
                0x0000000000000ea0                z_arm_fault
 .text.z_arm_fault_init
                0x0000000000000fc8       0x18 zephyr/arch/arch/arm/core/cortex_m/libarch__arm__core__cortex_m.a(fault.c.obj)
                0x0000000000000fc8                z_arm_fault_init
 .text.__fault  0x0000000000000fe0       0x14 zephyr/arch/arch/arm/core/cortex_m/libarch__arm__core__cortex_m.a(fault_s.S.obj)
                0x0000000000000fe0                z_arm_usage_fault
                0x0000000000000fe0                z_arm_mpu_fault
                0x0000000000000fe0                z_arm_exc_spurious
                0x0000000000000fe0                z_arm_debug_monitor
                0x0000000000000fe0                z_arm_hard_fault
                0x0000000000000fe0                z_arm_bus_fault
 .text._reset_section
                0x0000000000000ff4       0x54 zephyr/arch/arch/arm/core/cortex_m/libarch__arm__core__cortex_m.a(reset.S.obj)
                0x0000000000000ff4                __start
                0x0000000000000ff4                z_arm_reset
 .text.z_arm_clear_arm_mpu_config
                0x0000000000001048       0x24 zephyr/arch/arch/arm/core/cortex_m/libarch__arm__core__cortex_m.a(scb.c.obj)
                0x0000000000001048                z_arm_clear_arm_mpu_config
 .text.z_arm_init_arch_hw_at_boot
                0x000000000000106c       0x64 zephyr/arch/arch/arm/core/cortex_m/libarch__arm__core__cortex_m.a(scb.c.obj)
                0x000000000000106c                z_arm_init_arch_hw_at_boot
 .text.z_impl_k_thread_abort
                0x00000000000010d0       0x2c zephyr/arch/arch/arm/core/cortex_m/libarch__arm__core__cortex_m.a(thread_abort.c.obj)
                0x00000000000010d0                z_impl_k_thread_abort
 .text.arch_swap
                0x00000000000010fc       0x30 zephyr/arch/arch/arm/core/cortex_m/libarch__arm__core__cortex_m.a(swap.c.obj)
                0x00000000000010fc                arch_swap
 .text.z_arm_pendsv_c
                0x000000000000112c       0x48 zephyr/arch/arch/arm/core/cortex_m/libarch__arm__core__cortex_m.a(swap.c.obj)
                0x000000000000112c                z_arm_pendsv_c
 .text.z_arm_pendsv
                0x0000000000001174       0x34 zephyr/arch/arch/arm/core/cortex_m/libarch__arm__core__cortex_m.a(swap_helper.S.obj)
                0x0000000000001174                z_arm_pendsv
 .text.z_arm_svc
                0x00000000000011a8       0x20 zephyr/arch/arch/arm/core/cortex_m/libarch__arm__core__cortex_m.a(swap_helper.S.obj)
                0x00000000000011a8                z_arm_svc
 .text.arch_irq_enable
                0x00000000000011c8       0x1c zephyr/arch/arch/arm/core/cortex_m/libarch__arm__core__cortex_m.a(irq_manage.c.obj)
                0x00000000000011c8                arch_irq_enable
 .text.arch_irq_is_enabled
                0x00000000000011e4       0x1c zephyr/arch/arch/arm/core/cortex_m/libarch__arm__core__cortex_m.a(irq_manage.c.obj)
                0x00000000000011e4                arch_irq_is_enabled
 .text.z_arm_irq_priority_set
                0x0000000000001200       0x30 zephyr/arch/arch/arm/core/cortex_m/libarch__arm__core__cortex_m.a(irq_manage.c.obj)
                0x0000000000001200                z_arm_irq_priority_set
 .text.z_prep_c
                0x0000000000001230       0x38 zephyr/arch/arch/arm/core/cortex_m/libarch__arm__core__cortex_m.a(prep_c.c.obj)
                0x0000000000001230                z_prep_c
 .text.arch_new_thread
                0x0000000000001268       0x38 zephyr/arch/arch/arm/core/cortex_m/libarch__arm__core__cortex_m.a(thread.c.obj)
                0x0000000000001268                arch_new_thread
 .text.z_check_thread_stack_fail
                0x00000000000012a0       0x2c zephyr/arch/arch/arm/core/cortex_m/libarch__arm__core__cortex_m.a(thread.c.obj)
                0x00000000000012a0                z_check_thread_stack_fail
 .text.arch_switch_to_main_thread
                0x00000000000012cc       0x44 zephyr/arch/arch/arm/core/cortex_m/libarch__arm__core__cortex_m.a(thread.c.obj)
                0x00000000000012cc                arch_switch_to_main_thread
 .text.z_arm_cpu_idle_init
                0x0000000000001310        0xc zephyr/arch/arch/arm/core/cortex_m/libarch__arm__core__cortex_m.a(cpu_idle.c.obj)
                0x0000000000001310                z_arm_cpu_idle_init
 .text.z_arm_interrupt_init
                0x000000000000131c       0x18 zephyr/arch/arch/arm/core/cortex_m/libarch__arm__core__cortex_m.a(irq_init.c.obj)
                0x000000000000131c                z_arm_interrupt_init
 .text._isr_wrapper
                0x0000000000001334       0x24 zephyr/arch/arch/arm/core/cortex_m/libarch__arm__core__cortex_m.a(isr_wrapper.c.obj)
                0x0000000000001334                _isr_wrapper
 .text.z_arm_configure_static_mpu_regions
                0x0000000000001358       0x18 zephyr/arch/arch/arm/core/mpu/libarch__arm__core__mpu.a(arm_core_mpu.c.obj)
                0x0000000000001358                z_arm_configure_static_mpu_regions
 .text.z_arm_configure_dynamic_mpu_regions
                0x0000000000001370       0x20 zephyr/arch/arch/arm/core/mpu/libarch__arm__core__mpu.a(arm_core_mpu.c.obj)
                0x0000000000001370                z_arm_configure_dynamic_mpu_regions
 .text.region_init
                0x0000000000001390       0x28 zephyr/arch/arch/arm/core/mpu/libarch__arm__core__mpu.a(arm_mpu.c.obj)
 .text.mpu_configure_regions
                0x00000000000013b8       0x6c zephyr/arch/arch/arm/core/mpu/libarch__arm__core__mpu.a(arm_mpu.c.obj)
 .text.arm_core_mpu_enable
                0x0000000000001424       0x18 zephyr/arch/arch/arm/core/mpu/libarch__arm__core__mpu.a(arm_mpu.c.obj)
                0x0000000000001424                arm_core_mpu_enable
 .text.arm_core_mpu_disable
                0x000000000000143c       0x14 zephyr/arch/arch/arm/core/mpu/libarch__arm__core__mpu.a(arm_mpu.c.obj)
                0x000000000000143c                arm_core_mpu_disable
 .text.arm_core_mpu_configure_static_mpu_regions
                0x0000000000001450       0x14 zephyr/arch/arch/arm/core/mpu/libarch__arm__core__mpu.a(arm_mpu.c.obj)
                0x0000000000001450                arm_core_mpu_configure_static_mpu_regions
 .text.arm_core_mpu_configure_dynamic_mpu_regions
                0x0000000000001464       0x38 zephyr/arch/arch/arm/core/mpu/libarch__arm__core__mpu.a(arm_mpu.c.obj)
                0x0000000000001464                arm_core_mpu_configure_dynamic_mpu_regions
 .text.z_arm_mpu_init
                0x000000000000149c      0x168 zephyr/arch/arch/arm/core/mpu/libarch__arm__core__mpu.a(arm_mpu.c.obj)
                0x000000000000149c                z_arm_mpu_init
 .text.z_impl_zephyr_fputc
                0x0000000000001604       0x10 zephyr/lib/libc/picolibc/liblib__libc__picolibc.a(libc-hooks.c.obj)
                0x0000000000001604                z_impl_zephyr_fputc
 .text.__stdout_hook_install
                0x0000000000001614       0x18 zephyr/lib/libc/picolibc/liblib__libc__picolibc.a(libc-hooks.c.obj)
                0x0000000000001614                __stdout_hook_install
 .text.malloc_prepare
                0x000000000000162c       0x24 zephyr/lib/libc/common/liblib__libc__common.a(malloc.c.obj)
 .text.nordicsemi_nrf52_init
                0x0000000000001650       0x10 zephyr/soc/soc/nrf52840/libsoc__nordic.a(soc.c.obj)
 .text.arch_busy_wait
                0x0000000000001660       0x14 zephyr/soc/soc/nrf52840/libsoc__nordic.a(soc.c.obj)
                0x0000000000001660                arch_busy_wait
 .text.board_init
                0x0000000000001674       0x44 zephyr/boards/arduino/nano_33_ble/libboards__arduino__nano_33_ble.a(board.c.obj)
 .text.onoff_stop
                0x00000000000016b8       0x28 zephyr/drivers/clock_control/libdrivers__clock_control.a(clock_control_nrf.c.obj)
 .text.onoff_start
                0x00000000000016e0       0x3c zephyr/drivers/clock_control/libdrivers__clock_control.a(clock_control_nrf.c.obj)
 .text.generic_hfclk_stop
                0x000000000000171c       0x34 zephyr/drivers/clock_control/libdrivers__clock_control.a(clock_control_nrf.c.obj)
 .text.clk_init
                0x0000000000001750       0x58 zephyr/drivers/clock_control/libdrivers__clock_control.a(clock_control_nrf.c.obj)
 .text.api_blocking_start
                0x00000000000017a8       0x34 zephyr/drivers/clock_control/libdrivers__clock_control.a(clock_control_nrf.c.obj)
 .text.clkstarted_handle.constprop.0
                0x00000000000017dc       0x4c zephyr/drivers/clock_control/libdrivers__clock_control.a(clock_control_nrf.c.obj)
 .text.generic_hfclk_start
                0x0000000000001828       0x78 zephyr/drivers/clock_control/libdrivers__clock_control.a(clock_control_nrf.c.obj)
 .text.clock_event_handler
                0x00000000000018a0       0x1c zephyr/drivers/clock_control/libdrivers__clock_control.a(clock_control_nrf.c.obj)
 .text.z_nrf_clock_control_get_onoff
                0x00000000000018bc       0x10 zephyr/drivers/clock_control/libdrivers__clock_control.a(clock_control_nrf.c.obj)
                0x00000000000018bc                z_nrf_clock_control_get_onoff
 .text.z_nrf_clock_control_lf_on
                0x00000000000018cc       0xfc zephyr/drivers/clock_control/libdrivers__clock_control.a(clock_control_nrf.c.obj)
                0x00000000000018cc                z_nrf_clock_control_lf_on
 .text.rtt_console_init
                0x00000000000019c8       0x18 zephyr/drivers/console/libdrivers__console.a(rtt_console.c.obj)
 .text.rtt_console_out
                0x00000000000019e0       0x48 zephyr/drivers/console/libdrivers__console.a(rtt_console.c.obj)
 .text.gpio_nrfx_pin_interrupt_configure
                0x0000000000001a28      0x100 zephyr/drivers/gpio/libdrivers__gpio.a(gpio_nrfx.c.obj)
 .text.gpio_nrfx_init
                0x0000000000001b28       0x48 zephyr/drivers/gpio/libdrivers__gpio.a(gpio_nrfx.c.obj)
 .text.nrfx_gpio_handler
                0x0000000000001b70       0x4c zephyr/drivers/gpio/libdrivers__gpio.a(gpio_nrfx.c.obj)
 .text.gpio_nrfx_pin_configure
                0x0000000000001bbc      0x18c zephyr/drivers/gpio/libdrivers__gpio.a(gpio_nrfx.c.obj)
 .text.event_handler
                0x0000000000001d48       0x38 zephyr/drivers/i2c/libdrivers__i2c.a(i2c_nrfx_twim.c.obj)
 .text.i2c_nrfx_twim_transfer
                0x0000000000001d80      0x148 zephyr/drivers/i2c/libdrivers__i2c.a(i2c_nrfx_twim.c.obj)
 .text.i2c_nrfx_twim_recover_bus
                0x0000000000001ec8       0x40 zephyr/drivers/i2c/libdrivers__i2c.a(i2c_nrfx_twim_common.c.obj)
                0x0000000000001ec8                i2c_nrfx_twim_recover_bus
 .text.i2c_nrfx_twim_msg_transfer
                0x0000000000001f08       0x6c zephyr/drivers/i2c/libdrivers__i2c.a(i2c_nrfx_twim_common.c.obj)
                0x0000000000001f08                i2c_nrfx_twim_msg_transfer
 .text.i2c_nrfx_twim_common_init
                0x0000000000001f74       0x40 zephyr/drivers/i2c/libdrivers__i2c.a(i2c_nrfx_twim_common.c.obj)
                0x0000000000001f74                i2c_nrfx_twim_common_init
 .text.nrf_gpio_pin_port_decode
                0x0000000000001fb4       0x20 zephyr/drivers/pinctrl/libdrivers__pinctrl.a(pinctrl_nrf.c.obj)
 .text.pinctrl_configure_pins
                0x0000000000001fd4      0x17c zephyr/drivers/pinctrl/libdrivers__pinctrl.a(pinctrl_nrf.c.obj)
                0x0000000000001fd4                pinctrl_configure_pins
 .text.regulator_delay
                0x0000000000002150       0x2c zephyr/drivers/regulator/libdrivers__regulator.a(regulator_common.c.obj)
 .text.hfclk_on_callback
                0x000000000000217c        0xc zephyr/drivers/sensor/nordic/temp/libdrivers__sensor__nordic__temp.a(temp_nrf5.c.obj)
 .text.temp_nrf5_channel_get
                0x0000000000002188       0x2c zephyr/drivers/sensor/nordic/temp/libdrivers__sensor__nordic__temp.a(temp_nrf5.c.obj)
 .text.temp_nrf5_isr
                0x00000000000021b4       0x18 zephyr/drivers/sensor/nordic/temp/libdrivers__sensor__nordic__temp.a(temp_nrf5.c.obj)
 .text.temp_nrf5_sample_fetch
                0x00000000000021cc       0x78 zephyr/drivers/sensor/nordic/temp/libdrivers__sensor__nordic__temp.a(temp_nrf5.c.obj)
 .text.temp_nrf5_init
                0x0000000000002244       0x40 zephyr/drivers/sensor/nordic/temp/libdrivers__sensor__nordic__temp.a(temp_nrf5.c.obj)
 .text.hts221_channel_get
                0x0000000000002284       0x90 zephyr/drivers/sensor/st/hts221/libdrivers__sensor__st__hts221.a(hts221.c.obj)
 .text.hts221_init_interrupt
                0x0000000000002314       0xa4 zephyr/drivers/sensor/st/hts221/libdrivers__sensor__st__hts221.a(hts221_trigger.c.obj)
                0x0000000000002314                hts221_init_interrupt
 .text.lps22hb_channel_get
                0x00000000000023b8       0x54 zephyr/drivers/sensor/st/lps22hb/libdrivers__sensor__st__lps22hb.a(lps22hb.c.obj)
 .text.lsm9ds1_init
                0x000000000000240c       0xa8 zephyr/drivers/sensor/st/lsm9ds1/libdrivers__sensor__st__lsm9ds1.a(lsm9ds1.c.obj)
 .text.gpio_pin_interrupt_configure_dt.isra.0
                0x00000000000024b4       0x3c zephyr/drivers/sensor/apds9960/libdrivers__sensor__apds9960.a(apds9960.c.obj)
 .text.apds9960_init
                0x00000000000024f0      0x2c0 zephyr/drivers/sensor/apds9960/libdrivers__sensor__apds9960.a(apds9960.c.obj)
 .text.uart_nrfx_poll_in
                0x00000000000027b0       0x24 zephyr/drivers/serial/libdrivers__serial.a(uart_nrfx_uart.c.obj)
 .text.uart_nrfx_err_check
                0x00000000000027d4       0x10 zephyr/drivers/serial/libdrivers__serial.a(uart_nrfx_uart.c.obj)
 .text.uart_nrfx_poll_out
                0x00000000000027e4       0x7c zephyr/drivers/serial/libdrivers__serial.a(uart_nrfx_uart.c.obj)
 .text.uart_nrfx_init
                0x0000000000002860      0x1ac zephyr/drivers/serial/libdrivers__serial.a(uart_nrfx_uart.c.obj)
 .text.compare_int_lock
                0x0000000000002a0c       0x48 zephyr/drivers/timer/libdrivers__timer.a(nrf_rtc_timer.c.obj)
 .text.sys_clock_timeout_handler
                0x0000000000002a54       0x48 zephyr/drivers/timer/libdrivers__timer.a(nrf_rtc_timer.c.obj)
 .text.compare_int_unlock
                0x0000000000002a9c       0x5c zephyr/drivers/timer/libdrivers__timer.a(nrf_rtc_timer.c.obj)
 .text.z_nrf_rtc_timer_read
                0x0000000000002af8       0x44 zephyr/drivers/timer/libdrivers__timer.a(nrf_rtc_timer.c.obj)
                0x0000000000002af8                z_nrf_rtc_timer_read
 .text.compare_set
                0x0000000000002b3c      0x130 zephyr/drivers/timer/libdrivers__timer.a(nrf_rtc_timer.c.obj)
 .text.sys_clock_driver_init
                0x0000000000002c6c       0x90 zephyr/drivers/timer/libdrivers__timer.a(nrf_rtc_timer.c.obj)
 .text.rtc_nrf_isr
                0x0000000000002cfc       0xd4 zephyr/drivers/timer/libdrivers__timer.a(nrf_rtc_timer.c.obj)
                0x0000000000002cfc                rtc_nrf_isr
 .text.sys_clock_set_timeout
                0x0000000000002dd0       0x5c zephyr/drivers/timer/libdrivers__timer.a(nrf_rtc_timer.c.obj)
                0x0000000000002dd0                sys_clock_set_timeout
 .text.sys_clock_elapsed
                0x0000000000002e2c       0x14 zephyr/drivers/timer/libdrivers__timer.a(nrf_rtc_timer.c.obj)
                0x0000000000002e2c                sys_clock_elapsed
 .text.nrf52_errata_98
                0x0000000000002e40       0x24 modules/hal_nordic/nrfx/libmodules__hal_nordic__nrfx.a(system_nrf52840.c.obj)
 .text.nvmc_wait
                0x0000000000002e64       0x10 modules/hal_nordic/nrfx/libmodules__hal_nordic__nrfx.a(system_nrf52840.c.obj)
                0x0000000000002e64                nvmc_wait
 .text.SystemInit
                0x0000000000002e74      0x1bc modules/hal_nordic/nrfx/libmodules__hal_nordic__nrfx.a(system_nrf52840.c.obj)
                0x0000000000002e74                SystemInit
 .text.nrfx_flag32_alloc
                0x0000000000003030       0x48 modules/hal_nordic/nrfx/libmodules__hal_nordic__nrfx.a(nrfx_flag32_allocator.c.obj)
                0x0000000000003030                nrfx_flag32_alloc
 .text.nrfx_flag32_free
                0x0000000000003078       0x40 modules/hal_nordic/nrfx/libmodules__hal_nordic__nrfx.a(nrfx_flag32_allocator.c.obj)
                0x0000000000003078                nrfx_flag32_free
 .text.clock_stop
                0x00000000000030b8       0xc4 modules/hal_nordic/nrfx/libmodules__hal_nordic__nrfx.a(nrfx_clock.c.obj)
 .text.nrfx_clock_init
                0x000000000000317c       0x20 modules/hal_nordic/nrfx/libmodules__hal_nordic__nrfx.a(nrfx_clock.c.obj)
                0x000000000000317c                nrfx_clock_init
 .text.nrfx_clock_enable
                0x000000000000319c       0x24 modules/hal_nordic/nrfx/libmodules__hal_nordic__nrfx.a(nrfx_clock.c.obj)
                0x000000000000319c                nrfx_clock_enable
 .text.nrfx_clock_start
                0x00000000000031c0       0xa8 modules/hal_nordic/nrfx/libmodules__hal_nordic__nrfx.a(nrfx_clock.c.obj)
                0x00000000000031c0                nrfx_clock_start
 .text.nrfx_power_clock_irq_handler
                0x0000000000003268       0x68 modules/hal_nordic/nrfx/libmodules__hal_nordic__nrfx.a(nrfx_clock.c.obj)
                0x0000000000003268                nrfx_power_clock_irq_handler
 .text.nrf_gpio_pin_port_decode
                0x00000000000032d0       0x20 modules/hal_nordic/nrfx/libmodules__hal_nordic__nrfx.a(nrfx_gpiote.c.obj)
 .text.get_pin_idx
                0x00000000000032f0       0x14 modules/hal_nordic/nrfx/libmodules__hal_nordic__nrfx.a(nrfx_gpiote.c.obj)
 .text.call_handler.constprop.0
                0x0000000000003304       0x40 modules/hal_nordic/nrfx/libmodules__hal_nordic__nrfx.a(nrfx_gpiote.c.obj)
 .text.pin_te_get.constprop.0
                0x0000000000003344       0x18 modules/hal_nordic/nrfx/libmodules__hal_nordic__nrfx.a(nrfx_gpiote.c.obj)
 .text.pin_is_output.constprop.0
                0x000000000000335c       0x18 modules/hal_nordic/nrfx/libmodules__hal_nordic__nrfx.a(nrfx_gpiote.c.obj)
 .text.pin_in_use_by_te.constprop.0
                0x0000000000003374       0x18 modules/hal_nordic/nrfx/libmodules__hal_nordic__nrfx.a(nrfx_gpiote.c.obj)
 .text.latch_pending_read_and_check
                0x000000000000338c       0x40 modules/hal_nordic/nrfx/libmodules__hal_nordic__nrfx.a(nrfx_gpiote.c.obj)
 .text.release_handler.isra.0
                0x00000000000033cc       0x58 modules/hal_nordic/nrfx/libmodules__hal_nordic__nrfx.a(nrfx_gpiote.c.obj)
 .text.__nrfy_internal_gpiote_events_process.constprop.0
                0x0000000000003424       0x5c modules/hal_nordic/nrfx/libmodules__hal_nordic__nrfx.a(nrfx_gpiote.c.obj)
 .text.pin_uninit
                0x0000000000003480       0x80 modules/hal_nordic/nrfx/libmodules__hal_nordic__nrfx.a(nrfx_gpiote.c.obj)
 .text.nrfx_gpiote_input_configure
                0x0000000000003500      0x174 modules/hal_nordic/nrfx/libmodules__hal_nordic__nrfx.a(nrfx_gpiote.c.obj)
                0x0000000000003500                nrfx_gpiote_input_configure
 .text.nrfx_gpiote_output_configure
                0x0000000000003674       0xfc modules/hal_nordic/nrfx/libmodules__hal_nordic__nrfx.a(nrfx_gpiote.c.obj)
                0x0000000000003674                nrfx_gpiote_output_configure
 .text.nrfx_gpiote_global_callback_set
                0x0000000000003770        0xc modules/hal_nordic/nrfx/libmodules__hal_nordic__nrfx.a(nrfx_gpiote.c.obj)
                0x0000000000003770                nrfx_gpiote_global_callback_set
 .text.nrfx_gpiote_channel_get
                0x000000000000377c       0x34 modules/hal_nordic/nrfx/libmodules__hal_nordic__nrfx.a(nrfx_gpiote.c.obj)
                0x000000000000377c                nrfx_gpiote_channel_get
 .text.nrfx_gpiote_init
                0x00000000000037b0       0x68 modules/hal_nordic/nrfx/libmodules__hal_nordic__nrfx.a(nrfx_gpiote.c.obj)
                0x00000000000037b0                nrfx_gpiote_init
 .text.nrfx_gpiote_init_check
                0x0000000000003818       0x14 modules/hal_nordic/nrfx/libmodules__hal_nordic__nrfx.a(nrfx_gpiote.c.obj)
                0x0000000000003818                nrfx_gpiote_init_check
 .text.nrfx_gpiote_channel_free
                0x000000000000382c        0xc modules/hal_nordic/nrfx/libmodules__hal_nordic__nrfx.a(nrfx_gpiote.c.obj)
                0x000000000000382c                nrfx_gpiote_channel_free
 .text.nrfx_gpiote_channel_alloc
                0x0000000000003838        0xc modules/hal_nordic/nrfx/libmodules__hal_nordic__nrfx.a(nrfx_gpiote.c.obj)
                0x0000000000003838                nrfx_gpiote_channel_alloc
 .text.nrfx_gpiote_trigger_enable
                0x0000000000003844       0xb0 modules/hal_nordic/nrfx/libmodules__hal_nordic__nrfx.a(nrfx_gpiote.c.obj)
                0x0000000000003844                nrfx_gpiote_trigger_enable
 .text.nrfx_gpiote_0_irq_handler
                0x00000000000038f4      0x1bc modules/hal_nordic/nrfx/libmodules__hal_nordic__nrfx.a(nrfx_gpiote.c.obj)
                0x00000000000038f4                nrfx_gpiote_0_irq_handler
 .text.nrf_gpio_cfg.constprop.0
                0x0000000000003ab0       0x48 modules/hal_nordic/nrfx/libmodules__hal_nordic__nrfx.a(nrfx_twim.c.obj)
 .text.twim_configure
                0x0000000000003af8       0x3c modules/hal_nordic/nrfx/libmodules__hal_nordic__nrfx.a(nrfx_twim.c.obj)
 .text.irq_handler
                0x0000000000003b34      0x16c modules/hal_nordic/nrfx/libmodules__hal_nordic__nrfx.a(nrfx_twim.c.obj)
 .text.nrfx_twim_init
                0x0000000000003ca0       0x74 modules/hal_nordic/nrfx/libmodules__hal_nordic__nrfx.a(nrfx_twim.c.obj)
                0x0000000000003ca0                nrfx_twim_init
 .text.nrfx_twim_enable
                0x0000000000003d14       0x20 modules/hal_nordic/nrfx/libmodules__hal_nordic__nrfx.a(nrfx_twim.c.obj)
                0x0000000000003d14                nrfx_twim_enable
 .text.nrfx_twim_disable
                0x0000000000003d34       0x68 modules/hal_nordic/nrfx/libmodules__hal_nordic__nrfx.a(nrfx_twim.c.obj)
                0x0000000000003d34                nrfx_twim_disable
 .text.nrfx_twim_xfer
                0x0000000000003d9c      0x350 modules/hal_nordic/nrfx/libmodules__hal_nordic__nrfx.a(nrfx_twim.c.obj)
                0x0000000000003d9c                nrfx_twim_xfer
 .text.nrfx_twim_0_irq_handler
                0x00000000000040ec       0x10 modules/hal_nordic/nrfx/libmodules__hal_nordic__nrfx.a(nrfx_twim.c.obj)
                0x00000000000040ec                nrfx_twim_0_irq_handler
 .text.nrfx_twim_1_irq_handler
                0x00000000000040fc       0x10 modules/hal_nordic/nrfx/libmodules__hal_nordic__nrfx.a(nrfx_twim.c.obj)
                0x00000000000040fc                nrfx_twim_1_irq_handler
 .text.nrf_gpio_pin_port_decode
                0x000000000000410c       0x20 modules/hal_nordic/nrfx/libmodules__hal_nordic__nrfx.a(nrfx_twi_twim.c.obj)
 .text.nrfx_twi_twim_bus_recover
                0x000000000000412c       0xdc modules/hal_nordic/nrfx/libmodules__hal_nordic__nrfx.a(nrfx_twi_twim.c.obj)
                0x000000000000412c                nrfx_twi_twim_bus_recover
 .text._DoInit  0x0000000000004208       0x68 modules/segger/libmodules__segger.a(SEGGER_RTT.c.obj)
 .text.SEGGER_RTT_WriteNoLock
                0x0000000000004270       0x58 modules/segger/libmodules__segger.a(SEGGER_RTT.c.obj)
                0x0000000000004270                SEGGER_RTT_WriteNoLock
 .text.SEGGER_RTT_Write
                0x00000000000042c8       0x34 modules/segger/libmodules__segger.a(SEGGER_RTT.c.obj)
                0x00000000000042c8                SEGGER_RTT_Write
 .text.z_fatal_error
                0x00000000000042fc       0x30 zephyr/kernel/libkernel.a(fatal.c.obj)
                0x00000000000042fc                z_fatal_error
 .text.z_sys_init_run_level
                0x000000000000432c       0x2c zephyr/kernel/libkernel.a(init.c.obj)
 .text.bg_thread_main
                0x0000000000004358       0xc4 zephyr/kernel/libkernel.a(init.c.obj)
 .text.z_bss_zero
                0x000000000000441c       0x18 zephyr/kernel/libkernel.a(init.c.obj)
                0x000000000000441c                z_bss_zero
 .text.z_init_cpu
                0x0000000000004434       0x70 zephyr/kernel/libkernel.a(init.c.obj)
                0x0000000000004434                z_init_cpu
 .text.z_cstart
                0x00000000000044a4       0xdc zephyr/kernel/libkernel.a(init.c.obj)
                0x00000000000044a4                z_cstart
 .text.__do_global_ctors_aux
                0x0000000000004580       0x1c zephyr/kernel/libkernel.a(init_static.c.obj)
                0x0000000000004580                __do_global_ctors_aux
 .text.__do_init_array_aux
                0x000000000000459c       0x1c zephyr/kernel/libkernel.a(init_static.c.obj)
                0x000000000000459c                __do_init_array_aux
 .text.init_mem_slab_obj_core_list
                0x00000000000045b8       0x24 zephyr/kernel/libkernel.a(mem_slab.c.obj)
 .text.k_mem_slab_alloc
                0x00000000000045dc       0x5c zephyr/kernel/libkernel.a(mem_slab.c.obj)
                0x00000000000045dc                k_mem_slab_alloc
 .text.z_impl_k_mutex_lock
                0x0000000000004638       0xf0 zephyr/kernel/libkernel.a(mutex.c.obj)
                0x0000000000004638                z_impl_k_mutex_lock
 .text.z_impl_k_mutex_unlock
                0x0000000000004728       0x78 zephyr/kernel/libkernel.a(mutex.c.obj)
                0x0000000000004728                z_impl_k_mutex_unlock
 .text.z_impl_k_sem_give
                0x00000000000047a0       0x48 zephyr/kernel/libkernel.a(sem.c.obj)
                0x00000000000047a0                z_impl_k_sem_give
 .text.z_impl_k_sem_take
                0x00000000000047e8       0x4c zephyr/kernel/libkernel.a(sem.c.obj)
                0x00000000000047e8                z_impl_k_sem_take
 .text.work_queue_main
                0x0000000000004834      0x144 zephyr/kernel/libkernel.a(work.c.obj)
 .text.submit_to_queue_locked
                0x0000000000004978       0xb4 zephyr/kernel/libkernel.a(work.c.obj)
 .text.k_work_submit
                0x0000000000004a2c        0xc zephyr/kernel/libkernel.a(work.c.obj)
                0x0000000000004a2c                k_work_submit
 .text.k_work_queue_start
                0x0000000000004a38       0x7c zephyr/kernel/libkernel.a(work.c.obj)
                0x0000000000004a38                k_work_queue_start
 .text.z_setup_new_thread
                0x0000000000004ab4       0x98 zephyr/kernel/libkernel.a(thread.c.obj)
                0x0000000000004ab4                z_setup_new_thread
 .text.z_impl_k_thread_create
                0x0000000000004b4c       0x58 zephyr/kernel/libkernel.a(thread.c.obj)
                0x0000000000004b4c                z_impl_k_thread_create
 .text.update_cache
                0x0000000000004ba4       0x3c zephyr/kernel/libkernel.a(sched.c.obj)
 .text.unready_thread
                0x0000000000004be0       0x30 zephyr/kernel/libkernel.a(sched.c.obj)
 .text.ready_thread
                0x0000000000004c10       0x68 zephyr/kernel/libkernel.a(sched.c.obj)
 .text.z_thread_halt
                0x0000000000004c78       0xdc zephyr/kernel/libkernel.a(sched.c.obj)
 .text.move_thread_to_end_of_prio_q
                0x0000000000004d54       0x74 zephyr/kernel/libkernel.a(sched.c.obj)
                0x0000000000004d54                move_thread_to_end_of_prio_q
 .text.z_pend_curr
                0x0000000000004dc8       0x58 zephyr/kernel/libkernel.a(sched.c.obj)
                0x0000000000004dc8                z_pend_curr
 .text.z_thread_prio_set
                0x0000000000004e20       0x88 zephyr/kernel/libkernel.a(sched.c.obj)
                0x0000000000004e20                z_thread_prio_set
 .text.z_reschedule
                0x0000000000004ea8       0x24 zephyr/kernel/libkernel.a(sched.c.obj)
                0x0000000000004ea8                z_reschedule
 .text.z_sched_start
                0x0000000000004ecc       0x3c zephyr/kernel/libkernel.a(sched.c.obj)
                0x0000000000004ecc                z_sched_start
 .text.z_reschedule_irqlock
                0x0000000000004f08       0x28 zephyr/kernel/libkernel.a(sched.c.obj)
                0x0000000000004f08                z_reschedule_irqlock
 .text.k_sched_lock
                0x0000000000004f30       0x28 zephyr/kernel/libkernel.a(sched.c.obj)
                0x0000000000004f30                k_sched_lock
 .text.k_sched_unlock
                0x0000000000004f58       0x40 zephyr/kernel/libkernel.a(sched.c.obj)
                0x0000000000004f58                k_sched_unlock
 .text.z_sched_init
                0x0000000000004f98       0x10 zephyr/kernel/libkernel.a(sched.c.obj)
                0x0000000000004f98                z_sched_init
 .text.z_impl_k_yield
                0x0000000000004fa8       0x7c zephyr/kernel/libkernel.a(sched.c.obj)
                0x0000000000004fa8                z_impl_k_yield
 .text.z_tick_sleep
                0x0000000000005024       0x88 zephyr/kernel/libkernel.a(sched.c.obj)
 .text.z_impl_k_sleep
                0x00000000000050ac       0x3c zephyr/kernel/libkernel.a(sched.c.obj)
                0x00000000000050ac                z_impl_k_sleep
 .text.z_impl_k_sched_current_thread_query
                0x00000000000050e8        0xc zephyr/kernel/libkernel.a(sched.c.obj)
                0x00000000000050e8                z_impl_k_sched_current_thread_query
 .text.z_sched_wait
                0x00000000000050f4       0x24 zephyr/kernel/libkernel.a(sched.c.obj)
                0x00000000000050f4                z_sched_wait
 .text.slice_timeout
                0x0000000000005118       0x20 zephyr/kernel/libkernel.a(timeslicing.c.obj)
 .text.thread_is_sliceable
                0x0000000000005138       0x3c zephyr/kernel/libkernel.a(timeslicing.c.obj)
                0x0000000000005138                thread_is_sliceable
 .text.z_reset_time_slice
                0x0000000000005174       0x50 zephyr/kernel/libkernel.a(timeslicing.c.obj)
                0x0000000000005174                z_reset_time_slice
 .text.z_time_slice
                0x00000000000051c4       0x60 zephyr/kernel/libkernel.a(timeslicing.c.obj)
                0x00000000000051c4                z_time_slice
 .text.z_data_copy
                0x0000000000005224       0x34 zephyr/kernel/libkernel.a(xip.c.obj)
                0x0000000000005224                z_data_copy
 .text.elapsed  0x0000000000005258       0x14 zephyr/kernel/libkernel.a(timeout.c.obj)
 .text.remove_timeout
                0x000000000000526c       0x38 zephyr/kernel/libkernel.a(timeout.c.obj)
 .text.next_timeout
                0x00000000000052a4       0x40 zephyr/kernel/libkernel.a(timeout.c.obj)
 .text.z_add_timeout
                0x00000000000052e4       0xf4 zephyr/kernel/libkernel.a(timeout.c.obj)
                0x00000000000052e4                z_add_timeout
 .text.sys_clock_announce
                0x00000000000053d8       0xd0 zephyr/kernel/libkernel.a(timeout.c.obj)
                0x00000000000053d8                sys_clock_announce
 .text.sys_clock_tick_get
                0x00000000000054a8       0x30 zephyr/kernel/libkernel.a(timeout.c.obj)
                0x00000000000054a8                sys_clock_tick_get
 .text.k_sys_work_q_init
                0x00000000000054d8       0x34 zephyr/kernel/libkernel.a(system_work_q.c.obj)
 .text.nrf_cc3xx_platform_init_no_rng
                0x000000000000550c       0x38 C:/Users/timrb/workspace/nrfxlib/crypto/nrf_cc310_platform/lib/cortex-m4/soft-float/no-interrupts/libnrf_cc310_platform_0.9.19.a(nrf_cc3xx_platform.c.obj)
                0x000000000000550c                nrf_cc3xx_platform_init_no_rng
 .text.nrf_cc3xx_platform_abort
                0x0000000000005544       0x24 C:/Users/timrb/workspace/nrfxlib/crypto/nrf_cc310_platform/lib/cortex-m4/soft-float/no-interrupts/libnrf_cc310_platform_0.9.19.a(nrf_cc3xx_platform_abort.c.obj)
 .text.CC_PalAbort
                0x0000000000005568       0x34 C:/Users/timrb/workspace/nrfxlib/crypto/nrf_cc310_platform/lib/cortex-m4/soft-float/no-interrupts/libnrf_cc310_platform_0.9.19.a(nrf_cc3xx_platform_abort.c.obj)
                0x0000000000005568                CC_PalAbort
 .text.nrf_cc3xx_platform_set_abort
                0x000000000000559c       0x10 C:/Users/timrb/workspace/nrfxlib/crypto/nrf_cc310_platform/lib/cortex-m4/soft-float/no-interrupts/libnrf_cc310_platform_0.9.19.a(nrf_cc3xx_platform_abort.c.obj)
                0x000000000000559c                nrf_cc3xx_platform_set_abort
 .text.mutex_free
                0x00000000000055ac       0x34 C:/Users/timrb/workspace/nrfxlib/crypto/nrf_cc310_platform/lib/cortex-m4/soft-float/no-interrupts/libnrf_cc310_platform_0.9.19.a(nrf_cc3xx_platform_mutex.c.obj)
 .text.mutex_lock
                0x00000000000055e0       0x48 C:/Users/timrb/workspace/nrfxlib/crypto/nrf_cc310_platform/lib/cortex-m4/soft-float/no-interrupts/libnrf_cc310_platform_0.9.19.a(nrf_cc3xx_platform_mutex.c.obj)
 .text.mutex_unlock
                0x0000000000005628       0x38 C:/Users/timrb/workspace/nrfxlib/crypto/nrf_cc310_platform/lib/cortex-m4/soft-float/no-interrupts/libnrf_cc310_platform_0.9.19.a(nrf_cc3xx_platform_mutex.c.obj)
 .text.mutex_init
                0x0000000000005660       0x20 C:/Users/timrb/workspace/nrfxlib/crypto/nrf_cc310_platform/lib/cortex-m4/soft-float/no-interrupts/libnrf_cc310_platform_0.9.19.a(nrf_cc3xx_platform_mutex.c.obj)
 .text.nrf_cc3xx_platform_set_mutexes
                0x0000000000005680       0x74 C:/Users/timrb/workspace/nrfxlib/crypto/nrf_cc310_platform/lib/cortex-m4/soft-float/no-interrupts/libnrf_cc310_platform_0.9.19.a(nrf_cc3xx_platform_mutex.c.obj)
                0x0000000000005680                nrf_cc3xx_platform_set_mutexes
 .text.CC_LibInitNoRng
                0x00000000000056f4       0x64 C:/Users/timrb/workspace/nrfxlib/crypto/nrf_cc310_platform/lib/cortex-m4/soft-float/no-interrupts/libnrf_cc310_platform_0.9.19.a(cc_lib.c.obj)
                0x00000000000056f4                CC_LibInitNoRng
 .text.CC_HalInit
                0x0000000000005758        0x4 C:/Users/timrb/workspace/nrfxlib/crypto/nrf_cc310_platform/lib/cortex-m4/soft-float/no-interrupts/libnrf_cc310_platform_0.9.19.a(cc_hal.c.obj)
                0x0000000000005758                CC_HalInit
 .text.CC_HalTerminate
                0x000000000000575c        0x4 C:/Users/timrb/workspace/nrfxlib/crypto/nrf_cc310_platform/lib/cortex-m4/soft-float/no-interrupts/libnrf_cc310_platform_0.9.19.a(cc_hal.c.obj)
                0x000000000000575c                CC_HalTerminate
 .text.CC_HalMaskInterrupt
                0x0000000000005760        0xc C:/Users/timrb/workspace/nrfxlib/crypto/nrf_cc310_platform/lib/cortex-m4/soft-float/no-interrupts/libnrf_cc310_platform_0.9.19.a(cc_hal.c.obj)
                0x0000000000005760                CC_HalMaskInterrupt
 .text.CC_PalInit
                0x000000000000576c       0x5c C:/Users/timrb/workspace/nrfxlib/crypto/nrf_cc310_platform/lib/cortex-m4/soft-float/no-interrupts/libnrf_cc310_platform_0.9.19.a(cc_pal.c.obj)
                0x000000000000576c                CC_PalInit
 .text.CC_PalTerminate
                0x00000000000057c8       0x34 C:/Users/timrb/workspace/nrfxlib/crypto/nrf_cc310_platform/lib/cortex-m4/soft-float/no-interrupts/libnrf_cc310_platform_0.9.19.a(cc_pal.c.obj)
                0x00000000000057c8                CC_PalTerminate
 .text.CC_PalDmaInit
                0x00000000000057fc        0x4 C:/Users/timrb/workspace/nrfxlib/crypto/nrf_cc310_platform/lib/cortex-m4/soft-float/no-interrupts/libnrf_cc310_platform_0.9.19.a(cc_pal_dma.c.obj)
                0x00000000000057fc                CC_PalDmaInit
 .text.CC_PalDmaTerminate
                0x0000000000005800        0x4 C:/Users/timrb/workspace/nrfxlib/crypto/nrf_cc310_platform/lib/cortex-m4/soft-float/no-interrupts/libnrf_cc310_platform_0.9.19.a(cc_pal_dma.c.obj)
                0x0000000000005800                CC_PalDmaTerminate
 .text.CC_PalMutexCreate
                0x0000000000005804       0x14 C:/Users/timrb/workspace/nrfxlib/crypto/nrf_cc310_platform/lib/cortex-m4/soft-float/no-interrupts/libnrf_cc310_platform_0.9.19.a(cc_pal_mutex.c.obj)
                0x0000000000005804                CC_PalMutexCreate
 .text.CC_PalMutexDestroy
                0x0000000000005818       0x14 C:/Users/timrb/workspace/nrfxlib/crypto/nrf_cc310_platform/lib/cortex-m4/soft-float/no-interrupts/libnrf_cc310_platform_0.9.19.a(cc_pal_mutex.c.obj)
                0x0000000000005818                CC_PalMutexDestroy
 .text.CC_PalPowerSaveModeInit
                0x000000000000582c       0x3c C:/Users/timrb/workspace/nrfxlib/crypto/nrf_cc310_platform/lib/cortex-m4/soft-float/no-interrupts/libnrf_cc310_platform_0.9.19.a(cc_pal_pm.c.obj)
                0x000000000000582c                CC_PalPowerSaveModeInit
 .text.CC_PalPowerSaveModeSelect
                0x0000000000005868       0x84 C:/Users/timrb/workspace/nrfxlib/crypto/nrf_cc310_platform/lib/cortex-m4/soft-float/no-interrupts/libnrf_cc310_platform_0.9.19.a(cc_pal_pm.c.obj)
                0x0000000000005868                CC_PalPowerSaveModeSelect
 .text.__l_vfprintf
                0x00000000000058ec      0x4b8 c:\ncs\toolchains\b620d30767\opt\zephyr-sdk\arm-zephyr-eabi\bin\../lib/gcc/../../picolibc/arm-zephyr-eabi/lib/thumb/v7e-m/nofp\libc.a(libc_tinystdio_vflprintf.c.o)
                0x00000000000058ec                __l_vfprintf
 .text._OffsetAbsSyms
                0x0000000000005da4        0x2 zephyr/CMakeFiles/offsets.dir/./arch/arm/core/offsets/offsets.c.obj
                0x0000000000005da4                _OffsetAbsSyms
 .text.chunk_field
                0x0000000000005da6       0x16 zephyr/libzephyr.a(heap.c.obj)
 .text.chunk_set
                0x0000000000005dbc       0x16 zephyr/libzephyr.a(heap.c.obj)
 .text.chunk_size
                0x0000000000005dd2        0xc zephyr/libzephyr.a(heap.c.obj)
 .text.set_chunk_used
                0x0000000000005dde       0x30 zephyr/libzephyr.a(heap.c.obj)
 .text.set_chunk_size
                0x0000000000005e0e        0x8 zephyr/libzephyr.a(heap.c.obj)
 .text.bucket_idx.isra.0
                0x0000000000005e16       0x1c zephyr/libzephyr.a(heap.c.obj)
 .text.free_list_add
                0x0000000000005e32       0x84 zephyr/libzephyr.a(heap.c.obj)
 .text.sys_heap_init
                0x0000000000005eb6       0xb0 zephyr/libzephyr.a(heap.c.obj)
                0x0000000000005eb6                sys_heap_init
 .text.arch_printk_char_out
                0x0000000000005f66        0x4 zephyr/libzephyr.a(printk.c.obj)
                0x0000000000005f66                arch_printk_char_out
 .text.printk   0x0000000000005f6a       0x1a zephyr/libzephyr.a(printk.c.obj)
                0x0000000000005f6a                printk
 .text.process_recheck
                0x0000000000005f84       0x38 zephyr/libzephyr.a(onoff.c.obj)
 .text.validate_args
                0x0000000000005fbc       0x20 zephyr/libzephyr.a(onoff.c.obj)
 .text.notify_one
                0x0000000000005fdc       0x2c zephyr/libzephyr.a(onoff.c.obj)
 .text.transition_complete
                0x0000000000006008       0x1a zephyr/libzephyr.a(onoff.c.obj)
 .text.onoff_manager_init
                0x0000000000006022       0x26 zephyr/libzephyr.a(onoff.c.obj)
                0x0000000000006022                onoff_manager_init
 .text.onoff_request
                0x0000000000006048       0xae zephyr/libzephyr.a(onoff.c.obj)
                0x0000000000006048                onoff_request
 .text.onoff_release
                0x00000000000060f6       0x48 zephyr/libzephyr.a(onoff.c.obj)
                0x00000000000060f6                onoff_release
 .text.sys_notify_validate
                0x000000000000613e       0x22 zephyr/libzephyr.a(notify.c.obj)
                0x000000000000613e                sys_notify_validate
 .text.sys_notify_finalize
                0x0000000000006160       0x1a zephyr/libzephyr.a(notify.c.obj)
                0x0000000000006160                sys_notify_finalize
 .text._ConfigAbsSyms
                0x000000000000617a        0x2 zephyr/libzephyr.a(configs.c.obj)
                0x000000000000617a                _ConfigAbsSyms
 .text.hts221_read_reg
                0x000000000000617c       0x16 zephyr/libzephyr.a(hts221_reg.c.obj)
                0x000000000000617c                hts221_read_reg
 .text.hts221_write_reg
                0x0000000000006192       0x16 zephyr/libzephyr.a(hts221_reg.c.obj)
                0x0000000000006192                hts221_write_reg
 .text.hts221_data_rate_set
                0x00000000000061a8       0x2e zephyr/libzephyr.a(hts221_reg.c.obj)
                0x00000000000061a8                hts221_data_rate_set
 .text.hts221_block_data_update_set
                0x00000000000061d6       0x2e zephyr/libzephyr.a(hts221_reg.c.obj)
                0x00000000000061d6                hts221_block_data_update_set
 .text.hts221_device_id_get
                0x0000000000006204        0xe zephyr/libzephyr.a(hts221_reg.c.obj)
                0x0000000000006204                hts221_device_id_get
 .text.hts221_power_on_set
                0x0000000000006212       0x2e zephyr/libzephyr.a(hts221_reg.c.obj)
                0x0000000000006212                hts221_power_on_set
 .text.hts221_drdy_on_int_set
                0x0000000000006240       0x2e zephyr/libzephyr.a(hts221_reg.c.obj)
                0x0000000000006240                hts221_drdy_on_int_set
 .text.lsm9ds1_read_reg
                0x000000000000626e       0x16 zephyr/libzephyr.a(lsm9ds1_reg.c.obj)
                0x000000000000626e                lsm9ds1_read_reg
 .text.lsm9ds1_write_reg
                0x0000000000006284       0x16 zephyr/libzephyr.a(lsm9ds1_reg.c.obj)
                0x0000000000006284                lsm9ds1_write_reg
 .text.lsm9ds1_gy_full_scale_set
                0x000000000000629a       0x2e zephyr/libzephyr.a(lsm9ds1_reg.c.obj)
                0x000000000000629a                lsm9ds1_gy_full_scale_set
 .text.lsm9ds1_imu_data_rate_set
                0x00000000000062c8       0x84 zephyr/libzephyr.a(lsm9ds1_reg.c.obj)
                0x00000000000062c8                lsm9ds1_imu_data_rate_set
 .text.lsm9ds1_imu_data_rate_get
                0x000000000000634c       0xf8 zephyr/libzephyr.a(lsm9ds1_reg.c.obj)
                0x000000000000634c                lsm9ds1_imu_data_rate_get
 .text.lsm9ds1_xl_full_scale_set
                0x0000000000006444       0x2e zephyr/libzephyr.a(lsm9ds1_reg.c.obj)
                0x0000000000006444                lsm9ds1_xl_full_scale_set
 .text.lsm9ds1_angular_rate_raw_get
                0x0000000000006472       0x3c zephyr/libzephyr.a(lsm9ds1_reg.c.obj)
                0x0000000000006472                lsm9ds1_angular_rate_raw_get
 .text.lsm9ds1_acceleration_raw_get
                0x00000000000064ae       0x3c zephyr/libzephyr.a(lsm9ds1_reg.c.obj)
                0x00000000000064ae                lsm9ds1_acceleration_raw_get
 .text.abort_function
                0x00000000000064ea        0x2 zephyr/libzephyr.a(nrf_cc3xx_platform_abort_zephyr.c.obj)
 .text.z_arm_fatal_error
                0x00000000000064ec        0xc zephyr/arch/arch/arm/core/libarch__arm__core.a(fatal.c.obj)
                0x00000000000064ec                z_arm_fatal_error
 .text.z_do_kernel_oops
                0x00000000000064f8        0x8 zephyr/arch/arch/arm/core/libarch__arm__core.a(fatal.c.obj)
                0x00000000000064f8                z_do_kernel_oops
 .text.z_arm_nmi
                0x0000000000006500        0xe zephyr/arch/arch/arm/core/libarch__arm__core.a(nmi.c.obj)
                0x0000000000006500                z_arm_nmi
 .text.z_irq_spurious
                0x000000000000650e        0x8 zephyr/arch/arch/arm/core/cortex_m/libarch__arm__core__cortex_m.a(irq_manage.c.obj)
                0x000000000000650e                z_irq_spurious
 .text.arch_irq_unlock_outlined
                0x0000000000006516        0xe zephyr/arch/arch/arm/core/cortex_m/libarch__arm__core__cortex_m.a(thread.c.obj)
                0x0000000000006516                arch_irq_unlock_outlined
 .text.arch_cpu_idle
                0x0000000000006524       0x1a zephyr/arch/arch/arm/core/cortex_m/libarch__arm__core__cortex_m.a(cpu_idle.c.obj)
                0x0000000000006524                arch_cpu_idle
 .text.arch_cpu_atomic_idle
                0x000000000000653e       0x1e zephyr/arch/arch/arm/core/cortex_m/libarch__arm__core__cortex_m.a(cpu_idle.c.obj)
                0x000000000000653e                arch_cpu_atomic_idle
 .text.size_to_mpu_rasr_size
                0x000000000000655c       0x20 zephyr/arch/arch/arm/core/mpu/libarch__arm__core__mpu.a(arm_mpu.c.obj)
 .text.picolibc_put
                0x000000000000657c        0xa zephyr/lib/libc/picolibc/liblib__libc__picolibc.a(libc-hooks.c.obj)
 .text.gpio_pin_configure_dt
                0x0000000000006586       0x3e zephyr/boards/arduino/nano_33_ble/libboards__arduino__nano_33_ble.a(board.c.obj)
 .text.get_status
                0x00000000000065c4       0x12 zephyr/drivers/clock_control/libdrivers__clock_control.a(clock_control_nrf.c.obj)
 .text.stop     0x00000000000065d6       0x52 zephyr/drivers/clock_control/libdrivers__clock_control.a(clock_control_nrf.c.obj)
 .text.api_stop
                0x0000000000006628        0x6 zephyr/drivers/clock_control/libdrivers__clock_control.a(clock_control_nrf.c.obj)
 .text.async_start
                0x000000000000662e       0x5c zephyr/drivers/clock_control/libdrivers__clock_control.a(clock_control_nrf.c.obj)
 .text.api_start
                0x000000000000668a        0xe zephyr/drivers/clock_control/libdrivers__clock_control.a(clock_control_nrf.c.obj)
 .text.onoff_started_callback
                0x0000000000006698        0xc zephyr/drivers/clock_control/libdrivers__clock_control.a(clock_control_nrf.c.obj)
 .text.lfclk_start
                0x00000000000066a4        0x6 zephyr/drivers/clock_control/libdrivers__clock_control.a(clock_control_nrf.c.obj)
 .text.lfclk_stop
                0x00000000000066aa        0x6 zephyr/drivers/clock_control/libdrivers__clock_control.a(clock_control_nrf.c.obj)
 .text.blocking_start_callback
                0x00000000000066b0        0x6 zephyr/drivers/clock_control/libdrivers__clock_control.a(clock_control_nrf.c.obj)
 .text.gpio_nrfx_port_get_raw
                0x00000000000066b6        0xe zephyr/drivers/gpio/libdrivers__gpio.a(gpio_nrfx.c.obj)
 .text.gpio_nrfx_port_set_masked_raw
                0x00000000000066c4       0x18 zephyr/drivers/gpio/libdrivers__gpio.a(gpio_nrfx.c.obj)
 .text.gpio_nrfx_port_set_bits_raw
                0x00000000000066dc        0xc zephyr/drivers/gpio/libdrivers__gpio.a(gpio_nrfx.c.obj)
 .text.gpio_nrfx_port_clear_bits_raw
                0x00000000000066e8        0xc zephyr/drivers/gpio/libdrivers__gpio.a(gpio_nrfx.c.obj)
 .text.gpio_nrfx_port_toggle_bits
                0x00000000000066f4       0x1a zephyr/drivers/gpio/libdrivers__gpio.a(gpio_nrfx.c.obj)
 .text.gpio_nrfx_manage_callback
                0x000000000000670e       0x52 zephyr/drivers/gpio/libdrivers__gpio.a(gpio_nrfx.c.obj)
 .text.irq_connect0
                0x0000000000006760        0xa zephyr/drivers/i2c/libdrivers__i2c.a(i2c_nrfx_twim.c.obj)
 .text.irq_connect1
                0x000000000000676a        0xa zephyr/drivers/i2c/libdrivers__i2c.a(i2c_nrfx_twim.c.obj)
 .text.i2c_nrfx_twim_init
                0x0000000000006774       0x26 zephyr/drivers/i2c/libdrivers__i2c.a(i2c_nrfx_twim.c.obj)
 .text.pinctrl_apply_state.isra.0
                0x000000000000679a       0x1e zephyr/drivers/i2c/libdrivers__i2c.a(i2c_nrfx_twim_common.c.obj)
 .text.i2c_nrfx_twim_configure
                0x00000000000067b8       0x2e zephyr/drivers/i2c/libdrivers__i2c.a(i2c_nrfx_twim_common.c.obj)
                0x00000000000067b8                i2c_nrfx_twim_configure
 .text.twim_nrfx_pm_action
                0x00000000000067e6       0x32 zephyr/drivers/i2c/libdrivers__i2c.a(i2c_nrfx_twim_common.c.obj)
                0x00000000000067e6                twim_nrfx_pm_action
 .text.pinctrl_lookup_state
                0x0000000000006818       0x26 zephyr/drivers/pinctrl/libdrivers__pinctrl.a(common.c.obj)
                0x0000000000006818                pinctrl_lookup_state
 .text.regulator_common_data_init
                0x000000000000683e       0x10 zephyr/drivers/regulator/libdrivers__regulator.a(regulator_common.c.obj)
                0x000000000000683e                regulator_common_data_init
 .text.regulator_disable
                0x000000000000684e       0x54 zephyr/drivers/regulator/libdrivers__regulator.a(regulator_common.c.obj)
                0x000000000000684e                regulator_disable
 .text.regulator_set_voltage
                0x00000000000068a2       0x28 zephyr/drivers/regulator/libdrivers__regulator.a(regulator_common.c.obj)
                0x00000000000068a2                regulator_set_voltage
 .text.regulator_set_current_limit
                0x00000000000068ca       0x28 zephyr/drivers/regulator/libdrivers__regulator.a(regulator_common.c.obj)
                0x00000000000068ca                regulator_set_current_limit
 .text.regulator_set_mode
                0x00000000000068f2       0x3e zephyr/drivers/regulator/libdrivers__regulator.a(regulator_common.c.obj)
                0x00000000000068f2                regulator_set_mode
 .text.regulator_common_init
                0x0000000000006930       0xf4 zephyr/drivers/regulator/libdrivers__regulator.a(regulator_common.c.obj)
                0x0000000000006930                regulator_common_init
 .text.gpio_pin_set
                0x0000000000006a24       0x20 zephyr/drivers/regulator/libdrivers__regulator.a(regulator_fixed.c.obj)
 .text.regulator_fixed_enable
                0x0000000000006a44       0x1e zephyr/drivers/regulator/libdrivers__regulator.a(regulator_fixed.c.obj)
 .text.regulator_fixed_count_voltages
                0x0000000000006a62        0xe zephyr/drivers/regulator/libdrivers__regulator.a(regulator_fixed.c.obj)
 .text.regulator_fixed_list_voltage
                0x0000000000006a70       0x1a zephyr/drivers/regulator/libdrivers__regulator.a(regulator_fixed.c.obj)
 .text.regulator_fixed_init
                0x0000000000006a8a       0x56 zephyr/drivers/regulator/libdrivers__regulator.a(regulator_fixed.c.obj)
 .text.regulator_fixed_disable
                0x0000000000006ae0       0x16 zephyr/drivers/regulator/libdrivers__regulator.a(regulator_fixed.c.obj)
 .text.i2c_write_read.constprop.0
                0x0000000000006af6       0x38 zephyr/drivers/sensor/st/stmemsc/libdrivers__sensor__st__stmemsc.a(stmemsc_i2c.c.obj)
 .text.i2c_burst_write
                0x0000000000006b2e       0x3c zephyr/drivers/sensor/st/stmemsc/libdrivers__sensor__st__stmemsc.a(stmemsc_i2c.c.obj)
 .text.stmemsc_i2c_read
                0x0000000000006b6a       0x1c zephyr/drivers/sensor/st/stmemsc/libdrivers__sensor__st__stmemsc.a(stmemsc_i2c.c.obj)
                0x0000000000006b6a                stmemsc_i2c_read
 .text.stmemsc_i2c_write
                0x0000000000006b86       0x16 zephyr/drivers/sensor/st/stmemsc/libdrivers__sensor__st__stmemsc.a(stmemsc_i2c.c.obj)
                0x0000000000006b86                stmemsc_i2c_write
 .text.stmemsc_mdelay
                0x0000000000006b9c       0x26 zephyr/drivers/sensor/st/stmemsc/libdrivers__sensor__st__stmemsc.a(stmemsc_mdelay.c.obj)
                0x0000000000006b9c                stmemsc_mdelay
 .text.hts221_sample_fetch
                0x0000000000006bc2       0x28 zephyr/drivers/sensor/st/hts221/libdrivers__sensor__st__hts221.a(hts221.c.obj)
 .text.hts221_init
                0x0000000000006bea       0xae zephyr/drivers/sensor/st/hts221/libdrivers__sensor__st__hts221.a(hts221.c.obj)
                0x0000000000006bea                hts221_init
 .text.setup_drdy.isra.0
                0x0000000000006c98       0x44 zephyr/drivers/sensor/st/hts221/libdrivers__sensor__st__hts221.a(hts221_trigger.c.obj)
 .text.hts221_drdy_callback
                0x0000000000006cdc       0x1c zephyr/drivers/sensor/st/hts221/libdrivers__sensor__st__hts221.a(hts221_trigger.c.obj)
 .text.hts221_work_cb
                0x0000000000006cf8       0x24 zephyr/drivers/sensor/st/hts221/libdrivers__sensor__st__hts221.a(hts221_trigger.c.obj)
 .text.hts221_trigger_set
                0x0000000000006d1c       0x6a zephyr/drivers/sensor/st/hts221/libdrivers__sensor__st__hts221.a(hts221_trigger.c.obj)
                0x0000000000006d1c                hts221_trigger_set
 .text.i2c_write_read.constprop.0
                0x0000000000006d86       0x38 zephyr/drivers/sensor/st/lps22hb/libdrivers__sensor__st__lps22hb.a(lps22hb.c.obj)
 .text.lps22hb_sample_fetch
                0x0000000000006dbe       0x4c zephyr/drivers/sensor/st/lps22hb/libdrivers__sensor__st__lps22hb.a(lps22hb.c.obj)
 .text.i2c_reg_update_byte.constprop.0
                0x0000000000006e0a       0x6e zephyr/drivers/sensor/st/lps22hb/libdrivers__sensor__st__lps22hb.a(lps22hb.c.obj)
 .text.lps22hb_init
                0x0000000000006e78       0x6c zephyr/drivers/sensor/st/lps22hb/libdrivers__sensor__st__lps22hb.a(lps22hb.c.obj)
 .text.lsm9ds1_gyro_set_odr_raw
                0x0000000000006ee4       0x3c zephyr/drivers/sensor/st/lsm9ds1/libdrivers__sensor__st__lsm9ds1.a(lsm9ds1.c.obj)
 .text.lsm9ds1_accel_set_odr_raw
                0x0000000000006f20       0x3c zephyr/drivers/sensor/st/lsm9ds1/libdrivers__sensor__st__lsm9ds1.a(lsm9ds1.c.obj)
 .text.lsm9ds1_sample_fetch
                0x0000000000006f5c       0x36 zephyr/drivers/sensor/st/lsm9ds1/libdrivers__sensor__st__lsm9ds1.a(lsm9ds1.c.obj)
 .text.i2c_transfer
                0x0000000000006f92       0x1e zephyr/drivers/sensor/apds9960/libdrivers__sensor__apds9960.a(apds9960.c.obj)
 .text.apds9960_channel_get
                0x0000000000006fb0       0x36 zephyr/drivers/sensor/apds9960/libdrivers__sensor__apds9960.a(apds9960.c.obj)
 .text.apds9960_handle_cb
                0x0000000000006fe6       0x1e zephyr/drivers/sensor/apds9960/libdrivers__sensor__apds9960.a(apds9960.c.obj)
 .text.apds9960_gpio_callback
                0x0000000000007004        0x6 zephyr/drivers/sensor/apds9960/libdrivers__sensor__apds9960.a(apds9960.c.obj)
 .text.i2c_reg_write_byte_dt
                0x000000000000700a       0x28 zephyr/drivers/sensor/apds9960/libdrivers__sensor__apds9960.a(apds9960.c.obj)
 .text.i2c_reg_read_byte_dt
                0x0000000000007032       0x34 zephyr/drivers/sensor/apds9960/libdrivers__sensor__apds9960.a(apds9960.c.obj)
 .text.i2c_reg_update_byte_dt
                0x0000000000007066       0x78 zephyr/drivers/sensor/apds9960/libdrivers__sensor__apds9960.a(apds9960.c.obj)
 .text.apds9960_sample_fetch
                0x00000000000070de       0xd0 zephyr/drivers/sensor/apds9960/libdrivers__sensor__apds9960.a(apds9960.c.obj)
 .text.event_clear
                0x00000000000071ae       0x18 zephyr/drivers/timer/libdrivers__timer.a(nrf_rtc_timer.c.obj)
 .text.hw_cc3xx_init_internal
                0x00000000000071c6        0x4 modules/nrf/drivers/hw_cc3xx/lib..__nrf__drivers__hw_cc3xx.a(hw_cc3xx.c.obj)
 .text.hw_cc3xx_init
                0x00000000000071ca       0x12 modules/nrf/drivers/hw_cc3xx/lib..__nrf__drivers__hw_cc3xx.a(hw_cc3xx.c.obj)
 .text.nrfx_isr
                0x00000000000071dc        0x2 modules/hal_nordic/nrfx/libmodules__hal_nordic__nrfx.a(nrfx_glue.c.obj)
                0x00000000000071dc                nrfx_isr
 .text.nrfx_busy_wait
                0x00000000000071de        0x4 modules/hal_nordic/nrfx/libmodules__hal_nordic__nrfx.a(nrfx_glue.c.obj)
                0x00000000000071de                nrfx_busy_wait
 .text.nrfx_clock_stop
                0x00000000000071e2        0x4 modules/hal_nordic/nrfx/libmodules__hal_nordic__nrfx.a(nrfx_clock.c.obj)
                0x00000000000071e2                nrfx_clock_stop
 .text.nrf_gpio_reconfigure
                0x00000000000071e6       0x92 modules/hal_nordic/nrfx/libmodules__hal_nordic__nrfx.a(nrfx_gpiote.c.obj)
 .text.nrf_gpio_cfg_sense_set
                0x0000000000007278       0x1e modules/hal_nordic/nrfx/libmodules__hal_nordic__nrfx.a(nrfx_gpiote.c.obj)
 .text.pin_trigger_disable
                0x0000000000007296       0x48 modules/hal_nordic/nrfx/libmodules__hal_nordic__nrfx.a(nrfx_gpiote.c.obj)
 .text.nrfx_gpiote_pin_uninit
                0x00000000000072de        0x4 modules/hal_nordic/nrfx/libmodules__hal_nordic__nrfx.a(nrfx_gpiote.c.obj)
                0x00000000000072de                nrfx_gpiote_pin_uninit
 .text.nrfx_gpiote_trigger_disable
                0x00000000000072e2        0x4 modules/hal_nordic/nrfx/libmodules__hal_nordic__nrfx.a(nrfx_gpiote.c.obj)
                0x00000000000072e2                nrfx_gpiote_trigger_disable
 .text.xfer_completeness_check
                0x00000000000072e6       0x62 modules/hal_nordic/nrfx/libmodules__hal_nordic__nrfx.a(nrfx_twim.c.obj)
 .text.pins_configure
                0x0000000000007348       0x24 modules/hal_nordic/nrfx/libmodules__hal_nordic__nrfx.a(nrfx_twim.c.obj)
 .text.__nrfy_internal_twim_event_handle.isra.0
                0x000000000000736c       0x22 modules/hal_nordic/nrfx/libmodules__hal_nordic__nrfx.a(nrfx_twim.c.obj)
 .text.__nrfy_internal_twim_events_process.constprop.0
                0x000000000000738e       0x54 modules/hal_nordic/nrfx/libmodules__hal_nordic__nrfx.a(nrfx_twim.c.obj)
 .text.nrf_gpio_pin_set
                0x00000000000073e2       0x1a modules/hal_nordic/nrfx/libmodules__hal_nordic__nrfx.a(nrfx_twi_twim.c.obj)
 .text._GetAvailWriteSpace
                0x00000000000073fc       0x12 modules/segger/libmodules__segger.a(SEGGER_RTT.c.obj)
 .text._WriteNoCheck
                0x000000000000740e       0x3a modules/segger/libmodules__segger.a(SEGGER_RTT.c.obj)
 .text._WriteBlocking
                0x0000000000007448       0x5a modules/segger/libmodules__segger.a(SEGGER_RTT.c.obj)
 .text.SEGGER_RTT_Init
                0x00000000000074a2        0x4 modules/segger/libmodules__segger.a(SEGGER_RTT.c.obj)
                0x00000000000074a2                SEGGER_RTT_Init
 .text.rtt_init
                0x00000000000074a6        0xa modules/segger/libmodules__segger.a(SEGGER_RTT_zephyr.c.obj)
 .text.z_impl_k_busy_wait
                0x00000000000074b0        0x8 zephyr/kernel/libkernel.a(busy_wait.c.obj)
                0x00000000000074b0                z_impl_k_busy_wait
 .text.z_device_state_init
                0x00000000000074b8        0x2 zephyr/kernel/libkernel.a(device.c.obj)
                0x00000000000074b8                z_device_state_init
 .text.z_impl_device_is_ready
                0x00000000000074ba       0x16 zephyr/kernel/libkernel.a(device.c.obj)
                0x00000000000074ba                z_impl_device_is_ready
 .text.arch_system_halt
                0x00000000000074d0       0x10 zephyr/kernel/libkernel.a(fatal.c.obj)
                0x00000000000074d0                arch_system_halt
 .text.k_sys_fatal_error_handler
                0x00000000000074e0        0x6 zephyr/kernel/libkernel.a(fatal.c.obj)
                0x00000000000074e0                k_sys_fatal_error_handler
 .text.do_device_init
                0x00000000000074e6       0x30 zephyr/kernel/libkernel.a(init.c.obj)
 .text.z_early_memset
                0x0000000000007516        0x4 zephyr/kernel/libkernel.a(init.c.obj)
                0x0000000000007516                z_early_memset
 .text.z_early_memcpy
                0x000000000000751a        0x4 zephyr/kernel/libkernel.a(init.c.obj)
                0x000000000000751a                z_early_memcpy
 .text.z_init_static
                0x000000000000751e        0xe zephyr/kernel/libkernel.a(init_static.c.obj)
                0x000000000000751e                z_init_static
 .text.create_free_list
                0x000000000000752c       0x34 zephyr/kernel/libkernel.a(mem_slab.c.obj)
 .text.k_mem_slab_init
                0x0000000000007560       0x1e zephyr/kernel/libkernel.a(mem_slab.c.obj)
                0x0000000000007560                k_mem_slab_init
 .text.k_mem_slab_free
                0x000000000000757e       0x4a zephyr/kernel/libkernel.a(mem_slab.c.obj)
                0x000000000000757e                k_mem_slab_free
 .text.idle     0x00000000000075c8       0x16 zephyr/kernel/libkernel.a(idle.c.obj)
                0x00000000000075c8                idle
 .text.adjust_owner_prio.isra.0
                0x00000000000075de       0x10 zephyr/kernel/libkernel.a(mutex.c.obj)
 .text.z_impl_k_mutex_init
                0x00000000000075ee        0xe zephyr/kernel/libkernel.a(mutex.c.obj)
                0x00000000000075ee                z_impl_k_mutex_init
 .text.z_impl_k_sem_init
                0x00000000000075fc       0x18 zephyr/kernel/libkernel.a(sem.c.obj)
                0x00000000000075fc                z_impl_k_sem_init
 .text.flag_test_and_clear
                0x0000000000007614       0x16 zephyr/kernel/libkernel.a(work.c.obj)
 .text.notify_queue_locked.isra.0
                0x000000000000762a        0xe zephyr/kernel/libkernel.a(work.c.obj)
 .text.z_work_submit_to_queue
                0x0000000000007638       0x26 zephyr/kernel/libkernel.a(work.c.obj)
                0x0000000000007638                z_work_submit_to_queue
 .text.k_work_submit_to_queue
                0x000000000000765e       0x20 zephyr/kernel/libkernel.a(work.c.obj)
                0x000000000000765e                k_work_submit_to_queue
 .text.k_is_in_isr
                0x000000000000767e        0xc zephyr/kernel/libkernel.a(thread.c.obj)
                0x000000000000767e                k_is_in_isr
 .text.z_impl_k_thread_name_set
                0x000000000000768a        0x6 zephyr/kernel/libkernel.a(thread.c.obj)
                0x000000000000768a                z_impl_k_thread_name_set
 .text.z_impl_k_thread_start
                0x0000000000007690        0x4 zephyr/kernel/libkernel.a(thread.c.obj)
                0x0000000000007690                z_impl_k_thread_start
 .text.sys_dlist_remove
                0x0000000000007694       0x10 zephyr/kernel/libkernel.a(sched.c.obj)
 .text.unpend_thread_no_timeout
                0x00000000000076a4       0x14 zephyr/kernel/libkernel.a(sched.c.obj)
 .text.add_to_waitq_locked
                0x00000000000076b8       0x50 zephyr/kernel/libkernel.a(sched.c.obj)
 .text.z_ready_thread
                0x0000000000007708       0x1e zephyr/kernel/libkernel.a(sched.c.obj)
                0x0000000000007708                z_ready_thread
 .text.z_impl_k_thread_suspend
                0x0000000000007726       0x34 zephyr/kernel/libkernel.a(sched.c.obj)
                0x0000000000007726                z_impl_k_thread_suspend
 .text.z_sched_wake_thread
                0x000000000000775a       0x42 zephyr/kernel/libkernel.a(sched.c.obj)
                0x000000000000775a                z_sched_wake_thread
 .text.z_thread_timeout
                0x000000000000779c        0x8 zephyr/kernel/libkernel.a(sched.c.obj)
                0x000000000000779c                z_thread_timeout
 .text.z_unpend_first_thread
                0x00000000000077a4       0x36 zephyr/kernel/libkernel.a(sched.c.obj)
                0x00000000000077a4                z_unpend_first_thread
 .text.z_thread_abort
                0x00000000000077da       0x44 zephyr/kernel/libkernel.a(sched.c.obj)
                0x00000000000077da                z_thread_abort
 .text.z_sched_wake
                0x000000000000781e       0x44 zephyr/kernel/libkernel.a(sched.c.obj)
                0x000000000000781e                z_sched_wake
 .text.z_abort_timeout
                0x0000000000007862       0x2a zephyr/kernel/libkernel.a(timeout.c.obj)
                0x0000000000007862                z_abort_timeout
 .text.sys_clock_tick_get_32
                0x000000000000788c        0x8 zephyr/kernel/libkernel.a(timeout.c.obj)
                0x000000000000788c                sys_clock_tick_get_32
 .text.memcpy   0x0000000000007894       0x1c c:\ncs\toolchains\b620d30767\opt\zephyr-sdk\arm-zephyr-eabi\bin\../lib/gcc/../../picolibc/arm-zephyr-eabi/lib/thumb/v7e-m/nofp\libc.a(memcpy.c.o)
                0x0000000000007894                __aeabi_memcpy
                0x0000000000007894                __aeabi_memcpy4
                0x0000000000007894                __aeabi_memcpy8
                0x0000000000007894                memcpy
 .text.memset   0x00000000000078b0       0x10 c:\ncs\toolchains\b620d30767\opt\zephyr-sdk\arm-zephyr-eabi\bin\../lib/gcc/../../picolibc/arm-zephyr-eabi/lib/thumb/v7e-m/nofp\libc.a(memset.c.o)
                0x00000000000078b0                memset
 .text.strnlen  0x00000000000078c0       0x18 c:\ncs\toolchains\b620d30767\opt\zephyr-sdk\arm-zephyr-eabi\bin\../lib/gcc/../../picolibc/arm-zephyr-eabi/lib/thumb/v7e-m/nofp\libc.a(libc_string_strnlen.c.o)
                0x00000000000078c0                strnlen
 .text.__ultoa_invert
                0x00000000000078d8       0xae c:\ncs\toolchains\b620d30767\opt\zephyr-sdk\arm-zephyr-eabi\bin\../lib/gcc/../../picolibc/arm-zephyr-eabi/lib/thumb/v7e-m/nofp\libc.a(libc_tinystdio_vflprintf.c.o)
 *(SORT_BY_ALIGNMENT(.TEXT.*))
 *fill*         0x0000000000007986        0x2 
 .TEXT.__aeabi_read_tp
                0x0000000000007988        0xc zephyr/arch/arch/arm/core/cortex_m/libarch__arm__core__cortex_m.a(__aeabi_read_tp.S.obj)
                0x0000000000007988                __aeabi_read_tp
 *(SORT_BY_ALIGNMENT(.gnu.linkonce.t.*))
 *(SORT_BY_ALIGNMENT(.glue_7t))
 .glue_7t       0x0000000000007994        0x0 linker stubs
 *(SORT_BY_ALIGNMENT(.glue_7))
 .glue_7        0x0000000000007994        0x0 linker stubs
 *(SORT_BY_ALIGNMENT(.vfp11_veneer))
 .vfp11_veneer  0x0000000000007994        0x0 linker stubs
 *(SORT_BY_ALIGNMENT(.v4_bx))
 .v4_bx         0x0000000000007994        0x0 linker stubs
                0x0000000000007994                . = ALIGN (0x4)
                0x0000000000007994                __text_region_end = .

.ARM.extab
 *(SORT_BY_ALIGNMENT(.ARM.extab*) SORT_BY_ALIGNMENT(.gnu.linkonce.armextab.*))

.ARM.exidx      0x0000000000007994        0x8
                0x0000000000007994                __exidx_start = .
 *(SORT_BY_ALIGNMENT(.ARM.exidx*) SORT_BY_ALIGNMENT(gnu.linkonce.armexidx.*))
 .ARM.exidx     0x0000000000007994        0x8 c:/ncs/toolchains/b620d30767/opt/zephyr-sdk/arm-zephyr-eabi/bin/../lib/gcc/arm-zephyr-eabi/12.2.0/thumb/v7e-m/nofp\libgcc.a(_udivmoddi4.o)
                0x000000000000799c                __exidx_end = .
                0x000000000000799c                __rodata_region_start = .

initlevel       0x000000000000799c       0xb8
                0x000000000000799c                __init_start = .
                0x000000000000799c                __init_EARLY_start = .
 *(SORT_BY_NAME(SORT_BY_ALIGNMENT(.z_init_EARLY?_*)))
 *(SORT_BY_NAME(SORT_BY_ALIGNMENT(.z_init_EARLY??_*)))
                0x000000000000799c                __init_PRE_KERNEL_1_start = .
 *(SORT_BY_NAME(SORT_BY_ALIGNMENT(.z_init_PRE_KERNEL_1?_*)))
 .z_init_PRE_KERNEL_10_0_
                0x000000000000799c        0x8 zephyr/soc/soc/nrf52840/libsoc__nordic.a(soc.c.obj)
 *(SORT_BY_NAME(SORT_BY_ALIGNMENT(.z_init_PRE_KERNEL_1??_*)))
 .z_init_PRE_KERNEL_130_00070_
                0x00000000000079a4        0x8 zephyr/drivers/clock_control/libdrivers__clock_control.a(clock_control_nrf.c.obj)
 .z_init_PRE_KERNEL_130_0_
                0x00000000000079ac        0x8 modules/segger/libmodules__segger.a(SEGGER_RTT_zephyr.c.obj)
 .z_init_PRE_KERNEL_130_0_
                0x00000000000079b4        0x8 zephyr/kernel/libkernel.a(mem_slab.c.obj)
 .z_init_PRE_KERNEL_140_00008_
                0x00000000000079bc        0x8 zephyr/drivers/gpio/libdrivers__gpio.a(gpio_nrfx.c.obj)
 .z_init_PRE_KERNEL_140_00013_
                0x00000000000079c4        0x8 zephyr/drivers/gpio/libdrivers__gpio.a(gpio_nrfx.c.obj)
 .z_init_PRE_KERNEL_140_0_
                0x00000000000079cc        0x8 zephyr/drivers/console/libdrivers__console.a(rtt_console.c.obj)
 .z_init_PRE_KERNEL_140_0_
                0x00000000000079d4        0x8 modules/nrf/drivers/hw_cc3xx/lib..__nrf__drivers__hw_cc3xx.a(hw_cc3xx.c.obj)
 .z_init_PRE_KERNEL_150_00105_
                0x00000000000079dc        0x8 zephyr/drivers/serial/libdrivers__serial.a(uart_nrfx_uart.c.obj)
                0x00000000000079e4                __init_PRE_KERNEL_2_start = .
 *(SORT_BY_NAME(SORT_BY_ALIGNMENT(.z_init_PRE_KERNEL_2?_*)))
 .z_init_PRE_KERNEL_20_0_
                0x00000000000079e4        0x8 zephyr/drivers/timer/libdrivers__timer.a(nrf_rtc_timer.c.obj)
 *(SORT_BY_NAME(SORT_BY_ALIGNMENT(.z_init_PRE_KERNEL_2??_*)))
                0x00000000000079ec                __init_POST_KERNEL_start = .
 *(SORT_BY_NAME(SORT_BY_ALIGNMENT(.z_init_POST_KERNEL?_*)))
 *(SORT_BY_NAME(SORT_BY_ALIGNMENT(.z_init_POST_KERNEL??_*)))
 .z_init_POST_KERNEL35_0_
                0x00000000000079ec        0x8 zephyr/lib/libc/common/liblib__libc__common.a(malloc.c.obj)
 .z_init_POST_KERNEL40_0_
                0x00000000000079f4        0x8 modules/nrf/drivers/hw_cc3xx/lib..__nrf__drivers__hw_cc3xx.a(hw_cc3xx.c.obj)
 .z_init_POST_KERNEL40_0_
                0x00000000000079fc        0x8 zephyr/kernel/libkernel.a(system_work_q.c.obj)
 .z_init_POST_KERNEL50_00081_
                0x0000000000007a04        0x8 zephyr/drivers/i2c/libdrivers__i2c.a(i2c_nrfx_twim.c.obj)
 .z_init_POST_KERNEL50_00116_
                0x0000000000007a0c        0x8 zephyr/drivers/i2c/libdrivers__i2c.a(i2c_nrfx_twim.c.obj)
 .z_init_POST_KERNEL50_0_
                0x0000000000007a14        0x8 zephyr/boards/arduino/nano_33_ble/libboards__arduino__nano_33_ble.a(board.c.obj)
 .z_init_POST_KERNEL75_00009_
                0x0000000000007a1c        0x8 zephyr/drivers/regulator/libdrivers__regulator.a(regulator_fixed.c.obj)
 .z_init_POST_KERNEL75_00012_
                0x0000000000007a24        0x8 zephyr/drivers/regulator/libdrivers__regulator.a(regulator_fixed.c.obj)
 .z_init_POST_KERNEL90_00099_
                0x0000000000007a2c        0x8 zephyr/drivers/sensor/nordic/temp/libdrivers__sensor__nordic__temp.a(temp_nrf5.c.obj)
 .z_init_POST_KERNEL90_00117_
                0x0000000000007a34        0x8 zephyr/drivers/sensor/apds9960/libdrivers__sensor__apds9960.a(apds9960.c.obj)
 .z_init_POST_KERNEL90_00118_
                0x0000000000007a3c        0x8 zephyr/drivers/sensor/st/hts221/libdrivers__sensor__st__hts221.a(hts221.c.obj)
 .z_init_POST_KERNEL90_00119_
                0x0000000000007a44        0x8 zephyr/drivers/sensor/st/lps22hb/libdrivers__sensor__st__lps22hb.a(lps22hb.c.obj)
 .z_init_POST_KERNEL90_00120_
                0x0000000000007a4c        0x8 zephyr/drivers/sensor/st/lsm9ds1/libdrivers__sensor__st__lsm9ds1.a(lsm9ds1.c.obj)
                0x0000000000007a54                __init_APPLICATION_start = .
 *(SORT_BY_NAME(SORT_BY_ALIGNMENT(.z_init_APPLICATION?_*)))
 *(SORT_BY_NAME(SORT_BY_ALIGNMENT(.z_init_APPLICATION??_*)))
                0x0000000000007a54                __init_SMP_start = .
 *(SORT_BY_NAME(SORT_BY_ALIGNMENT(.z_init_SMP?_*)))
 *(SORT_BY_NAME(SORT_BY_ALIGNMENT(.z_init_SMP??_*)))
                0x0000000000007a54                __init_end = .
                0x0000000000007a54                __deferred_init_list_start = .
 *(SORT_BY_ALIGNMENT(.z_deferred_init*))
                0x0000000000007a54                __deferred_init_list_end = .

device_area     0x0000000000007a54      0x104
                0x0000000000007a54                _device_list_start = .
 *(SORT_BY_NAME(SORT_BY_ALIGNMENT(._device.static.*_?_*)))
 *(SORT_BY_NAME(SORT_BY_ALIGNMENT(._device.static.*_??_*)))
 ._device.static.1_30_
                0x0000000000007a54       0x14 zephyr/drivers/clock_control/libdrivers__clock_control.a(clock_control_nrf.c.obj)
                0x0000000000007a54                __device_dts_ord_70
 ._device.static.1_40_
                0x0000000000007a68       0x28 zephyr/drivers/gpio/libdrivers__gpio.a(gpio_nrfx.c.obj)
                0x0000000000007a68                __device_dts_ord_13
                0x0000000000007a7c                __device_dts_ord_8
 ._device.static.1_50_
                0x0000000000007a90       0x14 zephyr/drivers/serial/libdrivers__serial.a(uart_nrfx_uart.c.obj)
                0x0000000000007a90                __device_dts_ord_105
 ._device.static.3_50_
                0x0000000000007aa4       0x28 zephyr/drivers/i2c/libdrivers__i2c.a(i2c_nrfx_twim.c.obj)
                0x0000000000007aa4                __device_dts_ord_116
                0x0000000000007ab8                __device_dts_ord_81
 ._device.static.3_75_
                0x0000000000007acc       0x28 zephyr/drivers/regulator/libdrivers__regulator.a(regulator_fixed.c.obj)
                0x0000000000007acc                __device_dts_ord_9
                0x0000000000007ae0                __device_dts_ord_12
 ._device.static.3_90_
                0x0000000000007af4       0x14 zephyr/drivers/sensor/nordic/temp/libdrivers__sensor__nordic__temp.a(temp_nrf5.c.obj)
                0x0000000000007af4                __device_dts_ord_99
 ._device.static.3_90_
                0x0000000000007b08       0x14 zephyr/drivers/sensor/st/hts221/libdrivers__sensor__st__hts221.a(hts221.c.obj)
                0x0000000000007b08                __device_dts_ord_118
 ._device.static.3_90_
                0x0000000000007b1c       0x14 zephyr/drivers/sensor/st/lps22hb/libdrivers__sensor__st__lps22hb.a(lps22hb.c.obj)
                0x0000000000007b1c                __device_dts_ord_119
 ._device.static.3_90_
                0x0000000000007b30       0x14 zephyr/drivers/sensor/st/lsm9ds1/libdrivers__sensor__st__lsm9ds1.a(lsm9ds1.c.obj)
                0x0000000000007b30                __device_dts_ord_120
 ._device.static.3_90_
                0x0000000000007b44       0x14 zephyr/drivers/sensor/apds9960/libdrivers__sensor__apds9960.a(apds9960.c.obj)
                0x0000000000007b44                __device_dts_ord_117
                0x0000000000007b58                _device_list_end = .

sw_isr_table    0x0000000000007b58      0x180
                0x0000000000007b58                . = ALIGN (0x4)
 *(SORT_BY_ALIGNMENT(.gnu.linkonce.sw_isr_table*))
 .gnu.linkonce.sw_isr_table
                0x0000000000007b58      0x180 zephyr/arch/common/libisr_tables.a(isr_tables.c.obj)
                0x0000000000007b58                _sw_isr_table

initlevel_error
                0x000000000000799c        0x0
 *(SORT_BY_NAME(SORT_BY_ALIGNMENT(.z_init_[_A-Z0-9]*)))
                0x0000000000000001                ASSERT ((SIZEOF (initlevel_error) == 0x0), Undefined initialization levels used.)

app_shmem_regions
                0x0000000000007cd8        0x0
                0x0000000000007cd8                __app_shmem_regions_start = .
 *(SORT_BY_NAME(SORT_BY_ALIGNMENT(.app_regions.*)))
                0x0000000000007cd8                __app_shmem_regions_end = .

k_p4wq_initparam_area
                0x0000000000007cd8        0x0
                0x0000000000007cd8                _k_p4wq_initparam_list_start = .
 *(SORT_BY_NAME(SORT_BY_ALIGNMENT(._k_p4wq_initparam.static.*)))
                0x0000000000007cd8                _k_p4wq_initparam_list_end = .

_static_thread_data_area
                0x0000000000007cd8        0x0
                0x0000000000007cd8                __static_thread_data_list_start = .
 *(SORT_BY_NAME(SORT_BY_ALIGNMENT(.__static_thread_data.static.*)))
                0x0000000000007cd8                __static_thread_data_list_end = .

device_deps     0x0000000000007cd8        0x0
                0x0000000000007cd8                __device_deps_start = .
 *(SORT_BY_NAME(SORT_BY_ALIGNMENT(.__device_deps_pass2*)))
                0x0000000000007cd8                __device_deps_end = .

ztest           0x0000000000007cd8        0x0
                0x0000000000007cd8                _ztest_expected_result_entry_list_start = .
 *(SORT_BY_NAME(SORT_BY_ALIGNMENT(._ztest_expected_result_entry.static.*)))
                0x0000000000007cd8                _ztest_expected_result_entry_list_end = .
                0x0000000000007cd8                _ztest_suite_node_list_start = .
 *(SORT_BY_NAME(SORT_BY_ALIGNMENT(._ztest_suite_node.static.*)))
                0x0000000000007cd8                _ztest_suite_node_list_end = .
                0x0000000000007cd8                _ztest_unit_test_list_start = .
 *(SORT_BY_NAME(SORT_BY_ALIGNMENT(._ztest_unit_test.static.*)))
                0x0000000000007cd8                _ztest_unit_test_list_end = .
                0x0000000000007cd8                _ztest_test_rule_list_start = .
 *(SORT_BY_NAME(SORT_BY_ALIGNMENT(._ztest_test_rule.static.*)))
                0x0000000000007cd8                _ztest_test_rule_list_end = .

ctors           0x0000000000007cd8        0xc
                0x0000000000007cd8                . = ALIGN (0x4)
                0x0000000000007cd8                __ZEPHYR_CTOR_LIST__ = .
                0x0000000000007cd8        0x4 LONG 0x0 (((__ZEPHYR_CTOR_END__ - __ZEPHYR_CTOR_LIST__) / 0x4) - 0x2)
 *(SORT_BY_NAME(SORT_BY_ALIGNMENT(.ctors*)))
                0x0000000000007cdc                __CTOR_LIST__ = .
                0x0000000000007cdc        0x4 LONG 0x0
                0x0000000000007ce0                __ZEPHYR_CTOR_END__ = .
                0x0000000000007ce0        0x4 LONG 0x0
                0x0000000000007ce4                __CTOR_END__ = .

init_array      0x0000000000007ce4        0x0
                0x0000000000007ce4                . = ALIGN (0x4)
                0x0000000000007ce4                __init_array_start = .
                0x0000000000007ce4                __init_array_end = .
                0x0000000000007ce4                __zephyr_init_array_start = .
 *(SORT_BY_NAME(SORT_BY_ALIGNMENT(.init_array*)))
                0x0000000000007ce4                __zephyr_init_array_end = .

bt_l2cap_fixed_chan_area
                0x0000000000007ce4        0x0
                0x0000000000007ce4                _bt_l2cap_fixed_chan_list_start = .
 *(SORT_BY_NAME(SORT_BY_ALIGNMENT(._bt_l2cap_fixed_chan.static.*)))
                0x0000000000007ce4                _bt_l2cap_fixed_chan_list_end = .

bt_gatt_service_static_area
                0x0000000000007ce4        0x0
                0x0000000000007ce4                _bt_gatt_service_static_list_start = .
 *(SORT_BY_NAME(SORT_BY_ALIGNMENT(._bt_gatt_service_static.static.*)))
                0x0000000000007ce4                _bt_gatt_service_static_list_end = .

log_strings_area
                0x0000000000007ce4        0x0
                0x0000000000007ce4                _log_strings_list_start = .
 *(SORT_BY_NAME(SORT_BY_ALIGNMENT(._log_strings.static.*)))
                0x0000000000007ce4                _log_strings_list_end = .

log_const_area  0x0000000000007ce4        0x0
                0x0000000000007ce4                _log_const_list_start = .
 *(SORT_BY_NAME(SORT_BY_ALIGNMENT(._log_const.static.*)))
                0x0000000000007ce4                _log_const_list_end = .

log_backend_area
                0x0000000000007ce4        0x0
                0x0000000000007ce4                _log_backend_list_start = .
 *(SORT_BY_NAME(SORT_BY_ALIGNMENT(._log_backend.static.*)))
                0x0000000000007ce4                _log_backend_list_end = .

log_link_area   0x0000000000007ce4        0x0
                0x0000000000007ce4                _log_link_list_start = .
 *(SORT_BY_NAME(SORT_BY_ALIGNMENT(._log_link.static.*)))
                0x0000000000007ce4                _log_link_list_end = .

tracing_backend_area
                0x0000000000007ce4        0x0
                0x0000000000007ce4                _tracing_backend_list_start = .
 *(SORT_BY_NAME(SORT_BY_ALIGNMENT(._tracing_backend.static.*)))
                0x0000000000007ce4                _tracing_backend_list_end = .

zephyr_dbg_info
 *(SORT_BY_ALIGNMENT(.dbg_thread_info))

intc_table_area
                0x0000000000007ce4        0x0
                0x0000000000007ce4                _intc_table_list_start = .
 *(SORT_BY_NAME(SORT_BY_ALIGNMENT(._intc_table.static.*)))
                0x0000000000007ce4                _intc_table_list_end = .

symbol_to_keep  0x0000000000007ce4        0x0
                0x0000000000007ce4                __symbol_to_keep_start = .
 *(SORT_BY_NAME(SORT_BY_ALIGNMENT(.symbol_to_keep*)))
                0x0000000000007ce4                __symbol_to_keep_end = .

shell_area      0x0000000000007ce4        0x0
                0x0000000000007ce4                _shell_list_start = .
 *(SORT_BY_NAME(SORT_BY_ALIGNMENT(._shell.static.*)))
                0x0000000000007ce4                _shell_list_end = .

shell_root_cmds_area
                0x0000000000007ce4        0x0
                0x0000000000007ce4                _shell_root_cmds_list_start = .
 *(SORT_BY_NAME(SORT_BY_ALIGNMENT(._shell_root_cmds.static.*)))
                0x0000000000007ce4                _shell_root_cmds_list_end = .

shell_subcmds_area
                0x0000000000007ce4        0x0
                0x0000000000007ce4                _shell_subcmds_list_start = .
 *(SORT_BY_NAME(SORT_BY_ALIGNMENT(._shell_subcmds.static.*)))
                0x0000000000007ce4                _shell_subcmds_list_end = .

shell_dynamic_subcmds_area
                0x0000000000007ce4        0x0
                0x0000000000007ce4                _shell_dynamic_subcmds_list_start = .
 *(SORT_BY_NAME(SORT_BY_ALIGNMENT(._shell_dynamic_subcmds.static.*)))
                0x0000000000007ce4                _shell_dynamic_subcmds_list_end = .

cfb_font_area   0x0000000000007ce4        0x0
                0x0000000000007ce4                _cfb_font_list_start = .
 *(SORT_BY_NAME(SORT_BY_ALIGNMENT(._cfb_font.static.*)))
                0x0000000000007ce4                _cfb_font_list_end = .

tdata           0x0000000000007ce4        0x0
 *(SORT_BY_ALIGNMENT(.tdata) SORT_BY_ALIGNMENT(.tdata.*) SORT_BY_ALIGNMENT(.gnu.linkonce.td.*))

tbss            0x0000000000007ce4        0x4
 *(SORT_BY_ALIGNMENT(.tbss) SORT_BY_ALIGNMENT(.tbss.*) SORT_BY_ALIGNMENT(.gnu.linkonce.tb.*) SORT_BY_ALIGNMENT(.tcommon))
 .tbss.z_tls_current
                0x0000000000007ce4        0x4 zephyr/libzephyr.a(thread_entry.c.obj)
                0x0000000000007ce4                z_tls_current
                0x0000000000007ce4                PROVIDE (__tdata_start = LOADADDR (tdata))
                0x0000000000000001                PROVIDE (__tdata_align = ALIGNOF (tdata))
                0x0000000000000000                PROVIDE (__tdata_size = (((SIZEOF (tdata) + __tdata_align) - 0x1) & ~ ((__tdata_align - 0x1))))
                [!provide]                        PROVIDE (__tdata_end = (__tdata_start + __tdata_size))
                0x0000000000000004                PROVIDE (__tbss_align = ALIGNOF (tbss))
                [!provide]                        PROVIDE (__tbss_start = ADDR (tbss))
                0x0000000000000004                PROVIDE (__tbss_size = (((SIZEOF (tbss) + __tbss_align) - 0x1) & ~ ((__tbss_align - 0x1))))
                [!provide]                        PROVIDE (__tbss_end = (__tbss_start + __tbss_size))
                [!provide]                        PROVIDE (__tls_start = __tdata_start)
                [!provide]                        PROVIDE (__tls_end = __tbss_end)
                [!provide]                        PROVIDE (__tls_size = (__tbss_end - __tdata_start))

rodata          0x0000000000007cf0      0x654
 *(SORT_BY_ALIGNMENT(.rodata))
 .rodata        0x0000000000007cf0        0x8 zephyr/kernel/libkernel.a(system_work_q.c.obj)
 *(SORT_BY_ALIGNMENT(.rodata.*))
 *fill*         0x0000000000007cf8        0x8 
 .rodata.delay_machine_code.0
                0x0000000000007d00        0x6 zephyr/soc/soc/nrf52840/libsoc__nordic.a(soc.c.obj)
 *fill*         0x0000000000007d06        0x2 
 .rodata.mem_attr_region
                0x0000000000007d08        0x0 zephyr/libzephyr.a(mem_attr.c.obj)
 .rodata.apis   0x0000000000007d08        0x8 zephyr/libzephyr.a(nrf_cc3xx_platform_abort_zephyr.c.obj)
 .rodata.mutexes
                0x0000000000007d10       0x14 zephyr/libzephyr.a(nrf_cc3xx_platform_mutex_zephyr.c.obj)
 .rodata.mutex_apis